#-----------------------------------------------------------
# Vivado v2025.1 (64-bit)
# SW Build 6140274 on Thu May 22 00:12:29 MDT 2025
# IP Build 6138677 on Thu May 22 03:10:11 MDT 2025
# SharedData Build 6139179 on Tue May 20 17:58:58 MDT 2025
# Start of session at: Sun Apr 26 16:29:28 2026
# Process ID         : 34972
# Current directory  : D:/1012/project1
# Command line       : vivado.exe -mode batch -source .\scripts\run_vivado_multi_synth.tcl
# Log file           : D:/1012/project1/vivado.log
# Journal file       : D:/1012/project1\vivado.jou
# Running On         : DESKTOP-JH0OJSQ
# Platform           : Windows Server 2016 or Windows 10
# Operating System   : 26200
# Processor Detail   : AMD Ryzen 7 4800HS with Radeon Graphics         
# CPU Frequency      : 2895 MHz
# CPU Physical cores : 8
# CPU Logical cores  : 16
# Host memory        : 16556 MB
# Swap memory        : 11595 MB
# Total Virtual      : 28151 MB
# Available Virtual  : 5249 MB
#-----------------------------------------------------------
source {.\scripts\run_vivado_multi_synth.tcl}
# set root [file normalize [file join [file dirname [info script]] ..]]
# set proj_dir [file join $root build vivado_multi]
# file mkdir $proj_dir
# set tops [list \
#     cnn_compare_base_top \
#     cnn_compare_booth_top \
#     cnn_compare_booth_simd_top \
#     cnn_compare_booth_simd_pipe_top \
# ]
# proc read_all_sources {root} {
#     read_verilog [file join $root src baseline mul8.v]
#     read_verilog [file join $root src baseline add8.v]
#     read_verilog [file join $root src baseline relu_s20.v]
#     read_verilog [file join $root src baseline div4.v]
#     read_verilog [file join $root src optimized mul8_booth_wallace.v]
#     read_verilog [file join $root src baseline cnn_chain_core_base.v]
#     read_verilog [file join $root src baseline cnn_compare_base_top.v]
#     read_verilog [file join $root src optimized simd_add8x4.v]
#     read_verilog [file join $root src optimized simd_mul8x4.v]
#     read_verilog [file join $root src optimized simd_relu8x4.v]
#     read_verilog [file join $root src optimized simd_avgpool2x2_8bit.v]
#     read_verilog [file join $root src optimized cnn_chain_core_opt.v]
#     read_verilog [file join $root src optimized cnn_compare_opt_top.v]
#     read_verilog [file join $root src optimized cnn_compare_booth_top.v]
#     read_verilog [file join $root src optimized cnn_compare_booth_simd_top.v]
#     read_verilog [file join $root src optimized cnn_compare_booth_simd_pipe_top.v]
#     read_xdc [file join $root constraints project1.xdc]
# }
# foreach top $tops {
#     set prj_name "project1_${top}"
#     create_project $prj_name [file join $proj_dir $prj_name] -part xc7a200tfbg484-2 -force
#     read_all_sources $root
#     synth_design -top $top -part xc7a200tfbg484-2
#     report_utilization -file [file join $root build "${top}_utilization.rpt"]
#     report_timing_summary -file [file join $root build "${top}_timing_summary.rpt"]
#     write_checkpoint -force [file join $root build "${top}_synth.dcp"]
#     close_project
# }
create_project: Time (s): cpu = 00:00:08 ; elapsed = 00:00:07 . Memory (MB): peak = 498.016 ; gain = 213.391
Command: synth_design -top cnn_compare_base_top -part xc7a200tfbg484-2
Starting synth_design
Attempting to get a license for feature 'Synthesis' and/or device 'xc7a200t'
INFO: [Common 17-349] Got license for feature 'Synthesis' and/or device 'xc7a200t'
INFO: [Device 21-403] Loading part xc7a200tfbg484-2
INFO: [Synth 8-7079] Multithreading enabled for synth_design using a maximum of 2 processes.
INFO: [Synth 8-7078] Launching helper process for spawning children vivado processes
INFO: [Synth 8-7075] Helper process launched with PID 38484
---------------------------------------------------------------------------------
Starting RTL Elaboration : Time (s): cpu = 00:00:06 ; elapsed = 00:00:07 . Memory (MB): peak = 1228.855 ; gain = 493.125
---------------------------------------------------------------------------------
INFO: [Synth 8-6157] synthesizing module 'cnn_compare_base_top' [D:/1012/project1/src/baseline/cnn_compare_base_top.v:1]
INFO: [Synth 8-6157] synthesizing module 'cnn_chain_core_base' [D:/1012/project1/src/baseline/cnn_chain_core_base.v:1]
INFO: [Synth 8-6157] synthesizing module 'mul8' [D:/1012/project1/src/baseline/mul8.v:1]
INFO: [Synth 8-6155] done synthesizing module 'mul8' (0#1) [D:/1012/project1/src/baseline/mul8.v:1]
INFO: [Synth 8-6157] synthesizing module 'mul8_booth_wallace' [D:/1012/project1/src/optimized/mul8_booth_wallace.v:1]
INFO: [Synth 8-226] default block is never used [D:/1012/project1/src/optimized/mul8_booth_wallace.v:10]
INFO: [Synth 8-6155] done synthesizing module 'mul8_booth_wallace' (0#1) [D:/1012/project1/src/optimized/mul8_booth_wallace.v:1]
INFO: [Synth 8-6157] synthesizing module 'relu_s20' [D:/1012/project1/src/baseline/relu_s20.v:1]
INFO: [Synth 8-6155] done synthesizing module 'relu_s20' (0#1) [D:/1012/project1/src/baseline/relu_s20.v:1]
INFO: [Synth 8-6157] synthesizing module 'div4' [D:/1012/project1/src/baseline/div4.v:1]
INFO: [Synth 8-6155] done synthesizing module 'div4' (0#1) [D:/1012/project1/src/baseline/div4.v:1]
INFO: [Synth 8-6155] done synthesizing module 'cnn_chain_core_base' (0#1) [D:/1012/project1/src/baseline/cnn_chain_core_base.v:1]
INFO: [Synth 8-6155] done synthesizing module 'cnn_compare_base_top' (0#1) [D:/1012/project1/src/baseline/cnn_compare_base_top.v:1]
WARNING: [Synth 8-7129] Port x_u10[1] in module div4 is either unconnected or has no load
WARNING: [Synth 8-7129] Port x_u10[0] in module div4 is either unconnected or has no load
---------------------------------------------------------------------------------
Finished RTL Elaboration : Time (s): cpu = 00:00:07 ; elapsed = 00:00:09 . Memory (MB): peak = 1340.348 ; gain = 604.617
---------------------------------------------------------------------------------
---------------------------------------------------------------------------------
Start Handling Custom Attributes
---------------------------------------------------------------------------------
---------------------------------------------------------------------------------
Finished Handling Custom Attributes : Time (s): cpu = 00:00:07 ; elapsed = 00:00:09 . Memory (MB): peak = 1340.348 ; gain = 604.617
---------------------------------------------------------------------------------
---------------------------------------------------------------------------------
Finished RTL Optimization Phase 1 : Time (s): cpu = 00:00:07 ; elapsed = 00:00:09 . Memory (MB): peak = 1340.348 ; gain = 604.617
---------------------------------------------------------------------------------
Netlist sorting complete. Time (s): cpu = 00:00:00 ; elapsed = 00:00:00.013 . Memory (MB): peak = 1340.348 ; gain = 0.000
INFO: [Project 1-570] Preparing netlist for logic optimization

Processing XDC Constraints
Initializing timing engine
Parsing XDC File [D:/1012/project1/constraints/project1.xdc]
Finished Parsing XDC File [D:/1012/project1/constraints/project1.xdc]
Completed Processing XDC Constraints

Netlist sorting complete. Time (s): cpu = 00:00:00 ; elapsed = 00:00:00 . Memory (MB): peak = 1411.234 ; gain = 0.000
INFO: [Project 1-111] Unisim Transformation Summary:
No Unisim elements were transformed.

Constraint Validation Runtime : Time (s): cpu = 00:00:00 ; elapsed = 00:00:00.015 . Memory (MB): peak = 1411.234 ; gain = 0.000
---------------------------------------------------------------------------------
Finished Constraint Validation : Time (s): cpu = 00:00:17 ; elapsed = 00:00:19 . Memory (MB): peak = 1411.234 ; gain = 675.504
---------------------------------------------------------------------------------
---------------------------------------------------------------------------------
Start Loading Part and Timing Information
---------------------------------------------------------------------------------
Loading part: xc7a200tfbg484-2
---------------------------------------------------------------------------------
Finished Loading Part and Timing Information : Time (s): cpu = 00:00:17 ; elapsed = 00:00:19 . Memory (MB): peak = 1411.234 ; gain = 675.504
---------------------------------------------------------------------------------
---------------------------------------------------------------------------------
Start Applying 'set_property' XDC Constraints
---------------------------------------------------------------------------------
WARNING: set_property DONT_TOUCH could not find object (constraint file  D:/1012/project1/constraints/project1.xdc, line 7).
WARNING: set_property DONT_TOUCH could not find object (constraint file  D:/1012/project1/constraints/project1.xdc, line 7).
---------------------------------------------------------------------------------
Finished applying 'set_property' XDC Constraints : Time (s): cpu = 00:00:17 ; elapsed = 00:00:19 . Memory (MB): peak = 1411.234 ; gain = 675.504
---------------------------------------------------------------------------------
INFO: [Synth 8-802] inferred FSM for state register 'state_reg' in module 'cnn_chain_core_base'
---------------------------------------------------------------------------------------------------
                   State |                     New Encoding |                Previous Encoding 
---------------------------------------------------------------------------------------------------
                  S_IDLE |                            00001 |                              000
                  S_CONV |                            00010 |                              001
                  S_RELU |                            00100 |                              010
                  S_POOL |                            01000 |                              011
                  S_DONE |                            10000 |                              100
---------------------------------------------------------------------------------------------------
INFO: [Synth 8-3354] encoded FSM with state register 'state_reg' using encoding 'one-hot' in module 'cnn_chain_core_base'
---------------------------------------------------------------------------------
Finished RTL Optimization Phase 2 : Time (s): cpu = 00:00:18 ; elapsed = 00:00:20 . Memory (MB): peak = 1411.234 ; gain = 675.504
---------------------------------------------------------------------------------
---------------------------------------------------------------------------------
Start RTL Component Statistics 
---------------------------------------------------------------------------------
Detailed RTL Component Info : 
+---Adders : 
	   2 Input   20 Bit       Adders := 1     
	   2 Input   16 Bit       Adders := 1     
	   4 Input   10 Bit       Adders := 1     
	   2 Input    4 Bit       Adders := 2     
	   2 Input    2 Bit       Adders := 3     
+---XORs : 
	   3 Input     16 Bit         XORs := 2     
+---Registers : 
	               32 Bit    Registers := 1     
	               20 Bit    Registers := 9     
	                8 Bit    Registers := 9     
	                4 Bit    Registers := 2     
	                2 Bit    Registers := 3     
	                1 Bit    Registers := 1     
+---Muxes : 
	   5 Input   32 Bit        Muxes := 2     
	   5 Input   20 Bit        Muxes := 1     
	   2 Input   16 Bit        Muxes := 1     
	   2 Input    8 Bit        Muxes := 1     
	   5 Input    8 Bit        Muxes := 1     
	   2 Input    4 Bit        Muxes := 2     
	   5 Input    4 Bit        Muxes := 2     
	   5 Input    3 Bit        Muxes := 1     
	   2 Input    2 Bit        Muxes := 3     
	   5 Input    2 Bit        Muxes := 3     
	   2 Input    1 Bit        Muxes := 24    
	   5 Input    1 Bit        Muxes := 23    
---------------------------------------------------------------------------------
Finished RTL Component Statistics 
---------------------------------------------------------------------------------
---------------------------------------------------------------------------------
Start Part Resource Summary
---------------------------------------------------------------------------------
Part Resources:
DSPs: 740 (col length:100)
BRAMs: 730 (col length: RAMB18 100 RAMB36 50)
---------------------------------------------------------------------------------
Finished Part Resource Summary
---------------------------------------------------------------------------------
---------------------------------------------------------------------------------
Start Cross Boundary and Area Optimization
---------------------------------------------------------------------------------
WARNING: [Synth 8-7080] Parallel synthesis criteria is not met
---------------------------------------------------------------------------------
Finished Cross Boundary and Area Optimization : Time (s): cpu = 00:00:26 ; elapsed = 00:00:29 . Memory (MB): peak = 1466.707 ; gain = 730.977
---------------------------------------------------------------------------------
---------------------------------------------------------------------------------
Start Applying XDC Timing Constraints
---------------------------------------------------------------------------------
---------------------------------------------------------------------------------
Finished Applying XDC Timing Constraints : Time (s): cpu = 00:00:33 ; elapsed = 00:00:36 . Memory (MB): peak = 1547.535 ; gain = 811.805
---------------------------------------------------------------------------------
---------------------------------------------------------------------------------
Start Timing Optimization
---------------------------------------------------------------------------------
---------------------------------------------------------------------------------
Finished Timing Optimization : Time (s): cpu = 00:00:38 ; elapsed = 00:00:41 . Memory (MB): peak = 1675.012 ; gain = 939.281
---------------------------------------------------------------------------------
---------------------------------------------------------------------------------
Start Technology Mapping
---------------------------------------------------------------------------------
---------------------------------------------------------------------------------
Finished Technology Mapping : Time (s): cpu = 00:00:39 ; elapsed = 00:00:42 . Memory (MB): peak = 1675.012 ; gain = 939.281
---------------------------------------------------------------------------------
---------------------------------------------------------------------------------
Start IO Insertion
---------------------------------------------------------------------------------
---------------------------------------------------------------------------------
Start Flattening Before IO Insertion
---------------------------------------------------------------------------------
---------------------------------------------------------------------------------
Finished Flattening Before IO Insertion
---------------------------------------------------------------------------------
---------------------------------------------------------------------------------
Start Final Netlist Cleanup
---------------------------------------------------------------------------------
---------------------------------------------------------------------------------
Finished Final Netlist Cleanup
---------------------------------------------------------------------------------
---------------------------------------------------------------------------------
Finished IO Insertion : Time (s): cpu = 00:00:45 ; elapsed = 00:00:48 . Memory (MB): peak = 1828.570 ; gain = 1092.840
---------------------------------------------------------------------------------
---------------------------------------------------------------------------------
Start Renaming Generated Instances
---------------------------------------------------------------------------------
---------------------------------------------------------------------------------
Finished Renaming Generated Instances : Time (s): cpu = 00:00:45 ; elapsed = 00:00:48 . Memory (MB): peak = 1828.570 ; gain = 1092.840
---------------------------------------------------------------------------------
---------------------------------------------------------------------------------
Start Rebuilding User Hierarchy
---------------------------------------------------------------------------------
---------------------------------------------------------------------------------
Finished Rebuilding User Hierarchy : Time (s): cpu = 00:00:45 ; elapsed = 00:00:48 . Memory (MB): peak = 1828.570 ; gain = 1092.840
---------------------------------------------------------------------------------
---------------------------------------------------------------------------------
Start Renaming Generated Ports
---------------------------------------------------------------------------------
---------------------------------------------------------------------------------
Finished Renaming Generated Ports : Time (s): cpu = 00:00:45 ; elapsed = 00:00:48 . Memory (MB): peak = 1828.570 ; gain = 1092.840
---------------------------------------------------------------------------------
---------------------------------------------------------------------------------
Start Handling Custom Attributes
---------------------------------------------------------------------------------
---------------------------------------------------------------------------------
Finished Handling Custom Attributes : Time (s): cpu = 00:00:45 ; elapsed = 00:00:48 . Memory (MB): peak = 1828.570 ; gain = 1092.840
---------------------------------------------------------------------------------
---------------------------------------------------------------------------------
Start Renaming Generated Nets
---------------------------------------------------------------------------------
---------------------------------------------------------------------------------
Finished Renaming Generated Nets : Time (s): cpu = 00:00:45 ; elapsed = 00:00:48 . Memory (MB): peak = 1828.570 ; gain = 1092.840
---------------------------------------------------------------------------------
---------------------------------------------------------------------------------
Start Writing Synthesis Report
---------------------------------------------------------------------------------

Report BlackBoxes: 
+-+--------------+----------+
| |BlackBox name |Instances |
+-+--------------+----------+
+-+--------------+----------+

Report Cell Usage: 
+------+-------+------+
|      |Cell   |Count |
+------+-------+------+
|1     |BUFG   |     1|
|2     |CARRY4 |    26|
|3     |LUT1   |     2|
|4     |LUT2   |    63|
|5     |LUT3   |    36|
|6     |LUT4   |    85|
|7     |LUT5   |    52|
|8     |LUT6   |   460|
|9     |FDCE   |   303|
|10    |FDPE   |     1|
|11    |IBUF   |   275|
|12    |OBUF   |    33|
+------+-------+------+
---------------------------------------------------------------------------------
Finished Writing Synthesis Report : Time (s): cpu = 00:00:45 ; elapsed = 00:00:48 . Memory (MB): peak = 1828.570 ; gain = 1092.840
---------------------------------------------------------------------------------
Synthesis finished with 0 errors, 0 critical warnings and 1 warnings.
Synthesis Optimization Runtime : Time (s): cpu = 00:00:35 ; elapsed = 00:00:45 . Memory (MB): peak = 1828.570 ; gain = 1021.953
Synthesis Optimization Complete : Time (s): cpu = 00:00:45 ; elapsed = 00:00:48 . Memory (MB): peak = 1828.570 ; gain = 1092.840
INFO: [Project 1-571] Translating synthesized netlist
Netlist sorting complete. Time (s): cpu = 00:00:00 ; elapsed = 00:00:00.016 . Memory (MB): peak = 1837.770 ; gain = 0.000
INFO: [Netlist 29-17] Analyzing 26 Unisim elements for replacement
INFO: [Netlist 29-28] Unisim Transformation completed in 0 CPU seconds
INFO: [Project 1-570] Preparing netlist for logic optimization
Parsing XDC File [D:/1012/project1/constraints/project1.xdc]
Finished Parsing XDC File [D:/1012/project1/constraints/project1.xdc]
INFO: [Opt 31-138] Pushed 0 inverter(s) to 0 load pin(s).
Netlist sorting complete. Time (s): cpu = 00:00:00 ; elapsed = 00:00:00.001 . Memory (MB): peak = 1844.047 ; gain = 0.000
INFO: [Project 1-111] Unisim Transformation Summary:
No Unisim elements were transformed.

Synth Design complete | Checksum: a0f55107
INFO: [Common 17-83] Releasing license: Synthesis
29 Infos, 3 Warnings, 0 Critical Warnings and 0 Errors encountered.
synth_design completed successfully
synth_design: Time (s): cpu = 00:00:52 ; elapsed = 00:01:06 . Memory (MB): peak = 1844.047 ; gain = 1346.031
INFO: [Timing 38-35] Done setting XDC timing constraints.
INFO: [Timing 38-91] UpdateTimingParams: Speed grade: -2, Delay Type: min_max.
INFO: [Timing 38-191] Multithreading enabled for timing update using a maximum of 2 CPUs
report_timing_summary: Time (s): cpu = 00:00:08 ; elapsed = 00:00:09 . Memory (MB): peak = 2046.184 ; gain = 202.137
INFO: [Timing 38-480] Writing timing data to binary archive.
Write ShapeDB Complete: Time (s): cpu = 00:00:00 ; elapsed = 00:00:00.010 . Memory (MB): peak = 2046.445 ; gain = 0.016
INFO: [Common 17-1381] The checkpoint 'D:/1012/project1/build/cnn_compare_base_top_synth.dcp' has been generated.
Command: synth_design -top cnn_compare_booth_top -part xc7a200tfbg484-2
Starting synth_design
Attempting to get a license for feature 'Synthesis' and/or device 'xc7a200t'
INFO: [Common 17-349] Got license for feature 'Synthesis' and/or device 'xc7a200t'
INFO: [Synth 8-7079] Multithreading enabled for synth_design using a maximum of 2 processes.
---------------------------------------------------------------------------------
Starting RTL Elaboration : Time (s): cpu = 00:00:06 ; elapsed = 00:00:06 . Memory (MB): peak = 2046.445 ; gain = 0.000
---------------------------------------------------------------------------------
INFO: [Synth 8-6157] synthesizing module 'cnn_compare_booth_top' [D:/1012/project1/src/optimized/cnn_compare_booth_top.v:1]
INFO: [Synth 8-6157] synthesizing module 'cnn_chain_core_base' [D:/1012/project1/src/baseline/cnn_chain_core_base.v:1]
INFO: [Synth 8-6157] synthesizing module 'mul8' [D:/1012/project1/src/baseline/mul8.v:1]
INFO: [Synth 8-6155] done synthesizing module 'mul8' (0#1) [D:/1012/project1/src/baseline/mul8.v:1]
INFO: [Synth 8-6157] synthesizing module 'mul8_booth_wallace' [D:/1012/project1/src/optimized/mul8_booth_wallace.v:1]
INFO: [Synth 8-226] default block is never used [D:/1012/project1/src/optimized/mul8_booth_wallace.v:10]
INFO: [Synth 8-6155] done synthesizing module 'mul8_booth_wallace' (0#1) [D:/1012/project1/src/optimized/mul8_booth_wallace.v:1]
INFO: [Synth 8-6157] synthesizing module 'relu_s20' [D:/1012/project1/src/baseline/relu_s20.v:1]
INFO: [Synth 8-6155] done synthesizing module 'relu_s20' (0#1) [D:/1012/project1/src/baseline/relu_s20.v:1]
INFO: [Synth 8-6157] synthesizing module 'div4' [D:/1012/project1/src/baseline/div4.v:1]
INFO: [Synth 8-6155] done synthesizing module 'div4' (0#1) [D:/1012/project1/src/baseline/div4.v:1]
INFO: [Synth 8-6155] done synthesizing module 'cnn_chain_core_base' (0#1) [D:/1012/project1/src/baseline/cnn_chain_core_base.v:1]
INFO: [Synth 8-6155] done synthesizing module 'cnn_compare_booth_top' (0#1) [D:/1012/project1/src/optimized/cnn_compare_booth_top.v:1]
WARNING: [Synth 8-7129] Port x_u10[1] in module div4 is either unconnected or has no load
WARNING: [Synth 8-7129] Port x_u10[0] in module div4 is either unconnected or has no load
---------------------------------------------------------------------------------
Finished RTL Elaboration : Time (s): cpu = 00:00:08 ; elapsed = 00:00:08 . Memory (MB): peak = 2046.445 ; gain = 0.000
---------------------------------------------------------------------------------
---------------------------------------------------------------------------------
Start Handling Custom Attributes
---------------------------------------------------------------------------------
---------------------------------------------------------------------------------
Finished Handling Custom Attributes : Time (s): cpu = 00:00:08 ; elapsed = 00:00:08 . Memory (MB): peak = 2046.445 ; gain = 0.000
---------------------------------------------------------------------------------
---------------------------------------------------------------------------------
Finished RTL Optimization Phase 1 : Time (s): cpu = 00:00:08 ; elapsed = 00:00:08 . Memory (MB): peak = 2046.445 ; gain = 0.000
---------------------------------------------------------------------------------
Netlist sorting complete. Time (s): cpu = 00:00:00 ; elapsed = 00:00:00.013 . Memory (MB): peak = 2046.445 ; gain = 0.000
INFO: [Project 1-570] Preparing netlist for logic optimization

Processing XDC Constraints
Initializing timing engine
Parsing XDC File [D:/1012/project1/constraints/project1.xdc]
Finished Parsing XDC File [D:/1012/project1/constraints/project1.xdc]
Completed Processing XDC Constraints

Netlist sorting complete. Time (s): cpu = 00:00:00 ; elapsed = 00:00:00.001 . Memory (MB): peak = 2046.445 ; gain = 0.000
INFO: [Project 1-111] Unisim Transformation Summary:
No Unisim elements were transformed.

Constraint Validation Runtime : Time (s): cpu = 00:00:00 ; elapsed = 00:00:00.009 . Memory (MB): peak = 2046.445 ; gain = 0.000
---------------------------------------------------------------------------------
Finished Constraint Validation : Time (s): cpu = 00:00:17 ; elapsed = 00:00:18 . Memory (MB): peak = 2046.445 ; gain = 0.000
---------------------------------------------------------------------------------
---------------------------------------------------------------------------------
Start Loading Part and Timing Information
---------------------------------------------------------------------------------
Loading part: xc7a200tfbg484-2
---------------------------------------------------------------------------------
Finished Loading Part and Timing Information : Time (s): cpu = 00:00:17 ; elapsed = 00:00:18 . Memory (MB): peak = 2046.445 ; gain = 0.000
---------------------------------------------------------------------------------
---------------------------------------------------------------------------------
Start Applying 'set_property' XDC Constraints
---------------------------------------------------------------------------------
WARNING: set_property DONT_TOUCH could not find object (constraint file  D:/1012/project1/constraints/project1.xdc, line 7).
WARNING: set_property DONT_TOUCH could not find object (constraint file  D:/1012/project1/constraints/project1.xdc, line 7).
---------------------------------------------------------------------------------
Finished applying 'set_property' XDC Constraints : Time (s): cpu = 00:00:17 ; elapsed = 00:00:18 . Memory (MB): peak = 2046.445 ; gain = 0.000
---------------------------------------------------------------------------------
INFO: [Synth 8-802] inferred FSM for state register 'state_reg' in module 'cnn_chain_core_base'
---------------------------------------------------------------------------------------------------
                   State |                     New Encoding |                Previous Encoding 
---------------------------------------------------------------------------------------------------
                  S_IDLE |                            00001 |                              000
                  S_CONV |                            00010 |                              001
                  S_RELU |                            00100 |                              010
                  S_POOL |                            01000 |                              011
                  S_DONE |                            10000 |                              100
---------------------------------------------------------------------------------------------------
INFO: [Synth 8-3354] encoded FSM with state register 'state_reg' using encoding 'one-hot' in module 'cnn_chain_core_base'
---------------------------------------------------------------------------------
Finished RTL Optimization Phase 2 : Time (s): cpu = 00:00:18 ; elapsed = 00:00:19 . Memory (MB): peak = 2046.445 ; gain = 0.000
---------------------------------------------------------------------------------
---------------------------------------------------------------------------------
Start RTL Component Statistics 
---------------------------------------------------------------------------------
Detailed RTL Component Info : 
+---Adders : 
	   2 Input   20 Bit       Adders := 1     
	   2 Input   16 Bit       Adders := 1     
	   4 Input   10 Bit       Adders := 1     
	   2 Input    4 Bit       Adders := 2     
	   2 Input    2 Bit       Adders := 3     
+---XORs : 
	   3 Input     16 Bit         XORs := 2     
+---Registers : 
	               32 Bit    Registers := 1     
	               20 Bit    Registers := 9     
	                8 Bit    Registers := 9     
	                4 Bit    Registers := 2     
	                2 Bit    Registers := 3     
	                1 Bit    Registers := 1     
+---Muxes : 
	   5 Input   32 Bit        Muxes := 2     
	   5 Input   20 Bit        Muxes := 1     
	   2 Input   16 Bit        Muxes := 1     
	   2 Input    8 Bit        Muxes := 1     
	   5 Input    8 Bit        Muxes := 1     
	   2 Input    4 Bit        Muxes := 2     
	   5 Input    4 Bit        Muxes := 2     
	   5 Input    3 Bit        Muxes := 1     
	   2 Input    2 Bit        Muxes := 3     
	   5 Input    2 Bit        Muxes := 3     
	   2 Input    1 Bit        Muxes := 24    
	   5 Input    1 Bit        Muxes := 23    
---------------------------------------------------------------------------------
Finished RTL Component Statistics 
---------------------------------------------------------------------------------
---------------------------------------------------------------------------------
Start Part Resource Summary
---------------------------------------------------------------------------------
Part Resources:
DSPs: 740 (col length:100)
BRAMs: 730 (col length: RAMB18 100 RAMB36 50)
---------------------------------------------------------------------------------
Finished Part Resource Summary
---------------------------------------------------------------------------------
---------------------------------------------------------------------------------
Start Cross Boundary and Area Optimization
---------------------------------------------------------------------------------
WARNING: [Synth 8-7080] Parallel synthesis criteria is not met
---------------------------------------------------------------------------------
Finished Cross Boundary and Area Optimization : Time (s): cpu = 00:00:23 ; elapsed = 00:00:24 . Memory (MB): peak = 2046.445 ; gain = 0.000
---------------------------------------------------------------------------------
---------------------------------------------------------------------------------
Start Applying XDC Timing Constraints
---------------------------------------------------------------------------------
---------------------------------------------------------------------------------
Finished Applying XDC Timing Constraints : Time (s): cpu = 00:00:30 ; elapsed = 00:00:31 . Memory (MB): peak = 2046.445 ; gain = 0.000
---------------------------------------------------------------------------------
---------------------------------------------------------------------------------
Start Timing Optimization
---------------------------------------------------------------------------------
---------------------------------------------------------------------------------
Finished Timing Optimization : Time (s): cpu = 00:00:38 ; elapsed = 00:00:39 . Memory (MB): peak = 2046.445 ; gain = 0.000
---------------------------------------------------------------------------------
---------------------------------------------------------------------------------
Start Technology Mapping
---------------------------------------------------------------------------------
---------------------------------------------------------------------------------
Finished Technology Mapping : Time (s): cpu = 00:00:38 ; elapsed = 00:00:39 . Memory (MB): peak = 2046.445 ; gain = 0.000
---------------------------------------------------------------------------------
---------------------------------------------------------------------------------
Start IO Insertion
---------------------------------------------------------------------------------
---------------------------------------------------------------------------------
Start Flattening Before IO Insertion
---------------------------------------------------------------------------------
---------------------------------------------------------------------------------
Finished Flattening Before IO Insertion
---------------------------------------------------------------------------------
---------------------------------------------------------------------------------
Start Final Netlist Cleanup
---------------------------------------------------------------------------------
---------------------------------------------------------------------------------
Finished Final Netlist Cleanup
---------------------------------------------------------------------------------
---------------------------------------------------------------------------------
Finished IO Insertion : Time (s): cpu = 00:00:44 ; elapsed = 00:00:45 . Memory (MB): peak = 2046.445 ; gain = 0.000
---------------------------------------------------------------------------------
---------------------------------------------------------------------------------
Start Renaming Generated Instances
---------------------------------------------------------------------------------
---------------------------------------------------------------------------------
Finished Renaming Generated Instances : Time (s): cpu = 00:00:44 ; elapsed = 00:00:45 . Memory (MB): peak = 2046.445 ; gain = 0.000
---------------------------------------------------------------------------------
---------------------------------------------------------------------------------
Start Rebuilding User Hierarchy
---------------------------------------------------------------------------------
---------------------------------------------------------------------------------
Finished Rebuilding User Hierarchy : Time (s): cpu = 00:00:44 ; elapsed = 00:00:45 . Memory (MB): peak = 2046.445 ; gain = 0.000
---------------------------------------------------------------------------------
---------------------------------------------------------------------------------
Start Renaming Generated Ports
---------------------------------------------------------------------------------
---------------------------------------------------------------------------------
Finished Renaming Generated Ports : Time (s): cpu = 00:00:44 ; elapsed = 00:00:45 . Memory (MB): peak = 2046.445 ; gain = 0.000
---------------------------------------------------------------------------------
---------------------------------------------------------------------------------
Start Handling Custom Attributes
---------------------------------------------------------------------------------
---------------------------------------------------------------------------------
Finished Handling Custom Attributes : Time (s): cpu = 00:00:44 ; elapsed = 00:00:45 . Memory (MB): peak = 2046.445 ; gain = 0.000
---------------------------------------------------------------------------------
---------------------------------------------------------------------------------
Start Renaming Generated Nets
---------------------------------------------------------------------------------
---------------------------------------------------------------------------------
Finished Renaming Generated Nets : Time (s): cpu = 00:00:44 ; elapsed = 00:00:45 . Memory (MB): peak = 2046.445 ; gain = 0.000
---------------------------------------------------------------------------------
---------------------------------------------------------------------------------
Start Writing Synthesis Report
---------------------------------------------------------------------------------

Report BlackBoxes: 
+-+--------------+----------+
| |BlackBox name |Instances |
+-+--------------+----------+
+-+--------------+----------+

Report Cell Usage: 
+------+-------+------+
|      |Cell   |Count |
+------+-------+------+
|1     |BUFG   |     1|
|2     |CARRY4 |    14|
|3     |LUT1   |     2|
|4     |LUT2   |    39|
|5     |LUT3   |    34|
|6     |LUT4   |    62|
|7     |LUT5   |    57|
|8     |LUT6   |   370|
|9     |FDCE   |   303|
|10    |FDPE   |     1|
|11    |IBUF   |   275|
|12    |OBUF   |    33|
+------+-------+------+
---------------------------------------------------------------------------------
Finished Writing Synthesis Report : Time (s): cpu = 00:00:44 ; elapsed = 00:00:45 . Memory (MB): peak = 2046.445 ; gain = 0.000
---------------------------------------------------------------------------------
Synthesis finished with 0 errors, 0 critical warnings and 1 warnings.
Synthesis Optimization Runtime : Time (s): cpu = 00:00:33 ; elapsed = 00:00:42 . Memory (MB): peak = 2046.445 ; gain = 0.000
Synthesis Optimization Complete : Time (s): cpu = 00:00:44 ; elapsed = 00:00:45 . Memory (MB): peak = 2046.445 ; gain = 0.000
INFO: [Project 1-571] Translating synthesized netlist
Netlist sorting complete. Time (s): cpu = 00:00:00 ; elapsed = 00:00:00.011 . Memory (MB): peak = 2046.445 ; gain = 0.000
INFO: [Netlist 29-17] Analyzing 14 Unisim elements for replacement
INFO: [Netlist 29-28] Unisim Transformation completed in 0 CPU seconds
INFO: [Project 1-570] Preparing netlist for logic optimization
Parsing XDC File [D:/1012/project1/constraints/project1.xdc]
Finished Parsing XDC File [D:/1012/project1/constraints/project1.xdc]
INFO: [Opt 31-138] Pushed 0 inverter(s) to 0 load pin(s).
Netlist sorting complete. Time (s): cpu = 00:00:00 ; elapsed = 00:00:00 . Memory (MB): peak = 2046.445 ; gain = 0.000
INFO: [Project 1-111] Unisim Transformation Summary:
No Unisim elements were transformed.

Synth Design complete | Checksum: b731610a
INFO: [Common 17-83] Releasing license: Synthesis
26 Infos, 3 Warnings, 0 Critical Warnings and 0 Errors encountered.
synth_design completed successfully
synth_design: Time (s): cpu = 00:00:47 ; elapsed = 00:00:49 . Memory (MB): peak = 2046.445 ; gain = 0.000
INFO: [Timing 38-35] Done setting XDC timing constraints.
INFO: [Timing 38-91] UpdateTimingParams: Speed grade: -2, Delay Type: min_max.
INFO: [Timing 38-191] Multithreading enabled for timing update using a maximum of 2 CPUs
report_timing_summary: Time (s): cpu = 00:00:09 ; elapsed = 00:00:09 . Memory (MB): peak = 2054.879 ; gain = 8.434
INFO: [Timing 38-480] Writing timing data to binary archive.
Write ShapeDB Complete: Time (s): cpu = 00:00:00 ; elapsed = 00:00:00.011 . Memory (MB): peak = 2055.031 ; gain = 0.004
INFO: [Common 17-1381] The checkpoint 'D:/1012/project1/build/cnn_compare_booth_top_synth.dcp' has been generated.
Command: synth_design -top cnn_compare_booth_simd_top -part xc7a200tfbg484-2
Starting synth_design
Attempting to get a license for feature 'Synthesis' and/or device 'xc7a200t'
INFO: [Common 17-349] Got license for feature 'Synthesis' and/or device 'xc7a200t'
INFO: [Synth 8-7079] Multithreading enabled for synth_design using a maximum of 2 processes.
---------------------------------------------------------------------------------
Starting RTL Elaboration : Time (s): cpu = 00:00:06 ; elapsed = 00:00:06 . Memory (MB): peak = 2055.031 ; gain = 0.000
---------------------------------------------------------------------------------
INFO: [Synth 8-6157] synthesizing module 'cnn_compare_booth_simd_top' [D:/1012/project1/src/optimized/cnn_compare_booth_simd_top.v:1]
INFO: [Synth 8-6157] synthesizing module 'cnn_chain_core_opt' [D:/1012/project1/src/optimized/cnn_chain_core_opt.v:1]
INFO: [Synth 8-6157] synthesizing module 'cnn_chain_core_base' [D:/1012/project1/src/baseline/cnn_chain_core_base.v:1]
INFO: [Synth 8-6157] synthesizing module 'mul8' [D:/1012/project1/src/baseline/mul8.v:1]
INFO: [Synth 8-6155] done synthesizing module 'mul8' (0#1) [D:/1012/project1/src/baseline/mul8.v:1]
INFO: [Synth 8-6157] synthesizing module 'mul8_booth_wallace' [D:/1012/project1/src/optimized/mul8_booth_wallace.v:1]
INFO: [Synth 8-226] default block is never used [D:/1012/project1/src/optimized/mul8_booth_wallace.v:10]
INFO: [Synth 8-6155] done synthesizing module 'mul8_booth_wallace' (0#1) [D:/1012/project1/src/optimized/mul8_booth_wallace.v:1]
INFO: [Synth 8-6157] synthesizing module 'relu_s20' [D:/1012/project1/src/baseline/relu_s20.v:1]
INFO: [Synth 8-6155] done synthesizing module 'relu_s20' (0#1) [D:/1012/project1/src/baseline/relu_s20.v:1]
INFO: [Synth 8-6157] synthesizing module 'div4' [D:/1012/project1/src/baseline/div4.v:1]
INFO: [Synth 8-6155] done synthesizing module 'div4' (0#1) [D:/1012/project1/src/baseline/div4.v:1]
INFO: [Synth 8-6155] done synthesizing module 'cnn_chain_core_base' (0#1) [D:/1012/project1/src/baseline/cnn_chain_core_base.v:1]
INFO: [Synth 8-6155] done synthesizing module 'cnn_chain_core_opt' (0#1) [D:/1012/project1/src/optimized/cnn_chain_core_opt.v:1]
INFO: [Synth 8-6155] done synthesizing module 'cnn_compare_booth_simd_top' (0#1) [D:/1012/project1/src/optimized/cnn_compare_booth_simd_top.v:1]
WARNING: [Synth 8-7129] Port x_u10[1] in module div4 is either unconnected or has no load
WARNING: [Synth 8-7129] Port x_u10[0] in module div4 is either unconnected or has no load
---------------------------------------------------------------------------------
Finished RTL Elaboration : Time (s): cpu = 00:00:08 ; elapsed = 00:00:09 . Memory (MB): peak = 2055.031 ; gain = 0.000
---------------------------------------------------------------------------------
---------------------------------------------------------------------------------
Start Handling Custom Attributes
---------------------------------------------------------------------------------
---------------------------------------------------------------------------------
Finished Handling Custom Attributes : Time (s): cpu = 00:00:08 ; elapsed = 00:00:09 . Memory (MB): peak = 2055.031 ; gain = 0.000
---------------------------------------------------------------------------------
---------------------------------------------------------------------------------
Finished RTL Optimization Phase 1 : Time (s): cpu = 00:00:08 ; elapsed = 00:00:09 . Memory (MB): peak = 2055.031 ; gain = 0.000
---------------------------------------------------------------------------------
Netlist sorting complete. Time (s): cpu = 00:00:00 ; elapsed = 00:00:00.021 . Memory (MB): peak = 2055.031 ; gain = 0.000
INFO: [Project 1-570] Preparing netlist for logic optimization

Processing XDC Constraints
Initializing timing engine
Parsing XDC File [D:/1012/project1/constraints/project1.xdc]
Finished Parsing XDC File [D:/1012/project1/constraints/project1.xdc]
Completed Processing XDC Constraints

Netlist sorting complete. Time (s): cpu = 00:00:00 ; elapsed = 00:00:00 . Memory (MB): peak = 2059.688 ; gain = 0.000
INFO: [Project 1-111] Unisim Transformation Summary:
No Unisim elements were transformed.

Constraint Validation Runtime : Time (s): cpu = 00:00:00 ; elapsed = 00:00:00.012 . Memory (MB): peak = 2059.688 ; gain = 0.000
---------------------------------------------------------------------------------
Finished Constraint Validation : Time (s): cpu = 00:00:18 ; elapsed = 00:00:19 . Memory (MB): peak = 2059.688 ; gain = 4.656
---------------------------------------------------------------------------------
---------------------------------------------------------------------------------
Start Loading Part and Timing Information
---------------------------------------------------------------------------------
Loading part: xc7a200tfbg484-2
---------------------------------------------------------------------------------
Finished Loading Part and Timing Information : Time (s): cpu = 00:00:18 ; elapsed = 00:00:19 . Memory (MB): peak = 2059.688 ; gain = 4.656
---------------------------------------------------------------------------------
---------------------------------------------------------------------------------
Start Applying 'set_property' XDC Constraints
---------------------------------------------------------------------------------
WARNING: set_property DONT_TOUCH could not find object (constraint file  D:/1012/project1/constraints/project1.xdc, line 7).
WARNING: set_property DONT_TOUCH could not find object (constraint file  D:/1012/project1/constraints/project1.xdc, line 7).
---------------------------------------------------------------------------------
Finished applying 'set_property' XDC Constraints : Time (s): cpu = 00:00:18 ; elapsed = 00:00:19 . Memory (MB): peak = 2059.688 ; gain = 4.656
---------------------------------------------------------------------------------
INFO: [Synth 8-802] inferred FSM for state register 'state_reg' in module 'cnn_chain_core_base'
---------------------------------------------------------------------------------------------------
                   State |                     New Encoding |                Previous Encoding 
---------------------------------------------------------------------------------------------------
                  S_IDLE |                            00001 |                              000
                  S_CONV |                            00010 |                              001
                  S_RELU |                            00100 |                              010
                  S_POOL |                            01000 |                              011
                  S_DONE |                            10000 |                              100
---------------------------------------------------------------------------------------------------
INFO: [Synth 8-3354] encoded FSM with state register 'state_reg' using encoding 'one-hot' in module 'cnn_chain_core_base'
---------------------------------------------------------------------------------
Finished RTL Optimization Phase 2 : Time (s): cpu = 00:00:19 ; elapsed = 00:00:20 . Memory (MB): peak = 2059.688 ; gain = 4.656
---------------------------------------------------------------------------------
---------------------------------------------------------------------------------
Start RTL Component Statistics 
---------------------------------------------------------------------------------
Detailed RTL Component Info : 
+---Adders : 
	   2 Input   20 Bit       Adders := 1     
	   2 Input   16 Bit       Adders := 1     
	   4 Input   10 Bit       Adders := 5     
	   2 Input    4 Bit       Adders := 2     
	   2 Input    2 Bit       Adders := 3     
+---XORs : 
	   3 Input     16 Bit         XORs := 2     
+---Registers : 
	               32 Bit    Registers := 1     
	               20 Bit    Registers := 9     
	                8 Bit    Registers := 9     
	                4 Bit    Registers := 2     
	                3 Bit    Registers := 1     
	                2 Bit    Registers := 3     
	                1 Bit    Registers := 2     
+---Muxes : 
	   5 Input   32 Bit        Muxes := 2     
	   2 Input   32 Bit        Muxes := 1     
	   5 Input   20 Bit        Muxes := 1     
	   2 Input   16 Bit        Muxes := 1     
	   2 Input    8 Bit        Muxes := 19    
	   5 Input    8 Bit        Muxes := 1     
	   2 Input    4 Bit        Muxes := 2     
	   5 Input    4 Bit        Muxes := 2     
	   5 Input    3 Bit        Muxes := 1     
	   2 Input    3 Bit        Muxes := 2     
	   2 Input    2 Bit        Muxes := 3     
	   5 Input    2 Bit        Muxes := 3     
	   2 Input    1 Bit        Muxes := 27    
	   5 Input    1 Bit        Muxes := 23    
---------------------------------------------------------------------------------
Finished RTL Component Statistics 
---------------------------------------------------------------------------------
---------------------------------------------------------------------------------
Start Part Resource Summary
---------------------------------------------------------------------------------
Part Resources:
DSPs: 740 (col length:100)
BRAMs: 730 (col length: RAMB18 100 RAMB36 50)
---------------------------------------------------------------------------------
Finished Part Resource Summary
---------------------------------------------------------------------------------
---------------------------------------------------------------------------------
Start Cross Boundary and Area Optimization
---------------------------------------------------------------------------------
WARNING: [Synth 8-7080] Parallel synthesis criteria is not met
---------------------------------------------------------------------------------
Finished Cross Boundary and Area Optimization : Time (s): cpu = 00:00:33 ; elapsed = 00:00:35 . Memory (MB): peak = 2059.688 ; gain = 4.656
---------------------------------------------------------------------------------
---------------------------------------------------------------------------------
Start Applying XDC Timing Constraints
---------------------------------------------------------------------------------
---------------------------------------------------------------------------------
Finished Applying XDC Timing Constraints : Time (s): cpu = 00:00:48 ; elapsed = 00:00:49 . Memory (MB): peak = 2059.688 ; gain = 4.656
---------------------------------------------------------------------------------
---------------------------------------------------------------------------------
Start Timing Optimization
---------------------------------------------------------------------------------
---------------------------------------------------------------------------------
Finished Timing Optimization : Time (s): cpu = 00:00:50 ; elapsed = 00:00:52 . Memory (MB): peak = 2059.688 ; gain = 4.656
---------------------------------------------------------------------------------
---------------------------------------------------------------------------------
Start Technology Mapping
---------------------------------------------------------------------------------
---------------------------------------------------------------------------------
Finished Technology Mapping : Time (s): cpu = 00:00:53 ; elapsed = 00:00:55 . Memory (MB): peak = 2059.688 ; gain = 4.656
---------------------------------------------------------------------------------
---------------------------------------------------------------------------------
Start IO Insertion
---------------------------------------------------------------------------------
---------------------------------------------------------------------------------
Start Flattening Before IO Insertion
---------------------------------------------------------------------------------
---------------------------------------------------------------------------------
Finished Flattening Before IO Insertion
---------------------------------------------------------------------------------
---------------------------------------------------------------------------------
Start Final Netlist Cleanup
---------------------------------------------------------------------------------
---------------------------------------------------------------------------------
Finished Final Netlist Cleanup
---------------------------------------------------------------------------------
---------------------------------------------------------------------------------
Finished IO Insertion : Time (s): cpu = 00:00:59 ; elapsed = 00:01:01 . Memory (MB): peak = 2059.688 ; gain = 4.656
---------------------------------------------------------------------------------
---------------------------------------------------------------------------------
Start Renaming Generated Instances
---------------------------------------------------------------------------------
---------------------------------------------------------------------------------
Finished Renaming Generated Instances : Time (s): cpu = 00:00:59 ; elapsed = 00:01:01 . Memory (MB): peak = 2059.688 ; gain = 4.656
---------------------------------------------------------------------------------
---------------------------------------------------------------------------------
Start Rebuilding User Hierarchy
---------------------------------------------------------------------------------
---------------------------------------------------------------------------------
Finished Rebuilding User Hierarchy : Time (s): cpu = 00:01:00 ; elapsed = 00:01:01 . Memory (MB): peak = 2059.688 ; gain = 4.656
---------------------------------------------------------------------------------
---------------------------------------------------------------------------------
Start Renaming Generated Ports
---------------------------------------------------------------------------------
---------------------------------------------------------------------------------
Finished Renaming Generated Ports : Time (s): cpu = 00:01:00 ; elapsed = 00:01:01 . Memory (MB): peak = 2059.688 ; gain = 4.656
---------------------------------------------------------------------------------
---------------------------------------------------------------------------------
Start Handling Custom Attributes
---------------------------------------------------------------------------------
---------------------------------------------------------------------------------
Finished Handling Custom Attributes : Time (s): cpu = 00:01:00 ; elapsed = 00:01:02 . Memory (MB): peak = 2059.688 ; gain = 4.656
---------------------------------------------------------------------------------
---------------------------------------------------------------------------------
Start Renaming Generated Nets
---------------------------------------------------------------------------------
---------------------------------------------------------------------------------
Finished Renaming Generated Nets : Time (s): cpu = 00:01:00 ; elapsed = 00:01:02 . Memory (MB): peak = 2059.688 ; gain = 4.656
---------------------------------------------------------------------------------
---------------------------------------------------------------------------------
Start Writing Synthesis Report
---------------------------------------------------------------------------------

Report BlackBoxes: 
+-+--------------+----------+
| |BlackBox name |Instances |
+-+--------------+----------+
+-+--------------+----------+

Report Cell Usage: 
+------+-------+------+
|      |Cell   |Count |
+------+-------+------+
|1     |BUFG   |     1|
|2     |CARRY4 |  1447|
|3     |LUT1   |    73|
|4     |LUT2   |  3381|
|5     |LUT3   |   618|
|6     |LUT4   |  2230|
|7     |LUT5   |   776|
|8     |LUT6   |  2277|
|9     |MUXF7  |     6|
|10    |FDCE   |    19|
|11    |FDPE   |     1|
|12    |IBUF   |   275|
|13    |OBUF   |    33|
+------+-------+------+
---------------------------------------------------------------------------------
Finished Writing Synthesis Report : Time (s): cpu = 00:01:00 ; elapsed = 00:01:02 . Memory (MB): peak = 2059.688 ; gain = 4.656
---------------------------------------------------------------------------------
Synthesis finished with 0 errors, 0 critical warnings and 1 warnings.
Synthesis Optimization Runtime : Time (s): cpu = 00:00:49 ; elapsed = 00:00:59 . Memory (MB): peak = 2059.688 ; gain = 0.000
Synthesis Optimization Complete : Time (s): cpu = 00:01:00 ; elapsed = 00:01:02 . Memory (MB): peak = 2059.688 ; gain = 4.656
INFO: [Project 1-571] Translating synthesized netlist
Netlist sorting complete. Time (s): cpu = 00:00:00 ; elapsed = 00:00:00.124 . Memory (MB): peak = 2059.688 ; gain = 0.000
INFO: [Netlist 29-17] Analyzing 1453 Unisim elements for replacement
INFO: [Netlist 29-28] Unisim Transformation completed in 0 CPU seconds
WARNING: [Netlist 29-101] Netlist 'cnn_compare_booth_simd_top' is not ideal for floorplanning, since the cellview 'cnn_chain_core_opt' contains a large number of primitives.  Please consider enabling hierarchy in synthesis if you want to do floorplanning.
INFO: [Project 1-570] Preparing netlist for logic optimization
Parsing XDC File [D:/1012/project1/constraints/project1.xdc]
Finished Parsing XDC File [D:/1012/project1/constraints/project1.xdc]
INFO: [Opt 31-138] Pushed 0 inverter(s) to 0 load pin(s).
Netlist sorting complete. Time (s): cpu = 00:00:00 ; elapsed = 00:00:00.006 . Memory (MB): peak = 2059.688 ; gain = 0.000
INFO: [Project 1-111] Unisim Transformation Summary:
No Unisim elements were transformed.

Synth Design complete | Checksum: 5d1f8811
INFO: [Common 17-83] Releasing license: Synthesis
28 Infos, 4 Warnings, 0 Critical Warnings and 0 Errors encountered.
synth_design completed successfully
synth_design: Time (s): cpu = 00:01:05 ; elapsed = 00:01:08 . Memory (MB): peak = 2059.688 ; gain = 4.656
INFO: [Timing 38-35] Done setting XDC timing constraints.
INFO: [Timing 38-91] UpdateTimingParams: Speed grade: -2, Delay Type: min_max.
INFO: [Timing 38-191] Multithreading enabled for timing update using a maximum of 2 CPUs
report_timing_summary: Time (s): cpu = 00:00:11 ; elapsed = 00:00:11 . Memory (MB): peak = 2108.059 ; gain = 48.371
INFO: [Timing 38-480] Writing timing data to binary archive.
Write ShapeDB Complete: Time (s): cpu = 00:00:00 ; elapsed = 00:00:00.066 . Memory (MB): peak = 2109.156 ; gain = 0.004
INFO: [Common 17-1381] The checkpoint 'D:/1012/project1/build/cnn_compare_booth_simd_top_synth.dcp' has been generated.
Command: synth_design -top cnn_compare_booth_simd_pipe_top -part xc7a200tfbg484-2
Starting synth_design
Attempting to get a license for feature 'Synthesis' and/or device 'xc7a200t'
INFO: [Common 17-349] Got license for feature 'Synthesis' and/or device 'xc7a200t'
INFO: [Synth 8-7079] Multithreading enabled for synth_design using a maximum of 2 processes.
---------------------------------------------------------------------------------
Starting RTL Elaboration : Time (s): cpu = 00:00:06 ; elapsed = 00:00:07 . Memory (MB): peak = 2119.551 ; gain = 0.000
---------------------------------------------------------------------------------
INFO: [Synth 8-6157] synthesizing module 'cnn_compare_booth_simd_pipe_top' [D:/1012/project1/src/optimized/cnn_compare_booth_simd_pipe_top.v:1]
INFO: [Synth 8-6157] synthesizing module 'cnn_chain_core_opt' [D:/1012/project1/src/optimized/cnn_chain_core_opt.v:1]
INFO: [Synth 8-6157] synthesizing module 'cnn_chain_core_base' [D:/1012/project1/src/baseline/cnn_chain_core_base.v:1]
INFO: [Synth 8-6157] synthesizing module 'mul8' [D:/1012/project1/src/baseline/mul8.v:1]
INFO: [Synth 8-6155] done synthesizing module 'mul8' (0#1) [D:/1012/project1/src/baseline/mul8.v:1]
INFO: [Synth 8-6157] synthesizing module 'mul8_booth_wallace' [D:/1012/project1/src/optimized/mul8_booth_wallace.v:1]
INFO: [Synth 8-226] default block is never used [D:/1012/project1/src/optimized/mul8_booth_wallace.v:10]
INFO: [Synth 8-6155] done synthesizing module 'mul8_booth_wallace' (0#1) [D:/1012/project1/src/optimized/mul8_booth_wallace.v:1]
INFO: [Synth 8-6157] synthesizing module 'relu_s20' [D:/1012/project1/src/baseline/relu_s20.v:1]
INFO: [Synth 8-6155] done synthesizing module 'relu_s20' (0#1) [D:/1012/project1/src/baseline/relu_s20.v:1]
INFO: [Synth 8-6157] synthesizing module 'div4' [D:/1012/project1/src/baseline/div4.v:1]
INFO: [Synth 8-6155] done synthesizing module 'div4' (0#1) [D:/1012/project1/src/baseline/div4.v:1]
INFO: [Synth 8-6155] done synthesizing module 'cnn_chain_core_base' (0#1) [D:/1012/project1/src/baseline/cnn_chain_core_base.v:1]
INFO: [Synth 8-6155] done synthesizing module 'cnn_chain_core_opt' (0#1) [D:/1012/project1/src/optimized/cnn_chain_core_opt.v:1]
INFO: [Synth 8-6155] done synthesizing module 'cnn_compare_booth_simd_pipe_top' (0#1) [D:/1012/project1/src/optimized/cnn_compare_booth_simd_pipe_top.v:1]
WARNING: [Synth 8-7129] Port x_u10[1] in module div4 is either unconnected or has no load
WARNING: [Synth 8-7129] Port x_u10[0] in module div4 is either unconnected or has no load
---------------------------------------------------------------------------------
Finished RTL Elaboration : Time (s): cpu = 00:00:09 ; elapsed = 00:00:09 . Memory (MB): peak = 2119.551 ; gain = 0.000
---------------------------------------------------------------------------------
---------------------------------------------------------------------------------
Start Handling Custom Attributes
---------------------------------------------------------------------------------
---------------------------------------------------------------------------------
Finished Handling Custom Attributes : Time (s): cpu = 00:00:09 ; elapsed = 00:00:09 . Memory (MB): peak = 2119.551 ; gain = 0.000
---------------------------------------------------------------------------------
---------------------------------------------------------------------------------
Finished RTL Optimization Phase 1 : Time (s): cpu = 00:00:09 ; elapsed = 00:00:09 . Memory (MB): peak = 2119.551 ; gain = 0.000
---------------------------------------------------------------------------------
Netlist sorting complete. Time (s): cpu = 00:00:00 ; elapsed = 00:00:00.023 . Memory (MB): peak = 2119.551 ; gain = 0.000
INFO: [Project 1-570] Preparing netlist for logic optimization

Processing XDC Constraints
Initializing timing engine
Parsing XDC File [D:/1012/project1/constraints/project1.xdc]
Finished Parsing XDC File [D:/1012/project1/constraints/project1.xdc]
Completed Processing XDC Constraints

Netlist sorting complete. Time (s): cpu = 00:00:00 ; elapsed = 00:00:00 . Memory (MB): peak = 2130.977 ; gain = 0.000
INFO: [Project 1-111] Unisim Transformation Summary:
No Unisim elements were transformed.

Constraint Validation Runtime : Time (s): cpu = 00:00:00 ; elapsed = 00:00:00.012 . Memory (MB): peak = 2130.977 ; gain = 0.000
---------------------------------------------------------------------------------
Finished Constraint Validation : Time (s): cpu = 00:00:18 ; elapsed = 00:00:19 . Memory (MB): peak = 2130.977 ; gain = 11.426
---------------------------------------------------------------------------------
---------------------------------------------------------------------------------
Start Loading Part and Timing Information
---------------------------------------------------------------------------------
Loading part: xc7a200tfbg484-2
---------------------------------------------------------------------------------
Finished Loading Part and Timing Information : Time (s): cpu = 00:00:18 ; elapsed = 00:00:19 . Memory (MB): peak = 2130.977 ; gain = 11.426
---------------------------------------------------------------------------------
---------------------------------------------------------------------------------
Start Applying 'set_property' XDC Constraints
---------------------------------------------------------------------------------
WARNING: set_property DONT_TOUCH could not find object (constraint file  D:/1012/project1/constraints/project1.xdc, line 7).
WARNING: set_property DONT_TOUCH could not find object (constraint file  D:/1012/project1/constraints/project1.xdc, line 7).
---------------------------------------------------------------------------------
Finished applying 'set_property' XDC Constraints : Time (s): cpu = 00:00:19 ; elapsed = 00:00:19 . Memory (MB): peak = 2130.977 ; gain = 11.426
---------------------------------------------------------------------------------
INFO: [Synth 8-802] inferred FSM for state register 'state_reg' in module 'cnn_chain_core_base'
---------------------------------------------------------------------------------------------------
                   State |                     New Encoding |                Previous Encoding 
---------------------------------------------------------------------------------------------------
                  S_IDLE |                            00001 |                              000
                  S_CONV |                            00010 |                              001
                  S_RELU |                            00100 |                              010
                  S_POOL |                            01000 |                              011
                  S_DONE |                            10000 |                              100
---------------------------------------------------------------------------------------------------
INFO: [Synth 8-3354] encoded FSM with state register 'state_reg' using encoding 'one-hot' in module 'cnn_chain_core_base'
---------------------------------------------------------------------------------
Finished RTL Optimization Phase 2 : Time (s): cpu = 00:00:20 ; elapsed = 00:00:21 . Memory (MB): peak = 2130.977 ; gain = 11.426
---------------------------------------------------------------------------------
---------------------------------------------------------------------------------
Start RTL Component Statistics 
---------------------------------------------------------------------------------
Detailed RTL Component Info : 
+---Adders : 
	   2 Input   20 Bit       Adders := 1     
	   2 Input   16 Bit       Adders := 1     
	   4 Input   10 Bit       Adders := 5     
	   2 Input    4 Bit       Adders := 2     
	   2 Input    2 Bit       Adders := 3     
+---XORs : 
	   3 Input     16 Bit         XORs := 2     
+---Registers : 
	               32 Bit    Registers := 1     
	               20 Bit    Registers := 9     
	                8 Bit    Registers := 9     
	                4 Bit    Registers := 2     
	                3 Bit    Registers := 1     
	                2 Bit    Registers := 3     
	                1 Bit    Registers := 2     
+---Muxes : 
	   5 Input   32 Bit        Muxes := 2     
	   2 Input   32 Bit        Muxes := 1     
	   5 Input   20 Bit        Muxes := 1     
	   2 Input   16 Bit        Muxes := 1     
	   2 Input    8 Bit        Muxes := 19    
	   5 Input    8 Bit        Muxes := 1     
	   2 Input    4 Bit        Muxes := 2     
	   5 Input    4 Bit        Muxes := 2     
	   5 Input    3 Bit        Muxes := 1     
	   2 Input    3 Bit        Muxes := 2     
	   2 Input    2 Bit        Muxes := 3     
	   5 Input    2 Bit        Muxes := 3     
	   2 Input    1 Bit        Muxes := 27    
	   5 Input    1 Bit        Muxes := 23    
---------------------------------------------------------------------------------
Finished RTL Component Statistics 
---------------------------------------------------------------------------------
---------------------------------------------------------------------------------
Start Part Resource Summary
---------------------------------------------------------------------------------
Part Resources:
DSPs: 740 (col length:100)
BRAMs: 730 (col length: RAMB18 100 RAMB36 50)
---------------------------------------------------------------------------------
Finished Part Resource Summary
---------------------------------------------------------------------------------
---------------------------------------------------------------------------------
Start Cross Boundary and Area Optimization
---------------------------------------------------------------------------------
WARNING: [Synth 8-7080] Parallel synthesis criteria is not met
---------------------------------------------------------------------------------
Finished Cross Boundary and Area Optimization : Time (s): cpu = 00:00:34 ; elapsed = 00:00:35 . Memory (MB): peak = 2130.977 ; gain = 11.426
---------------------------------------------------------------------------------
---------------------------------------------------------------------------------
Start Applying XDC Timing Constraints
---------------------------------------------------------------------------------
---------------------------------------------------------------------------------
Finished Applying XDC Timing Constraints : Time (s): cpu = 00:00:48 ; elapsed = 00:00:50 . Memory (MB): peak = 2130.977 ; gain = 11.426
---------------------------------------------------------------------------------
---------------------------------------------------------------------------------
Start Timing Optimization
---------------------------------------------------------------------------------
---------------------------------------------------------------------------------
Finished Timing Optimization : Time (s): cpu = 00:00:51 ; elapsed = 00:00:52 . Memory (MB): peak = 2130.977 ; gain = 11.426
---------------------------------------------------------------------------------
---------------------------------------------------------------------------------
Start Technology Mapping
---------------------------------------------------------------------------------
---------------------------------------------------------------------------------
Finished Technology Mapping : Time (s): cpu = 00:00:54 ; elapsed = 00:00:55 . Memory (MB): peak = 2130.977 ; gain = 11.426
---------------------------------------------------------------------------------
---------------------------------------------------------------------------------
Start IO Insertion
---------------------------------------------------------------------------------
---------------------------------------------------------------------------------
Start Flattening Before IO Insertion
---------------------------------------------------------------------------------
---------------------------------------------------------------------------------
Finished Flattening Before IO Insertion
---------------------------------------------------------------------------------
---------------------------------------------------------------------------------
Start Final Netlist Cleanup
---------------------------------------------------------------------------------
---------------------------------------------------------------------------------
Finished Final Netlist Cleanup
---------------------------------------------------------------------------------
---------------------------------------------------------------------------------
Finished IO Insertion : Time (s): cpu = 00:01:00 ; elapsed = 00:01:01 . Memory (MB): peak = 2130.977 ; gain = 11.426
---------------------------------------------------------------------------------
---------------------------------------------------------------------------------
Start Renaming Generated Instances
---------------------------------------------------------------------------------
---------------------------------------------------------------------------------
Finished Renaming Generated Instances : Time (s): cpu = 00:01:00 ; elapsed = 00:01:01 . Memory (MB): peak = 2130.977 ; gain = 11.426
---------------------------------------------------------------------------------
---------------------------------------------------------------------------------
Start Rebuilding User Hierarchy
---------------------------------------------------------------------------------
---------------------------------------------------------------------------------
Finished Rebuilding User Hierarchy : Time (s): cpu = 00:01:00 ; elapsed = 00:01:02 . Memory (MB): peak = 2130.977 ; gain = 11.426
---------------------------------------------------------------------------------
---------------------------------------------------------------------------------
Start Renaming Generated Ports
---------------------------------------------------------------------------------
---------------------------------------------------------------------------------
Finished Renaming Generated Ports : Time (s): cpu = 00:01:00 ; elapsed = 00:01:02 . Memory (MB): peak = 2130.977 ; gain = 11.426
---------------------------------------------------------------------------------
---------------------------------------------------------------------------------
Start Handling Custom Attributes
---------------------------------------------------------------------------------
---------------------------------------------------------------------------------
Finished Handling Custom Attributes : Time (s): cpu = 00:01:00 ; elapsed = 00:01:02 . Memory (MB): peak = 2130.977 ; gain = 11.426
---------------------------------------------------------------------------------
---------------------------------------------------------------------------------
Start Renaming Generated Nets
---------------------------------------------------------------------------------
---------------------------------------------------------------------------------
Finished Renaming Generated Nets : Time (s): cpu = 00:01:00 ; elapsed = 00:01:02 . Memory (MB): peak = 2130.977 ; gain = 11.426
---------------------------------------------------------------------------------
---------------------------------------------------------------------------------
Start Writing Synthesis Report
---------------------------------------------------------------------------------

Report BlackBoxes: 
+-+--------------+----------+
| |BlackBox name |Instances |
+-+--------------+----------+
+-+--------------+----------+

Report Cell Usage: 
+------+-------+------+
|      |Cell   |Count |
+------+-------+------+
|1     |BUFG   |     1|
|2     |CARRY4 |  1447|
|3     |LUT1   |    73|
|4     |LUT2   |  3381|
|5     |LUT3   |   618|
|6     |LUT4   |  2230|
|7     |LUT5   |   776|
|8     |LUT6   |  2277|
|9     |MUXF7  |     6|
|10    |FDCE   |    22|
|11    |FDPE   |     1|
|12    |IBUF   |   275|
|13    |OBUF   |    33|
+------+-------+------+
---------------------------------------------------------------------------------
Finished Writing Synthesis Report : Time (s): cpu = 00:01:00 ; elapsed = 00:01:02 . Memory (MB): peak = 2130.977 ; gain = 11.426
---------------------------------------------------------------------------------
Synthesis finished with 0 errors, 0 critical warnings and 1 warnings.
Synthesis Optimization Runtime : Time (s): cpu = 00:00:49 ; elapsed = 00:00:59 . Memory (MB): peak = 2130.977 ; gain = 0.000
Synthesis Optimization Complete : Time (s): cpu = 00:01:01 ; elapsed = 00:01:02 . Memory (MB): peak = 2130.977 ; gain = 11.426
INFO: [Project 1-571] Translating synthesized netlist
Netlist sorting complete. Time (s): cpu = 00:00:00 ; elapsed = 00:00:00.129 . Memory (MB): peak = 2130.977 ; gain = 0.000
INFO: [Netlist 29-17] Analyzing 1453 Unisim elements for replacement
INFO: [Netlist 29-28] Unisim Transformation completed in 1 CPU seconds
WARNING: [Netlist 29-101] Netlist 'cnn_compare_booth_simd_pipe_top' is not ideal for floorplanning, since the cellview 'cnn_chain_core_opt' contains a large number of primitives.  Please consider enabling hierarchy in synthesis if you want to do floorplanning.
INFO: [Project 1-570] Preparing netlist for logic optimization
Parsing XDC File [D:/1012/project1/constraints/project1.xdc]
Finished Parsing XDC File [D:/1012/project1/constraints/project1.xdc]
INFO: [Opt 31-138] Pushed 0 inverter(s) to 0 load pin(s).
Netlist sorting complete. Time (s): cpu = 00:00:00 ; elapsed = 00:00:00.008 . Memory (MB): peak = 2130.977 ; gain = 0.000
INFO: [Project 1-111] Unisim Transformation Summary:
No Unisim elements were transformed.

Synth Design complete | Checksum: b8f96479
INFO: [Common 17-83] Releasing license: Synthesis
28 Infos, 4 Warnings, 0 Critical Warnings and 0 Errors encountered.
synth_design completed successfully
synth_design: Time (s): cpu = 00:01:06 ; elapsed = 00:01:09 . Memory (MB): peak = 2130.977 ; gain = 11.426
INFO: [Timing 38-35] Done setting XDC timing constraints.
INFO: [Timing 38-91] UpdateTimingParams: Speed grade: -2, Delay Type: min_max.
INFO: [Timing 38-191] Multithreading enabled for timing update using a maximum of 2 CPUs
report_timing_summary: Time (s): cpu = 00:00:12 ; elapsed = 00:00:11 . Memory (MB): peak = 2130.977 ; gain = 0.000
INFO: [Timing 38-480] Writing timing data to binary archive.
Write ShapeDB Complete: Time (s): cpu = 00:00:00 ; elapsed = 00:00:00.049 . Memory (MB): peak = 2130.977 ; gain = 0.000
INFO: [Common 17-1381] The checkpoint 'D:/1012/project1/build/cnn_compare_booth_simd_pipe_top_synth.dcp' has been generated.
# exit
INFO: [Common 17-206] Exiting Vivado at Sun Apr 26 16:34:45 2026...
