
*** Running vivado
    with args -log data_ram_display.vds -m64 -product Vivado -mode batch -messageDb vivado.pb -notrace -source data_ram_display.tcl



****** Vivado v2025.1 (64-bit)
  **** SW Build 6140274 on Thu May 22 00:12:29 MDT 2025
  **** IP Build 6138677 on Thu May 22 03:10:11 MDT 2025
  **** SharedData Build 6139179 on Tue May 20 17:58:58 MDT 2025
  **** Start of session at: Tue May 26 13:30:18 2026
    ** Copyright 1986-2022 Xilinx, Inc. All Rights Reserved.
    ** Copyright 2022-2025 Advanced Micro Devices, Inc. All Rights Reserved.

source data_ram_display.tcl -notrace
create_project: Time (s): cpu = 00:00:08 ; elapsed = 00:00:07 . Memory (MB): peak = 496.289 ; gain = 211.293
Command: synth_design -top data_ram_display -part xc7a200tfbg676-2
Starting synth_design
Attempting to get a license for feature 'Synthesis' and/or device 'xc7a200t'
INFO: [Common 17-349] Got license for feature 'Synthesis' and/or device 'xc7a200t'
INFO: [Device 21-403] Loading part xc7a200tfbg676-2
INFO: [Synth 8-7079] Multithreading enabled for synth_design using a maximum of 2 processes.
INFO: [Synth 8-7078] Launching helper process for spawning children vivado processes
INFO: [Synth 8-7075] Helper process launched with PID 6680
---------------------------------------------------------------------------------
Starting RTL Elaboration : Time (s): cpu = 00:00:06 ; elapsed = 00:00:06 . Memory (MB): peak = 1229.648 ; gain = 492.957
---------------------------------------------------------------------------------
INFO: [Synth 8-6157] synthesizing module 'data_ram_display' [D:/1012/lab5/lab5.srcs/sources_1/imports/memory_sync/data_ram/data_ram_display.v:8]
INFO: [Synth 8-6157] synthesizing module 'data_ram' [D:/1012/lab5/lab5.runs/synth_1/.Xil/Vivado-26228-DESKTOP-JH0OJSQ/realtime/data_ram_stub.v:5]
INFO: [Synth 8-6155] done synthesizing module 'data_ram' (0#1) [D:/1012/lab5/lab5.runs/synth_1/.Xil/Vivado-26228-DESKTOP-JH0OJSQ/realtime/data_ram_stub.v:5]
WARNING: [Synth 8-7071] port 'enb' of module 'data_ram' is unconnected for instance 'data_ram_module' [D:/1012/lab5/lab5.srcs/sources_1/imports/memory_sync/data_ram/data_ram_display.v:50]
WARNING: [Synth 8-7023] instance 'data_ram_module' of module 'data_ram' has 11 connections declared, but only 10 given [D:/1012/lab5/lab5.srcs/sources_1/imports/memory_sync/data_ram/data_ram_display.v:50]
INFO: [Synth 8-6157] synthesizing module 'lcd_module' [D:/1012/lab5/lab5.runs/synth_1/.Xil/Vivado-26228-DESKTOP-JH0OJSQ/realtime/lcd_module_stub.v:6]
INFO: [Synth 8-6155] done synthesizing module 'lcd_module' (0#1) [D:/1012/lab5/lab5.runs/synth_1/.Xil/Vivado-26228-DESKTOP-JH0OJSQ/realtime/lcd_module_stub.v:6]
INFO: [Synth 8-6155] done synthesizing module 'data_ram_display' (0#1) [D:/1012/lab5/lab5.srcs/sources_1/imports/memory_sync/data_ram/data_ram_display.v:8]
---------------------------------------------------------------------------------
Finished RTL Elaboration : Time (s): cpu = 00:00:07 ; elapsed = 00:00:08 . Memory (MB): peak = 1336.617 ; gain = 599.926
---------------------------------------------------------------------------------
---------------------------------------------------------------------------------
Start Handling Custom Attributes
---------------------------------------------------------------------------------
---------------------------------------------------------------------------------
Finished Handling Custom Attributes : Time (s): cpu = 00:00:07 ; elapsed = 00:00:08 . Memory (MB): peak = 1336.617 ; gain = 599.926
---------------------------------------------------------------------------------
---------------------------------------------------------------------------------
Finished RTL Optimization Phase 1 : Time (s): cpu = 00:00:07 ; elapsed = 00:00:08 . Memory (MB): peak = 1336.617 ; gain = 599.926
---------------------------------------------------------------------------------
Netlist sorting complete. Time (s): cpu = 00:00:00 ; elapsed = 00:00:00.003 . Memory (MB): peak = 1336.617 ; gain = 0.000
INFO: [Project 1-570] Preparing netlist for logic optimization

Processing XDC Constraints
Initializing timing engine
Parsing XDC File [D:/1012/lab5/lab5.srcs/sources_1/imports/1012/lab5/memory_sync/data_ram/data_ram/data_ram_in_context.xdc] for cell 'data_ram_module'
Finished Parsing XDC File [D:/1012/lab5/lab5.srcs/sources_1/imports/1012/lab5/memory_sync/data_ram/data_ram/data_ram_in_context.xdc] for cell 'data_ram_module'
Parsing XDC File [D:/1012/lab5/lab5.srcs/constrs_1/imports/memory_sync/inst_rom/inst_rom.xdc]
Finished Parsing XDC File [D:/1012/lab5/lab5.srcs/constrs_1/imports/memory_sync/inst_rom/inst_rom.xdc]
INFO: [Project 1-236] Implementation specific constraints were found while reading constraint file [D:/1012/lab5/lab5.srcs/constrs_1/imports/memory_sync/inst_rom/inst_rom.xdc]. These constraints will be ignored for synthesis but will be used in implementation. Impacted constraints are listed in the file [.Xil/data_ram_display_propImpl.xdc].
Resolution: To avoid this warning, move constraints listed in [.Xil/data_ram_display_propImpl.xdc] to another XDC file and exclude this new file from synthesis with the used_in_synthesis property (File Properties dialog in GUI) and re-run elaboration/synthesis.
Parsing XDC File [D:/1012/lab5/lab5.srcs/constrs_1/imports/memory_sync/data_ram/data_ram.xdc]
Finished Parsing XDC File [D:/1012/lab5/lab5.srcs/constrs_1/imports/memory_sync/data_ram/data_ram.xdc]
INFO: [Project 1-236] Implementation specific constraints were found while reading constraint file [D:/1012/lab5/lab5.srcs/constrs_1/imports/memory_sync/data_ram/data_ram.xdc]. These constraints will be ignored for synthesis but will be used in implementation. Impacted constraints are listed in the file [.Xil/data_ram_display_propImpl.xdc].
Resolution: To avoid this warning, move constraints listed in [.Xil/data_ram_display_propImpl.xdc] to another XDC file and exclude this new file from synthesis with the used_in_synthesis property (File Properties dialog in GUI) and re-run elaboration/synthesis.
Completed Processing XDC Constraints

Netlist sorting complete. Time (s): cpu = 00:00:00 ; elapsed = 00:00:00 . Memory (MB): peak = 1389.406 ; gain = 0.000
INFO: [Project 1-111] Unisim Transformation Summary:
No Unisim elements were transformed.

Constraint Validation Runtime : Time (s): cpu = 00:00:00 ; elapsed = 00:00:00.005 . Memory (MB): peak = 1389.406 ; gain = 0.000
---------------------------------------------------------------------------------
Finished Constraint Validation : Time (s): cpu = 00:00:16 ; elapsed = 00:00:17 . Memory (MB): peak = 1389.406 ; gain = 652.715
---------------------------------------------------------------------------------
---------------------------------------------------------------------------------
Start Loading Part and Timing Information
---------------------------------------------------------------------------------
Loading part: xc7a200tfbg676-2
---------------------------------------------------------------------------------
Finished Loading Part and Timing Information : Time (s): cpu = 00:00:16 ; elapsed = 00:00:17 . Memory (MB): peak = 1389.406 ; gain = 652.715
---------------------------------------------------------------------------------
---------------------------------------------------------------------------------
Start Applying 'set_property' XDC Constraints
---------------------------------------------------------------------------------
---------------------------------------------------------------------------------
Finished applying 'set_property' XDC Constraints : Time (s): cpu = 00:00:16 ; elapsed = 00:00:17 . Memory (MB): peak = 1389.406 ; gain = 652.715
---------------------------------------------------------------------------------
---------------------------------------------------------------------------------
Finished RTL Optimization Phase 2 : Time (s): cpu = 00:00:17 ; elapsed = 00:00:18 . Memory (MB): peak = 1389.406 ; gain = 652.715
---------------------------------------------------------------------------------
---------------------------------------------------------------------------------
Start RTL Component Statistics 
---------------------------------------------------------------------------------
Detailed RTL Component Info : 
+---Registers : 
	               40 Bit    Registers := 1     
	               32 Bit    Registers := 4     
	                1 Bit    Registers := 1     
+---Muxes : 
	   2 Input   39 Bit        Muxes := 1     
	   6 Input   39 Bit        Muxes := 1     
	   2 Input   32 Bit        Muxes := 1     
	   2 Input    1 Bit        Muxes := 1     
	   6 Input    1 Bit        Muxes := 1     
---------------------------------------------------------------------------------
Finished RTL Component Statistics 
---------------------------------------------------------------------------------
---------------------------------------------------------------------------------
Start Part Resource Summary
---------------------------------------------------------------------------------
Part Resources:
DSPs: 740 (col length:100)
BRAMs: 730 (col length: RAMB18 100 RAMB36 50)
---------------------------------------------------------------------------------
Finished Part Resource Summary
---------------------------------------------------------------------------------
---------------------------------------------------------------------------------
Start Cross Boundary and Area Optimization
---------------------------------------------------------------------------------
WARNING: [Synth 8-7080] Parallel synthesis criteria is not met
---------------------------------------------------------------------------------
Finished Cross Boundary and Area Optimization : Time (s): cpu = 00:00:19 ; elapsed = 00:00:20 . Memory (MB): peak = 1405.730 ; gain = 669.039
---------------------------------------------------------------------------------
---------------------------------------------------------------------------------
Start Applying XDC Timing Constraints
---------------------------------------------------------------------------------
---------------------------------------------------------------------------------
Finished Applying XDC Timing Constraints : Time (s): cpu = 00:00:25 ; elapsed = 00:00:26 . Memory (MB): peak = 1552.012 ; gain = 815.320
---------------------------------------------------------------------------------
---------------------------------------------------------------------------------
Start Timing Optimization
---------------------------------------------------------------------------------
---------------------------------------------------------------------------------
Finished Timing Optimization : Time (s): cpu = 00:00:25 ; elapsed = 00:00:27 . Memory (MB): peak = 1552.160 ; gain = 815.469
---------------------------------------------------------------------------------
---------------------------------------------------------------------------------
Start Technology Mapping
---------------------------------------------------------------------------------
---------------------------------------------------------------------------------
Finished Technology Mapping : Time (s): cpu = 00:00:25 ; elapsed = 00:00:27 . Memory (MB): peak = 1571.234 ; gain = 834.543
---------------------------------------------------------------------------------
---------------------------------------------------------------------------------
Start IO Insertion
---------------------------------------------------------------------------------
---------------------------------------------------------------------------------
Start Flattening Before IO Insertion
---------------------------------------------------------------------------------
---------------------------------------------------------------------------------
Finished Flattening Before IO Insertion
---------------------------------------------------------------------------------
---------------------------------------------------------------------------------
Start Final Netlist Cleanup
---------------------------------------------------------------------------------
---------------------------------------------------------------------------------
Finished Final Netlist Cleanup
---------------------------------------------------------------------------------
CRITICAL WARNING: [Synth 8-4442] BlackBox module data_ram_module has unconnected pin enb
---------------------------------------------------------------------------------
Finished IO Insertion : Time (s): cpu = 00:00:31 ; elapsed = 00:00:33 . Memory (MB): peak = 1796.422 ; gain = 1059.730
---------------------------------------------------------------------------------
---------------------------------------------------------------------------------
Start Renaming Generated Instances
---------------------------------------------------------------------------------
---------------------------------------------------------------------------------
Finished Renaming Generated Instances : Time (s): cpu = 00:00:31 ; elapsed = 00:00:33 . Memory (MB): peak = 1796.422 ; gain = 1059.730
---------------------------------------------------------------------------------
---------------------------------------------------------------------------------
Start Rebuilding User Hierarchy
---------------------------------------------------------------------------------
---------------------------------------------------------------------------------
Finished Rebuilding User Hierarchy : Time (s): cpu = 00:00:31 ; elapsed = 00:00:33 . Memory (MB): peak = 1796.422 ; gain = 1059.730
---------------------------------------------------------------------------------
---------------------------------------------------------------------------------
Start Renaming Generated Ports
---------------------------------------------------------------------------------
---------------------------------------------------------------------------------
Finished Renaming Generated Ports : Time (s): cpu = 00:00:31 ; elapsed = 00:00:33 . Memory (MB): peak = 1796.422 ; gain = 1059.730
---------------------------------------------------------------------------------
---------------------------------------------------------------------------------
Start Handling Custom Attributes
---------------------------------------------------------------------------------
---------------------------------------------------------------------------------
Finished Handling Custom Attributes : Time (s): cpu = 00:00:31 ; elapsed = 00:00:33 . Memory (MB): peak = 1796.422 ; gain = 1059.730
---------------------------------------------------------------------------------
---------------------------------------------------------------------------------
Start Renaming Generated Nets
---------------------------------------------------------------------------------
---------------------------------------------------------------------------------
Finished Renaming Generated Nets : Time (s): cpu = 00:00:31 ; elapsed = 00:00:33 . Memory (MB): peak = 1796.422 ; gain = 1059.730
---------------------------------------------------------------------------------
---------------------------------------------------------------------------------
Start Writing Synthesis Report
---------------------------------------------------------------------------------

Report BlackBoxes: 
+------+--------------+----------+
|      |BlackBox name |Instances |
+------+--------------+----------+
|1     |data_ram      |         1|
|2     |lcd_module    |         1|
+------+--------------+----------+

Report Cell Usage: 
+------+-----------+------+
|      |Cell       |Count |
+------+-----------+------+
|1     |data_ram   |     1|
|2     |lcd_module |     1|
|3     |BUFG       |     1|
|4     |LUT1       |     1|
|5     |LUT2       |     3|
|6     |LUT3       |    10|
|7     |LUT4       |    30|
|8     |LUT5       |    31|
|9     |LUT6       |     6|
|10    |MUXF7      |    30|
|11    |FDRE       |   135|
|12    |IBUF       |     8|
|13    |OBUF       |    15|
+------+-----------+------+
---------------------------------------------------------------------------------
Finished Writing Synthesis Report : Time (s): cpu = 00:00:31 ; elapsed = 00:00:33 . Memory (MB): peak = 1796.422 ; gain = 1059.730
---------------------------------------------------------------------------------
Synthesis finished with 0 errors, 1 critical warnings and 1 warnings.
Synthesis Optimization Runtime : Time (s): cpu = 00:00:21 ; elapsed = 00:00:30 . Memory (MB): peak = 1796.422 ; gain = 1006.941
Synthesis Optimization Complete : Time (s): cpu = 00:00:31 ; elapsed = 00:00:33 . Memory (MB): peak = 1796.422 ; gain = 1059.730
INFO: [Project 1-571] Translating synthesized netlist
Netlist sorting complete. Time (s): cpu = 00:00:00 ; elapsed = 00:00:00.003 . Memory (MB): peak = 1805.609 ; gain = 0.000
INFO: [Netlist 29-17] Analyzing 30 Unisim elements for replacement
INFO: [Netlist 29-28] Unisim Transformation completed in 1 CPU seconds
INFO: [Project 1-570] Preparing netlist for logic optimization
INFO: [Opt 31-138] Pushed 0 inverter(s) to 0 load pin(s).
Netlist sorting complete. Time (s): cpu = 00:00:00 ; elapsed = 00:00:00 . Memory (MB): peak = 1811.934 ; gain = 0.000
INFO: [Project 1-111] Unisim Transformation Summary:
No Unisim elements were transformed.

Synth Design complete | Checksum: cc1811ee
INFO: [Common 17-83] Releasing license: Synthesis
22 Infos, 3 Warnings, 1 Critical Warnings and 0 Errors encountered.
synth_design completed successfully
synth_design: Time (s): cpu = 00:00:36 ; elapsed = 00:00:41 . Memory (MB): peak = 1811.934 ; gain = 1315.645
INFO: [runtcl-6] Synthesis results are not added to the cache due to CRITICAL_WARNING
Write ShapeDB Complete: Time (s): cpu = 00:00:00 ; elapsed = 00:00:00.002 . Memory (MB): peak = 1811.934 ; gain = 0.000
INFO: [Common 17-1381] The checkpoint 'D:/1012/lab5/lab5.runs/synth_1/data_ram_display.dcp' has been generated.
INFO: [Vivado 12-24828] Executing command : report_utilization -file data_ram_display_utilization_synth.rpt -pb data_ram_display_utilization_synth.pb
INFO: [Common 17-206] Exiting Vivado at Tue May 26 13:31:14 2026...
