
*** Running vivado
    with args -log pipeline_cpu_display.vds -m64 -product Vivado -mode batch -messageDb vivado.pb -notrace -source pipeline_cpu_display.tcl



****** Vivado v2025.1 (64-bit)
  **** SW Build 6140274 on Thu May 22 00:12:29 MDT 2025
  **** IP Build 6138677 on Thu May 22 03:10:11 MDT 2025
  **** SharedData Build 6139179 on Tue May 20 17:58:58 MDT 2025
  **** Start of session at: Sun Jun  7 21:40:52 2026
    ** Copyright 1986-2022 Xilinx, Inc. All Rights Reserved.
    ** Copyright 2022-2025 Advanced Micro Devices, Inc. All Rights Reserved.

source pipeline_cpu_display.tcl -notrace
create_project: Time (s): cpu = 00:00:10 ; elapsed = 00:00:07 . Memory (MB): peak = 497.852 ; gain = 213.527
Command: synth_design -top pipeline_cpu_display -part xc7a200tfbg676-2
Starting synth_design
WARNING: [Vivado_Tcl 4-393] The 'Synthesis' target of the following IPs are stale, please generate the output products using the generate_target or synth_ip command before running synth_design.
d:/1012/final_project/lab8/lab8.srcs/sources_1/ip/inst_rom/inst_rom.xci

Attempting to get a license for feature 'Synthesis' and/or device 'xc7a200t'
INFO: [Common 17-349] Got license for feature 'Synthesis' and/or device 'xc7a200t'
INFO: [Device 21-403] Loading part xc7a200tfbg676-2
INFO: [Synth 8-7079] Multithreading enabled for synth_design using a maximum of 2 processes.
INFO: [Synth 8-7078] Launching helper process for spawning children vivado processes
INFO: [Synth 8-7075] Helper process launched with PID 31136
---------------------------------------------------------------------------------
Starting RTL Elaboration : Time (s): cpu = 00:00:08 ; elapsed = 00:00:08 . Memory (MB): peak = 1236.547 ; gain = 493.387
---------------------------------------------------------------------------------
WARNING: [Synth 8-6901] identifier 'multiplier' is used before its declaration [D:/1012/final_project/lab8/lab8.srcs/sources_1/imports/8_pipeline_cpu/multiply.v:19]
INFO: [Synth 8-6157] synthesizing module 'pipeline_cpu_display' [D:/1012/final_project/lab8/lab8.srcs/sources_1/imports/8_pipeline_cpu/pipeline_cpu_display.v:8]
INFO: [Synth 8-6157] synthesizing module 'BUFGCE' [C:/Xilinx/2025.1/Vivado/scripts/rt/data/unisim_comp.v:2688]
INFO: [Synth 8-6155] done synthesizing module 'BUFGCE' (0#1) [C:/Xilinx/2025.1/Vivado/scripts/rt/data/unisim_comp.v:2688]
INFO: [Synth 8-6157] synthesizing module 'pipeline_cpu' [D:/1012/final_project/lab8/lab8.srcs/sources_1/imports/8_pipeline_cpu/pipeline_cpu.v:9]
INFO: [Synth 8-6157] synthesizing module 'fetch' [D:/1012/final_project/lab8/lab8.srcs/sources_1/imports/8_pipeline_cpu/fetch.v:9]
INFO: [Synth 8-6155] done synthesizing module 'fetch' (0#1) [D:/1012/final_project/lab8/lab8.srcs/sources_1/imports/8_pipeline_cpu/fetch.v:9]
INFO: [Synth 8-6157] synthesizing module 'decode' [D:/1012/final_project/lab8/lab8.srcs/sources_1/imports/8_pipeline_cpu/decode.v:6]
INFO: [Synth 8-6155] done synthesizing module 'decode' (0#1) [D:/1012/final_project/lab8/lab8.srcs/sources_1/imports/8_pipeline_cpu/decode.v:6]
INFO: [Synth 8-6157] synthesizing module 'exe' [D:/1012/final_project/lab8/lab8.srcs/sources_1/imports/8_pipeline_cpu/exe.v:6]
INFO: [Synth 8-6157] synthesizing module 'alu' [D:/1012/final_project/lab8/lab8.srcs/sources_1/imports/8_pipeline_cpu/alu.v:8]
INFO: [Synth 8-6157] synthesizing module 'adder' [D:/1012/final_project/lab8/lab8.srcs/sources_1/imports/8_pipeline_cpu/adder.v:8]
INFO: [Synth 8-6155] done synthesizing module 'adder' (0#1) [D:/1012/final_project/lab8/lab8.srcs/sources_1/imports/8_pipeline_cpu/adder.v:8]
INFO: [Synth 8-6155] done synthesizing module 'alu' (0#1) [D:/1012/final_project/lab8/lab8.srcs/sources_1/imports/8_pipeline_cpu/alu.v:8]
INFO: [Synth 8-6157] synthesizing module 'multiply' [D:/1012/final_project/lab8/lab8.srcs/sources_1/imports/8_pipeline_cpu/multiply.v:8]
INFO: [Synth 8-6155] done synthesizing module 'multiply' (0#1) [D:/1012/final_project/lab8/lab8.srcs/sources_1/imports/8_pipeline_cpu/multiply.v:8]
INFO: [Synth 8-6155] done synthesizing module 'exe' (0#1) [D:/1012/final_project/lab8/lab8.srcs/sources_1/imports/8_pipeline_cpu/exe.v:6]
INFO: [Synth 8-6157] synthesizing module 'mem' [D:/1012/final_project/lab8/lab8.srcs/sources_1/imports/8_pipeline_cpu/mem.v:8]
INFO: [Synth 8-226] default block is never used [D:/1012/final_project/lab8/lab8.srcs/sources_1/imports/8_pipeline_cpu/mem.v:89]
INFO: [Synth 8-226] default block is never used [D:/1012/final_project/lab8/lab8.srcs/sources_1/imports/8_pipeline_cpu/mem.v:107]
INFO: [Synth 8-6155] done synthesizing module 'mem' (0#1) [D:/1012/final_project/lab8/lab8.srcs/sources_1/imports/8_pipeline_cpu/mem.v:8]
INFO: [Synth 8-6157] synthesizing module 'wb' [D:/1012/final_project/lab8/lab8.srcs/sources_1/imports/8_pipeline_cpu/wb.v:10]
INFO: [Synth 8-6155] done synthesizing module 'wb' (0#1) [D:/1012/final_project/lab8/lab8.srcs/sources_1/imports/8_pipeline_cpu/wb.v:10]
INFO: [Synth 8-6157] synthesizing module 'inst_rom' [D:/1012/final_project/lab8/lab8.runs/synth_1/.Xil/Vivado-25728-DESKTOP-JH0OJSQ/realtime/inst_rom_stub.v:6]
INFO: [Synth 8-6155] done synthesizing module 'inst_rom' (0#1) [D:/1012/final_project/lab8/lab8.runs/synth_1/.Xil/Vivado-25728-DESKTOP-JH0OJSQ/realtime/inst_rom_stub.v:6]
INFO: [Synth 8-6157] synthesizing module 'regfile' [D:/1012/final_project/lab8/lab8.srcs/sources_1/imports/8_pipeline_cpu/regfile.v:8]
INFO: [Synth 8-6155] done synthesizing module 'regfile' (0#1) [D:/1012/final_project/lab8/lab8.srcs/sources_1/imports/8_pipeline_cpu/regfile.v:8]
INFO: [Synth 8-6157] synthesizing module 'data_ram' [D:/1012/final_project/lab8/lab8.runs/synth_1/.Xil/Vivado-25728-DESKTOP-JH0OJSQ/realtime/data_ram_stub.v:6]
INFO: [Synth 8-6155] done synthesizing module 'data_ram' (0#1) [D:/1012/final_project/lab8/lab8.runs/synth_1/.Xil/Vivado-25728-DESKTOP-JH0OJSQ/realtime/data_ram_stub.v:6]
INFO: [Synth 8-6155] done synthesizing module 'pipeline_cpu' (0#1) [D:/1012/final_project/lab8/lab8.srcs/sources_1/imports/8_pipeline_cpu/pipeline_cpu.v:9]
INFO: [Synth 8-6157] synthesizing module 'lcd_module' [D:/1012/final_project/lab8/lab8.runs/synth_1/.Xil/Vivado-25728-DESKTOP-JH0OJSQ/realtime/lcd_module_stub.v:6]
INFO: [Synth 8-6155] done synthesizing module 'lcd_module' (0#1) [D:/1012/final_project/lab8/lab8.runs/synth_1/.Xil/Vivado-25728-DESKTOP-JH0OJSQ/realtime/lcd_module_stub.v:6]
INFO: [Synth 8-6155] done synthesizing module 'pipeline_cpu_display' (0#1) [D:/1012/final_project/lab8/lab8.srcs/sources_1/imports/8_pipeline_cpu/pipeline_cpu_display.v:8]
WARNING: [Synth 8-6014] Unused sequential element rf_reg[0] was removed.  [D:/1012/final_project/lab8/lab8.srcs/sources_1/imports/8_pipeline_cpu/regfile.v:31]
WARNING: [Synth 8-7129] Port mem_addr[31] in module pipeline_cpu is either unconnected or has no load
WARNING: [Synth 8-7129] Port mem_addr[30] in module pipeline_cpu is either unconnected or has no load
WARNING: [Synth 8-7129] Port mem_addr[29] in module pipeline_cpu is either unconnected or has no load
WARNING: [Synth 8-7129] Port mem_addr[28] in module pipeline_cpu is either unconnected or has no load
WARNING: [Synth 8-7129] Port mem_addr[27] in module pipeline_cpu is either unconnected or has no load
WARNING: [Synth 8-7129] Port mem_addr[26] in module pipeline_cpu is either unconnected or has no load
WARNING: [Synth 8-7129] Port mem_addr[25] in module pipeline_cpu is either unconnected or has no load
WARNING: [Synth 8-7129] Port mem_addr[24] in module pipeline_cpu is either unconnected or has no load
WARNING: [Synth 8-7129] Port mem_addr[23] in module pipeline_cpu is either unconnected or has no load
WARNING: [Synth 8-7129] Port mem_addr[22] in module pipeline_cpu is either unconnected or has no load
WARNING: [Synth 8-7129] Port mem_addr[21] in module pipeline_cpu is either unconnected or has no load
WARNING: [Synth 8-7129] Port mem_addr[20] in module pipeline_cpu is either unconnected or has no load
WARNING: [Synth 8-7129] Port mem_addr[19] in module pipeline_cpu is either unconnected or has no load
WARNING: [Synth 8-7129] Port mem_addr[18] in module pipeline_cpu is either unconnected or has no load
WARNING: [Synth 8-7129] Port mem_addr[17] in module pipeline_cpu is either unconnected or has no load
WARNING: [Synth 8-7129] Port mem_addr[16] in module pipeline_cpu is either unconnected or has no load
WARNING: [Synth 8-7129] Port mem_addr[15] in module pipeline_cpu is either unconnected or has no load
WARNING: [Synth 8-7129] Port mem_addr[14] in module pipeline_cpu is either unconnected or has no load
WARNING: [Synth 8-7129] Port mem_addr[13] in module pipeline_cpu is either unconnected or has no load
WARNING: [Synth 8-7129] Port mem_addr[12] in module pipeline_cpu is either unconnected or has no load
WARNING: [Synth 8-7129] Port mem_addr[11] in module pipeline_cpu is either unconnected or has no load
WARNING: [Synth 8-7129] Port mem_addr[10] in module pipeline_cpu is either unconnected or has no load
WARNING: [Synth 8-7129] Port mem_addr[1] in module pipeline_cpu is either unconnected or has no load
WARNING: [Synth 8-7129] Port mem_addr[0] in module pipeline_cpu is either unconnected or has no load
---------------------------------------------------------------------------------
Finished RTL Elaboration : Time (s): cpu = 00:00:11 ; elapsed = 00:00:11 . Memory (MB): peak = 1359.270 ; gain = 616.109
---------------------------------------------------------------------------------
---------------------------------------------------------------------------------
Start Handling Custom Attributes
---------------------------------------------------------------------------------
---------------------------------------------------------------------------------
Finished Handling Custom Attributes : Time (s): cpu = 00:00:11 ; elapsed = 00:00:11 . Memory (MB): peak = 1359.270 ; gain = 616.109
---------------------------------------------------------------------------------
---------------------------------------------------------------------------------
Finished RTL Optimization Phase 1 : Time (s): cpu = 00:00:11 ; elapsed = 00:00:11 . Memory (MB): peak = 1359.270 ; gain = 616.109
---------------------------------------------------------------------------------
Netlist sorting complete. Time (s): cpu = 00:00:00 ; elapsed = 00:00:00.069 . Memory (MB): peak = 1359.270 ; gain = 0.000
WARNING: [Netlist 29-345] The value of SIM_DEVICE on instance 'cpu_clk_cg' of type 'BUFGCE' is 'ULTRASCALE'; it is being changed to match the current FPGA architecture, '7SERIES'. For functional simulation to match hardware behavior, the value of SIM_DEVICE should be changed in the source netlist. 
INFO: [Netlist 29-17] Analyzing 1 Unisim elements for replacement
INFO: [Netlist 29-28] Unisim Transformation completed in 0 CPU seconds
INFO: [Project 1-570] Preparing netlist for logic optimization

Processing XDC Constraints
Initializing timing engine
Parsing XDC File [d:/1012/final_project/lab8/lab8.gen/sources_1/ip/data_ram/data_ram/data_ram_in_context.xdc] for cell 'cpu/data_ram_module'
Finished Parsing XDC File [d:/1012/final_project/lab8/lab8.gen/sources_1/ip/data_ram/data_ram/data_ram_in_context.xdc] for cell 'cpu/data_ram_module'
Parsing XDC File [d:/1012/final_project/lab8/lab8.gen/sources_1/ip/inst_rom/inst_rom/inst_rom_in_context.xdc] for cell 'cpu/inst_rom_module'
Finished Parsing XDC File [d:/1012/final_project/lab8/lab8.gen/sources_1/ip/inst_rom/inst_rom/inst_rom_in_context.xdc] for cell 'cpu/inst_rom_module'
Parsing XDC File [D:/1012/final_project/lab8/lab8.srcs/constrs_1/imports/8_pipeline_cpu/pipeline_cpu.xdc]
CRITICAL WARNING: [Common 17-1548] Command failed: invalid command name "SET_PROPERTY"
 [D:/1012/final_project/lab8/lab8.srcs/constrs_1/imports/8_pipeline_cpu/pipeline_cpu.xdc:12]
Finished Parsing XDC File [D:/1012/final_project/lab8/lab8.srcs/constrs_1/imports/8_pipeline_cpu/pipeline_cpu.xdc]
INFO: [Project 1-236] Implementation specific constraints were found while reading constraint file [D:/1012/final_project/lab8/lab8.srcs/constrs_1/imports/8_pipeline_cpu/pipeline_cpu.xdc]. These constraints will be ignored for synthesis but will be used in implementation. Impacted constraints are listed in the file [.Xil/pipeline_cpu_display_propImpl.xdc].
Resolution: To avoid this warning, move constraints listed in [.Xil/pipeline_cpu_display_propImpl.xdc] to another XDC file and exclude this new file from synthesis with the used_in_synthesis property (File Properties dialog in GUI) and re-run elaboration/synthesis.
Completed Processing XDC Constraints

Netlist sorting complete. Time (s): cpu = 00:00:00 ; elapsed = 00:00:00.002 . Memory (MB): peak = 1435.523 ; gain = 0.000
INFO: [Project 1-111] Unisim Transformation Summary:
  A total of 1 instances were transformed.
  BUFGCE => BUFGCTRL: 1 instance 

Constraint Validation Runtime : Time (s): cpu = 00:00:01 ; elapsed = 00:00:00.015 . Memory (MB): peak = 1435.523 ; gain = 0.000
---------------------------------------------------------------------------------
Finished Constraint Validation : Time (s): cpu = 00:00:23 ; elapsed = 00:00:24 . Memory (MB): peak = 1435.523 ; gain = 692.363
---------------------------------------------------------------------------------
---------------------------------------------------------------------------------
Start Loading Part and Timing Information
---------------------------------------------------------------------------------
Loading part: xc7a200tfbg676-2
---------------------------------------------------------------------------------
Finished Loading Part and Timing Information : Time (s): cpu = 00:00:23 ; elapsed = 00:00:24 . Memory (MB): peak = 1435.523 ; gain = 692.363
---------------------------------------------------------------------------------
---------------------------------------------------------------------------------
Start Applying 'set_property' XDC Constraints
---------------------------------------------------------------------------------
---------------------------------------------------------------------------------
Finished applying 'set_property' XDC Constraints : Time (s): cpu = 00:00:23 ; elapsed = 00:00:24 . Memory (MB): peak = 1435.523 ; gain = 692.363
---------------------------------------------------------------------------------
---------------------------------------------------------------------------------
Finished RTL Optimization Phase 2 : Time (s): cpu = 00:00:24 ; elapsed = 00:00:25 . Memory (MB): peak = 1435.523 ; gain = 692.363
---------------------------------------------------------------------------------
---------------------------------------------------------------------------------
Start RTL Component Statistics 
---------------------------------------------------------------------------------
Detailed RTL Component Info : 
+---Adders : 
	   2 Input   64 Bit       Adders := 1     
	   3 Input   33 Bit       Adders := 1     
	   2 Input   32 Bit       Adders := 3     
	   2 Input   30 Bit       Adders := 2     
	   2 Input    5 Bit       Adders := 1     
+---XORs : 
	   2 Input     32 Bit         XORs := 1     
	   2 Input      1 Bit         XORs := 2     
+---Registers : 
	              213 Bit    Registers := 1     
	              154 Bit    Registers := 1     
	              118 Bit    Registers := 1     
	               64 Bit    Registers := 2     
	               40 Bit    Registers := 1     
	               32 Bit    Registers := 38    
	                5 Bit    Registers := 1     
	                1 Bit    Registers := 14    
+---Muxes : 
	   2 Input   64 Bit        Muxes := 3     
	   4 Input   32 Bit        Muxes := 2     
	   2 Input   32 Bit        Muxes := 32    
	   3 Input   32 Bit        Muxes := 2     
	   2 Input   24 Bit        Muxes := 1     
	   4 Input    8 Bit        Muxes := 1     
	   2 Input    5 Bit        Muxes := 3     
	   6 Input    4 Bit        Muxes := 1     
	   2 Input    2 Bit        Muxes := 2     
	   2 Input    1 Bit        Muxes := 35    
	   4 Input    1 Bit        Muxes := 1     
	  13 Input    1 Bit        Muxes := 1     
---------------------------------------------------------------------------------
Finished RTL Component Statistics 
---------------------------------------------------------------------------------
---------------------------------------------------------------------------------
Start Part Resource Summary
---------------------------------------------------------------------------------
Part Resources:
DSPs: 740 (col length:100)
BRAMs: 730 (col length: RAMB18 100 RAMB36 50)
---------------------------------------------------------------------------------
Finished Part Resource Summary
---------------------------------------------------------------------------------
---------------------------------------------------------------------------------
Start Cross Boundary and Area Optimization
---------------------------------------------------------------------------------
WARNING: [Synth 8-7080] Parallel synthesis criteria is not met
WARNING: [Synth 8-7129] Port mem_addr[31] in module pipeline_cpu is either unconnected or has no load
WARNING: [Synth 8-7129] Port mem_addr[30] in module pipeline_cpu is either unconnected or has no load
WARNING: [Synth 8-7129] Port mem_addr[29] in module pipeline_cpu is either unconnected or has no load
WARNING: [Synth 8-7129] Port mem_addr[28] in module pipeline_cpu is either unconnected or has no load
WARNING: [Synth 8-7129] Port mem_addr[27] in module pipeline_cpu is either unconnected or has no load
WARNING: [Synth 8-7129] Port mem_addr[26] in module pipeline_cpu is either unconnected or has no load
WARNING: [Synth 8-7129] Port mem_addr[25] in module pipeline_cpu is either unconnected or has no load
WARNING: [Synth 8-7129] Port mem_addr[24] in module pipeline_cpu is either unconnected or has no load
WARNING: [Synth 8-7129] Port mem_addr[23] in module pipeline_cpu is either unconnected or has no load
WARNING: [Synth 8-7129] Port mem_addr[22] in module pipeline_cpu is either unconnected or has no load
WARNING: [Synth 8-7129] Port mem_addr[21] in module pipeline_cpu is either unconnected or has no load
WARNING: [Synth 8-7129] Port mem_addr[20] in module pipeline_cpu is either unconnected or has no load
WARNING: [Synth 8-7129] Port mem_addr[19] in module pipeline_cpu is either unconnected or has no load
WARNING: [Synth 8-7129] Port mem_addr[18] in module pipeline_cpu is either unconnected or has no load
WARNING: [Synth 8-7129] Port mem_addr[17] in module pipeline_cpu is either unconnected or has no load
WARNING: [Synth 8-7129] Port mem_addr[16] in module pipeline_cpu is either unconnected or has no load
WARNING: [Synth 8-7129] Port mem_addr[15] in module pipeline_cpu is either unconnected or has no load
WARNING: [Synth 8-7129] Port mem_addr[14] in module pipeline_cpu is either unconnected or has no load
WARNING: [Synth 8-7129] Port mem_addr[13] in module pipeline_cpu is either unconnected or has no load
WARNING: [Synth 8-7129] Port mem_addr[12] in module pipeline_cpu is either unconnected or has no load
WARNING: [Synth 8-7129] Port mem_addr[11] in module pipeline_cpu is either unconnected or has no load
WARNING: [Synth 8-7129] Port mem_addr[10] in module pipeline_cpu is either unconnected or has no load
WARNING: [Synth 8-7129] Port mem_addr[1] in module pipeline_cpu is either unconnected or has no load
WARNING: [Synth 8-7129] Port mem_addr[0] in module pipeline_cpu is either unconnected or has no load
---------------------------------------------------------------------------------
Finished Cross Boundary and Area Optimization : Time (s): cpu = 00:00:43 ; elapsed = 00:00:44 . Memory (MB): peak = 1561.059 ; gain = 817.898
---------------------------------------------------------------------------------
---------------------------------------------------------------------------------
Start Applying XDC Timing Constraints
---------------------------------------------------------------------------------
---------------------------------------------------------------------------------
Finished Applying XDC Timing Constraints : Time (s): cpu = 00:00:53 ; elapsed = 00:00:55 . Memory (MB): peak = 1580.641 ; gain = 837.480
---------------------------------------------------------------------------------
---------------------------------------------------------------------------------
Start Timing Optimization
---------------------------------------------------------------------------------
---------------------------------------------------------------------------------
Finished Timing Optimization : Time (s): cpu = 00:00:54 ; elapsed = 00:00:56 . Memory (MB): peak = 1588.785 ; gain = 845.625
---------------------------------------------------------------------------------
---------------------------------------------------------------------------------
Start Technology Mapping
---------------------------------------------------------------------------------
---------------------------------------------------------------------------------
Finished Technology Mapping : Time (s): cpu = 00:00:56 ; elapsed = 00:00:58 . Memory (MB): peak = 1684.438 ; gain = 941.277
---------------------------------------------------------------------------------
---------------------------------------------------------------------------------
Start IO Insertion
---------------------------------------------------------------------------------
---------------------------------------------------------------------------------
Start Flattening Before IO Insertion
---------------------------------------------------------------------------------
---------------------------------------------------------------------------------
Finished Flattening Before IO Insertion
---------------------------------------------------------------------------------
---------------------------------------------------------------------------------
Start Final Netlist Cleanup
---------------------------------------------------------------------------------
---------------------------------------------------------------------------------
Finished Final Netlist Cleanup
---------------------------------------------------------------------------------
WARNING: [Synth 8-5410] Found another clock driver cpu_clk_cg:O [D:/1012/final_project/lab8/lab8.srcs/sources_1/imports/8_pipeline_cpu/pipeline_cpu_display.v:50]
---------------------------------------------------------------------------------
Finished IO Insertion : Time (s): cpu = 00:01:04 ; elapsed = 00:01:06 . Memory (MB): peak = 1827.906 ; gain = 1084.746
---------------------------------------------------------------------------------
---------------------------------------------------------------------------------
Start Renaming Generated Instances
---------------------------------------------------------------------------------
---------------------------------------------------------------------------------
Finished Renaming Generated Instances : Time (s): cpu = 00:01:04 ; elapsed = 00:01:06 . Memory (MB): peak = 1827.906 ; gain = 1084.746
---------------------------------------------------------------------------------
---------------------------------------------------------------------------------
Start Rebuilding User Hierarchy
---------------------------------------------------------------------------------
---------------------------------------------------------------------------------
Finished Rebuilding User Hierarchy : Time (s): cpu = 00:01:04 ; elapsed = 00:01:06 . Memory (MB): peak = 1827.906 ; gain = 1084.746
---------------------------------------------------------------------------------
---------------------------------------------------------------------------------
Start Renaming Generated Ports
---------------------------------------------------------------------------------
---------------------------------------------------------------------------------
Finished Renaming Generated Ports : Time (s): cpu = 00:01:04 ; elapsed = 00:01:06 . Memory (MB): peak = 1827.906 ; gain = 1084.746
---------------------------------------------------------------------------------
---------------------------------------------------------------------------------
Start Handling Custom Attributes
---------------------------------------------------------------------------------
---------------------------------------------------------------------------------
Finished Handling Custom Attributes : Time (s): cpu = 00:01:05 ; elapsed = 00:01:07 . Memory (MB): peak = 1827.906 ; gain = 1084.746
---------------------------------------------------------------------------------
---------------------------------------------------------------------------------
Start Renaming Generated Nets
---------------------------------------------------------------------------------
---------------------------------------------------------------------------------
Finished Renaming Generated Nets : Time (s): cpu = 00:01:05 ; elapsed = 00:01:07 . Memory (MB): peak = 1827.906 ; gain = 1084.746
---------------------------------------------------------------------------------
---------------------------------------------------------------------------------
Start Writing Synthesis Report
---------------------------------------------------------------------------------

Report BlackBoxes: 
+------+--------------+----------+
|      |BlackBox name |Instances |
+------+--------------+----------+
|1     |lcd_module    |         1|
|2     |inst_rom      |         1|
|3     |data_ram      |         1|
+------+--------------+----------+

Report Cell Usage: 
+------+-----------+------+
|      |Cell       |Count |
+------+-----------+------+
|1     |data_ram   |     1|
|2     |inst_rom   |     1|
|3     |lcd_module |     1|
|4     |BUFG       |     1|
|5     |BUFGCE     |     1|
|6     |CARRY4     |    92|
|7     |LUT1       |   133|
|8     |LUT2       |    98|
|9     |LUT3       |   189|
|10    |LUT4       |   164|
|11    |LUT5       |   508|
|12    |LUT6       |  1472|
|13    |MUXF7      |   289|
|14    |FDRE       |  1914|
|15    |FDSE       |    15|
|16    |IBUF       |     3|
|17    |OBUF       |     8|
+------+-----------+------+
---------------------------------------------------------------------------------
Finished Writing Synthesis Report : Time (s): cpu = 00:01:05 ; elapsed = 00:01:07 . Memory (MB): peak = 1827.906 ; gain = 1084.746
---------------------------------------------------------------------------------
Synthesis finished with 0 errors, 0 critical warnings and 26 warnings.
Synthesis Optimization Runtime : Time (s): cpu = 00:00:50 ; elapsed = 00:01:02 . Memory (MB): peak = 1827.906 ; gain = 1008.492
Synthesis Optimization Complete : Time (s): cpu = 00:01:05 ; elapsed = 00:01:07 . Memory (MB): peak = 1827.906 ; gain = 1084.746
INFO: [Project 1-571] Translating synthesized netlist
Netlist sorting complete. Time (s): cpu = 00:00:00 ; elapsed = 00:00:00.092 . Memory (MB): peak = 1827.906 ; gain = 0.000
WARNING: [Netlist 29-345] The value of SIM_DEVICE on instance 'cpu_clk_cg' of type 'BUFGCE' is 'ULTRASCALE'; it is being changed to match the current FPGA architecture, '7SERIES'. For functional simulation to match hardware behavior, the value of SIM_DEVICE should be changed in the source netlist. 
INFO: [Netlist 29-17] Analyzing 382 Unisim elements for replacement
INFO: [Netlist 29-28] Unisim Transformation completed in 0 CPU seconds
INFO: [Project 1-570] Preparing netlist for logic optimization
INFO: [Opt 31-138] Pushed 0 inverter(s) to 0 load pin(s).
Netlist sorting complete. Time (s): cpu = 00:00:00 ; elapsed = 00:00:00.002 . Memory (MB): peak = 1843.332 ; gain = 0.000
INFO: [Project 1-111] Unisim Transformation Summary:
  A total of 1 instances were transformed.
  BUFGCE => BUFGCTRL: 1 instance 

Synth Design complete | Checksum: 85a2ba89
INFO: [Common 17-83] Releasing license: Synthesis
49 Infos, 55 Warnings, 1 Critical Warnings and 0 Errors encountered.
synth_design completed successfully
synth_design: Time (s): cpu = 00:01:12 ; elapsed = 00:01:22 . Memory (MB): peak = 1843.332 ; gain = 1333.008
INFO: [runtcl-6] Synthesis results are not added to the cache due to CRITICAL_WARNING
Write ShapeDB Complete: Time (s): cpu = 00:00:00 ; elapsed = 00:00:00.025 . Memory (MB): peak = 1843.332 ; gain = 0.000
INFO: [Common 17-1381] The checkpoint 'D:/1012/final_project/lab8/lab8.runs/synth_1/pipeline_cpu_display.dcp' has been generated.
INFO: [Vivado 12-24828] Executing command : report_utilization -file pipeline_cpu_display_utilization_synth.rpt -pb pipeline_cpu_display_utilization_synth.pb
INFO: [Common 17-206] Exiting Vivado at Sun Jun  7 21:42:30 2026...
