Copyright 1986-2022 Xilinx, Inc. All Rights Reserved. Copyright 2022-2025 Advanced Micro Devices, Inc. All Rights Reserved.
---------------------------------------------------------------------------------------------------------------------------------------------------------------------------------------------------------------------------------------------
| Tool Version : Vivado v.2025.1 (win64) Build 6140274 Thu May 22 00:12:29 MDT 2025
| Date         : Tue May 12 13:09:18 2026
| Host         : DESKTOP-JH0OJSQ running 64-bit major release  (build 9200)
| Command      : report_timing_summary -max_paths 10 -routable_nets -report_unconstrained -file alu_display_timing_summary_routed.rpt -pb alu_display_timing_summary_routed.pb -rpx alu_display_timing_summary_routed.rpx -warn_on_violation
| Design       : alu_display
| Device       : 7a200t-fbg676
| Speed File   : -2  PRODUCTION 1.23 2018-06-13
| Design State : Routed
---------------------------------------------------------------------------------------------------------------------------------------------------------------------------------------------------------------------------------------------

Timing Summary Report

------------------------------------------------------------------------------------------------
| Timer Settings
| --------------
------------------------------------------------------------------------------------------------

  Enable Multi Corner Analysis               :  Yes
  Enable Pessimism Removal                   :  Yes
  Pessimism Removal Resolution               :  Nearest Common Node
  Enable Input Delay Default Clock           :  No
  Enable Preset / Clear Arcs                 :  No
  Disable Flight Delays                      :  No
  Ignore I/O Paths                           :  No
  Timing Early Launch at Borrowing Latches   :  No
  Borrow Time for Max Delay Exceptions       :  Yes
  Merge Timing Exceptions                    :  Yes
  Inter-SLR Compensation                     :  Conservative

  Corner  Analyze    Analyze    
  Name    Max Paths  Min Paths  
  ------  ---------  ---------  
  Slow    Yes        Yes        
  Fast    Yes        Yes        


------------------------------------------------------------------------------------------------
| Report Methodology
| ------------------
------------------------------------------------------------------------------------------------

Rule       Severity          Description                   Violations  
---------  ----------------  ----------------------------  ----------  
TIMING-17  Critical Warning  Non-clocked sequential cell   386         
HPDR-2     Warning           Port pin INOUT inconsistency  16          

Note: This report is based on the most recent report_methodology run and may not be up-to-date. Run report_methodology on the current design for the latest report.



check_timing report

Table of Contents
-----------------
1. checking no_clock (386)
2. checking constant_clock (0)
3. checking pulse_width_clock (0)
4. checking unconstrained_internal_endpoints (831)
5. checking no_input_delay (8)
6. checking no_output_delay (23)
7. checking multiple_clock (0)
8. checking generated_clocks (0)
9. checking loops (0)
10. checking partial_input_delay (0)
11. checking partial_output_delay (0)
12. checking latch_loops (0)

1. checking no_clock (386)
--------------------------
 There are 280 register/latch pins with no clock driven by root clock pin: clk (HIGH)

 There are 106 register/latch pins with no clock driven by root clock pin: lcd_module/clk_2_reg/Q (HIGH)


2. checking constant_clock (0)
------------------------------
 There are 0 register/latch pins with constant_clock.


3. checking pulse_width_clock (0)
---------------------------------
 There are 0 register/latch pins which need pulse_width check


4. checking unconstrained_internal_endpoints (831)
--------------------------------------------------
 There are 831 pins that are not constrained for maximum delay. (HIGH)

 There are 0 pins that are not constrained for maximum delay due to constant clock.


5. checking no_input_delay (8)
------------------------------
 There are 8 input ports with no input delay specified. (HIGH)

 There are 0 input ports with no input delay but user has a false path constraint.


6. checking no_output_delay (23)
--------------------------------
 There are 23 ports with no output delay specified. (HIGH)

 There are 0 ports with no output delay but user has a false path constraint

 There are 0 ports with no output delay but with a timing clock defined on it or propagating through it


7. checking multiple_clock (0)
------------------------------
 There are 0 register/latch pins with multiple clocks.


8. checking generated_clocks (0)
--------------------------------
 There are 0 generated clocks that are not connected to a clock source.


9. checking loops (0)
---------------------
 There are 0 combinational loops in the design.


10. checking partial_input_delay (0)
------------------------------------
 There are 0 input ports with partial input delay specified.


11. checking partial_output_delay (0)
-------------------------------------
 There are 0 ports with partial output delay specified.


12. checking latch_loops (0)
----------------------------
 There are 0 combinational latch loops in the design through latch input



------------------------------------------------------------------------------------------------
| Design Timing Summary
| ---------------------
------------------------------------------------------------------------------------------------

    WNS(ns)      TNS(ns)  TNS Failing Endpoints  TNS Total Endpoints      WHS(ns)      THS(ns)  THS Failing Endpoints  THS Total Endpoints     WPWS(ns)     TPWS(ns)  TPWS Failing Endpoints  TPWS Total Endpoints  
    -------      -------  ---------------------  -------------------      -------      -------  ---------------------  -------------------     --------     --------  ----------------------  --------------------  
        inf        0.000                      0                  854          inf        0.000                      0                  854           NA           NA                      NA                    NA  


There are no user specified timing constraints.


------------------------------------------------------------------------------------------------
| Clock Summary
| -------------
------------------------------------------------------------------------------------------------


------------------------------------------------------------------------------------------------
| Intra Clock Table
| -----------------
------------------------------------------------------------------------------------------------

Clock             WNS(ns)      TNS(ns)  TNS Failing Endpoints  TNS Total Endpoints      WHS(ns)      THS(ns)  THS Failing Endpoints  THS Total Endpoints     WPWS(ns)     TPWS(ns)  TPWS Failing Endpoints  TPWS Total Endpoints  
-----             -------      -------  ---------------------  -------------------      -------      -------  ---------------------  -------------------     --------     --------  ----------------------  --------------------  


------------------------------------------------------------------------------------------------
| Inter Clock Table
| -----------------
------------------------------------------------------------------------------------------------

From Clock    To Clock          WNS(ns)      TNS(ns)  TNS Failing Endpoints  TNS Total Endpoints      WHS(ns)      THS(ns)  THS Failing Endpoints  THS Total Endpoints  
----------    --------          -------      -------  ---------------------  -------------------      -------      -------  ---------------------  -------------------  


------------------------------------------------------------------------------------------------
| Other Path Groups Table
| -----------------------
------------------------------------------------------------------------------------------------

Path Group    From Clock    To Clock          WNS(ns)      TNS(ns)  TNS Failing Endpoints  TNS Total Endpoints      WHS(ns)      THS(ns)  THS Failing Endpoints  THS Total Endpoints  
----------    ----------    --------          -------      -------  ---------------------  -------------------      -------      -------  ---------------------  -------------------  


------------------------------------------------------------------------------------------------
| User Ignored Path Table
| -----------------------
------------------------------------------------------------------------------------------------

Path Group    From Clock    To Clock    
----------    ----------    --------    


------------------------------------------------------------------------------------------------
| Unconstrained Path Table
| ------------------------
------------------------------------------------------------------------------------------------

Path Group    From Clock    To Clock    
----------    ----------    --------    
(none)                                    


------------------------------------------------------------------------------------------------
| Timing Details
| --------------
------------------------------------------------------------------------------------------------


--------------------------------------------------------------------------------------
Path Group:  (none)
From Clock:  
  To Clock:  

Max Delay           854 Endpoints
Min Delay           854 Endpoints
--------------------------------------------------------------------------------------


Max Delay Paths
--------------------------------------------------------------------------------------
Slack:                    inf
  Source:                 alu_control_sw[2]
                            (input port)
  Destination:            display_value_reg[0]/D
  Path Group:             (none)
  Path Type:              Max at Slow Process Corner
  Data Path Delay:        12.220ns  (logic 3.462ns (28.330%)  route 8.758ns (71.670%))
  Logic Levels:           14  (CARRY4=8 IBUF=1 LUT4=1 LUT5=2 LUT6=2)

    Location             Delay type                Incr(ns)  Path(ns)    Netlist Resource(s)
  -------------------------------------------------------------------    -------------------
    AC22                                              0.000     0.000 r  alu_control_sw[2] (IN)
                         net (fo=0)                   0.000     0.000    alu_control_sw[2]
    AC22                 IBUF (Prop_ibuf_I_O)         1.457     1.457 r  alu_control_sw_IBUF[2]_inst/O
                         net (fo=95, routed)          5.015     6.472    alu_module/adder_module/alu_control_sw_IBUF[2]
    SLICE_X12Y182        LUT5 (Prop_lut5_I0_O)        0.105     6.577 r  alu_module/adder_module/display_value[3]_i_14/O
                         net (fo=1, routed)           0.561     7.138    alu_module/adder_module/display_value[3]_i_14_n_0
    SLICE_X11Y182        CARRY4 (Prop_carry4_CYINIT_CO[3])
                                                      0.480     7.618 r  alu_module/adder_module/display_value_reg[3]_i_7/CO[3]
                         net (fo=1, routed)           0.000     7.618    alu_module/adder_module/display_value_reg[3]_i_7_n_0
    SLICE_X11Y183        CARRY4 (Prop_carry4_CI_CO[3])
                                                      0.098     7.716 r  alu_module/adder_module/display_value_reg[7]_i_6/CO[3]
                         net (fo=1, routed)           0.000     7.716    alu_module/adder_module/display_value_reg[7]_i_6_n_0
    SLICE_X11Y184        CARRY4 (Prop_carry4_CI_CO[3])
                                                      0.098     7.814 r  alu_module/adder_module/display_value_reg[11]_i_7/CO[3]
                         net (fo=1, routed)           0.000     7.814    alu_module/adder_module/display_value_reg[11]_i_7_n_0
    SLICE_X11Y185        CARRY4 (Prop_carry4_CI_CO[3])
                                                      0.098     7.912 r  alu_module/adder_module/display_value_reg[15]_i_7/CO[3]
                         net (fo=1, routed)           0.000     7.912    alu_module/adder_module/display_value_reg[15]_i_7_n_0
    SLICE_X11Y186        CARRY4 (Prop_carry4_CI_CO[3])
                                                      0.098     8.010 r  alu_module/adder_module/display_value_reg[19]_i_7/CO[3]
                         net (fo=1, routed)           0.000     8.010    alu_module/adder_module/display_value_reg[19]_i_7_n_0
    SLICE_X11Y187        CARRY4 (Prop_carry4_CI_CO[3])
                                                      0.098     8.108 r  alu_module/adder_module/display_value_reg[23]_i_7/CO[3]
                         net (fo=1, routed)           0.000     8.108    alu_module/adder_module/display_value_reg[23]_i_7_n_0
    SLICE_X11Y188        CARRY4 (Prop_carry4_CI_CO[3])
                                                      0.098     8.206 r  alu_module/adder_module/display_value_reg[27]_i_6/CO[3]
                         net (fo=1, routed)           0.000     8.206    alu_module/adder_module/display_value_reg[27]_i_6_n_0
    SLICE_X11Y189        CARRY4 (Prop_carry4_CI_O[3])
                                                      0.260     8.466 f  alu_module/adder_module/display_value_reg[31]_i_8/O[3]
                         net (fo=3, routed)           0.825     9.291    alu_module/adder_module/adder_result[31]
    SLICE_X10Y188        LUT4 (Prop_lut4_I3_O)        0.257     9.548 f  alu_module/adder_module/display_value[0]_i_27/O
                         net (fo=1, routed)           0.566    10.114    alu_module/adder_module/display_value[0]_i_27_n_0
    SLICE_X10Y188        LUT5 (Prop_lut5_I4_O)        0.105    10.219 f  alu_module/adder_module/display_value[0]_i_12/O
                         net (fo=1, routed)           0.915    11.134    alu_module/adder_module/display_value[0]_i_12_n_0
    SLICE_X12Y185        LUT6 (Prop_lut6_I1_O)        0.105    11.239 r  alu_module/adder_module/display_value[0]_i_4/O
                         net (fo=1, routed)           0.876    12.115    alu_module/adder_module/display_value[0]_i_4_n_0
    SLICE_X13Y184        LUT6 (Prop_lut6_I2_O)        0.105    12.220 r  alu_module/adder_module/display_value[0]_i_1/O
                         net (fo=1, routed)           0.000    12.220    alu_module_n_0
    SLICE_X13Y184        FDRE                                         r  display_value_reg[0]/D
  -------------------------------------------------------------------    -------------------

Slack:                    inf
  Source:                 alu_control_sw[1]
                            (input port)
  Destination:            display_value_reg[14]/D
  Path Group:             (none)
  Path Type:              Max at Slow Process Corner
  Data Path Delay:        11.387ns  (logic 2.263ns (19.872%)  route 9.124ns (80.128%))
  Logic Levels:           7  (IBUF=1 LUT4=1 LUT5=2 LUT6=3)

    Location             Delay type                Incr(ns)  Path(ns)    Netlist Resource(s)
  -------------------------------------------------------------------    -------------------
    AD24                                              0.000     0.000 r  alu_control_sw[1] (IN)
                         net (fo=0)                   0.000     0.000    alu_control_sw[1]
    AD24                 IBUF (Prop_ibuf_I_O)         1.461     1.461 r  alu_control_sw_IBUF[1]_inst/O
                         net (fo=99, routed)          5.438     6.899    alu_module/adder_module/alu_control_sw_IBUF[1]
    SLICE_X12Y185        LUT4 (Prop_lut4_I2_O)        0.105     7.004 f  alu_module/adder_module/display_value[30]_i_7/O
                         net (fo=20, routed)          1.048     8.052    alu_module/adder_module/display_value[30]_i_7_n_0
    SLICE_X16Y191        LUT6 (Prop_lut6_I0_O)        0.105     8.157 f  alu_module/adder_module/display_value[30]_i_11/O
                         net (fo=3, routed)           0.560     8.717    alu_module/adder_module/display_value[30]_i_11_n_0
    SLICE_X17Y191        LUT5 (Prop_lut5_I2_O)        0.115     8.832 r  alu_module/adder_module/display_value[14]_i_7/O
                         net (fo=1, routed)           0.334     9.166    alu_module/adder_module/display_value[14]_i_7_n_0
    SLICE_X16Y191        LUT6 (Prop_lut6_I4_O)        0.267     9.433 r  alu_module/adder_module/display_value[14]_i_4/O
                         net (fo=1, routed)           0.979    10.412    alu_module/adder_module/display_value[14]_i_4_n_0
    SLICE_X14Y186        LUT5 (Prop_lut5_I1_O)        0.105    10.517 f  alu_module/adder_module/display_value[14]_i_2/O
                         net (fo=1, routed)           0.765    11.282    alu_module/adder_module/display_value[14]_i_2_n_0
    SLICE_X13Y185        LUT6 (Prop_lut6_I0_O)        0.105    11.387 r  alu_module/adder_module/display_value[14]_i_1/O
                         net (fo=1, routed)           0.000    11.387    alu_module_n_14
    SLICE_X13Y185        FDRE                                         r  display_value_reg[14]/D
  -------------------------------------------------------------------    -------------------

Slack:                    inf
  Source:                 alu_control_sw[0]
                            (input port)
  Destination:            display_value_reg[9]/D
  Path Group:             (none)
  Path Type:              Max at Slow Process Corner
  Data Path Delay:        11.262ns  (logic 2.054ns (18.234%)  route 9.208ns (81.766%))
  Logic Levels:           7  (IBUF=1 LUT4=1 LUT5=1 LUT6=4)

    Location             Delay type                Incr(ns)  Path(ns)    Netlist Resource(s)
  -------------------------------------------------------------------    -------------------
    AC21                                              0.000     0.000 r  alu_control_sw[0] (IN)
                         net (fo=0)                   0.000     0.000    alu_control_sw[0]
    AC21                 IBUF (Prop_ibuf_I_O)         1.424     1.424 r  alu_control_sw_IBUF[0]_inst/O
                         net (fo=98, routed)          5.156     6.580    alu_module/adder_module/alu_control_sw_IBUF[0]
    SLICE_X14Y186        LUT4 (Prop_lut4_I1_O)        0.105     6.685 r  alu_module/adder_module/display_value[20]_i_8/O
                         net (fo=15, routed)          0.921     7.606    alu_module/adder_module/display_value[20]_i_8_n_0
    SLICE_X12Y189        LUT6 (Prop_lut6_I5_O)        0.105     7.711 f  alu_module/adder_module/display_value[29]_i_10/O
                         net (fo=2, routed)           0.552     8.263    alu_module/adder_module/display_value[29]_i_10_n_0
    SLICE_X13Y189        LUT6 (Prop_lut6_I0_O)        0.105     8.368 r  alu_module/adder_module/display_value[25]_i_6/O
                         net (fo=2, routed)           1.057     9.425    alu_module/adder_module/display_value[25]_i_6_n_0
    SLICE_X13Y188        LUT6 (Prop_lut6_I0_O)        0.105     9.530 r  alu_module/adder_module/display_value[9]_i_4/O
                         net (fo=1, routed)           0.975    10.506    alu_module/adder_module/display_value[9]_i_4_n_0
    SLICE_X9Y184         LUT5 (Prop_lut5_I1_O)        0.105    10.611 f  alu_module/adder_module/display_value[9]_i_2/O
                         net (fo=1, routed)           0.546    11.157    alu_module/adder_module/display_value[9]_i_2_n_0
    SLICE_X9Y184         LUT6 (Prop_lut6_I2_O)        0.105    11.262 r  alu_module/adder_module/display_value[9]_i_1/O
                         net (fo=1, routed)           0.000    11.262    alu_module_n_9
    SLICE_X9Y184         FDRE                                         r  display_value_reg[9]/D
  -------------------------------------------------------------------    -------------------

Slack:                    inf
  Source:                 alu_control_sw[1]
                            (input port)
  Destination:            display_value_reg[6]/D
  Path Group:             (none)
  Path Type:              Max at Slow Process Corner
  Data Path Delay:        10.968ns  (logic 2.091ns (19.063%)  route 8.877ns (80.937%))
  Logic Levels:           7  (IBUF=1 LUT4=2 LUT5=2 LUT6=2)

    Location             Delay type                Incr(ns)  Path(ns)    Netlist Resource(s)
  -------------------------------------------------------------------    -------------------
    AD24                                              0.000     0.000 r  alu_control_sw[1] (IN)
                         net (fo=0)                   0.000     0.000    alu_control_sw[1]
    AD24                 IBUF (Prop_ibuf_I_O)         1.461     1.461 r  alu_control_sw_IBUF[1]_inst/O
                         net (fo=99, routed)          5.438     6.899    alu_module/adder_module/alu_control_sw_IBUF[1]
    SLICE_X12Y185        LUT4 (Prop_lut4_I2_O)        0.105     7.004 f  alu_module/adder_module/display_value[30]_i_7/O
                         net (fo=20, routed)          1.048     8.052    alu_module/adder_module/display_value[30]_i_7_n_0
    SLICE_X16Y191        LUT6 (Prop_lut6_I0_O)        0.105     8.157 f  alu_module/adder_module/display_value[30]_i_11/O
                         net (fo=3, routed)           0.655     8.812    alu_module/adder_module/display_value[30]_i_11_n_0
    SLICE_X18Y190        LUT4 (Prop_lut4_I0_O)        0.105     8.917 r  alu_module/adder_module/display_value[22]_i_6/O
                         net (fo=2, routed)           0.685     9.603    alu_module/adder_module/display_value[22]_i_6_n_0
    SLICE_X18Y189        LUT5 (Prop_lut5_I1_O)        0.105     9.708 r  alu_module/adder_module/display_value[6]_i_4/O
                         net (fo=1, routed)           0.518    10.226    alu_module/adder_module/display_value[6]_i_4_n_0
    SLICE_X14Y183        LUT5 (Prop_lut5_I1_O)        0.105    10.331 f  alu_module/adder_module/display_value[6]_i_2/O
                         net (fo=1, routed)           0.532    10.863    alu_module/adder_module/display_value[6]_i_2_n_0
    SLICE_X14Y183        LUT6 (Prop_lut6_I2_O)        0.105    10.968 r  alu_module/adder_module/display_value[6]_i_1/O
                         net (fo=1, routed)           0.000    10.968    alu_module_n_6
    SLICE_X14Y183        FDRE                                         r  display_value_reg[6]/D
  -------------------------------------------------------------------    -------------------

Slack:                    inf
  Source:                 alu_control_sw[1]
                            (input port)
  Destination:            display_value_reg[7]/D
  Path Group:             (none)
  Path Type:              Max at Slow Process Corner
  Data Path Delay:        10.949ns  (logic 2.158ns (19.708%)  route 8.791ns (80.292%))
  Logic Levels:           6  (IBUF=1 LUT4=1 LUT5=2 LUT6=2)

    Location             Delay type                Incr(ns)  Path(ns)    Netlist Resource(s)
  -------------------------------------------------------------------    -------------------
    AD24                                              0.000     0.000 f  alu_control_sw[1] (IN)
                         net (fo=0)                   0.000     0.000    alu_control_sw[1]
    AD24                 IBUF (Prop_ibuf_I_O)         1.461     1.461 f  alu_control_sw_IBUF[1]_inst/O
                         net (fo=99, routed)          5.189     6.650    alu_module/adder_module/alu_control_sw_IBUF[1]
    SLICE_X15Y190        LUT4 (Prop_lut4_I0_O)        0.115     6.765 r  alu_module/adder_module/display_value[3]_i_12/O
                         net (fo=29, routed)          1.500     8.265    alu_module/adder_module/display_value[3]_i_12_n_0
    SLICE_X17Y187        LUT5 (Prop_lut5_I1_O)        0.267     8.532 r  alu_module/adder_module/display_value[7]_i_7/O
                         net (fo=2, routed)           0.519     9.051    alu_module/adder_module/display_value[7]_i_7_n_0
    SLICE_X19Y186        LUT6 (Prop_lut6_I1_O)        0.105     9.156 r  alu_module/adder_module/display_value[7]_i_4/O
                         net (fo=1, routed)           0.924    10.080    alu_module/adder_module/display_value[7]_i_4_n_0
    SLICE_X15Y182        LUT5 (Prop_lut5_I1_O)        0.105    10.185 f  alu_module/adder_module/display_value[7]_i_2/O
                         net (fo=1, routed)           0.659    10.844    alu_module/adder_module/display_value[7]_i_2_n_0
    SLICE_X14Y181        LUT6 (Prop_lut6_I0_O)        0.105    10.949 r  alu_module/adder_module/display_value[7]_i_1/O
                         net (fo=1, routed)           0.000    10.949    alu_module_n_7
    SLICE_X14Y181        FDRE                                         r  display_value_reg[7]/D
  -------------------------------------------------------------------    -------------------

Slack:                    inf
  Source:                 alu_control_sw[1]
                            (input port)
  Destination:            display_value_reg[17]/D
  Path Group:             (none)
  Path Type:              Max at Slow Process Corner
  Data Path Delay:        10.919ns  (logic 2.263ns (20.724%)  route 8.656ns (79.276%))
  Logic Levels:           7  (IBUF=1 LUT4=1 LUT5=1 LUT6=4)

    Location             Delay type                Incr(ns)  Path(ns)    Netlist Resource(s)
  -------------------------------------------------------------------    -------------------
    AD24                                              0.000     0.000 f  alu_control_sw[1] (IN)
                         net (fo=0)                   0.000     0.000    alu_control_sw[1]
    AD24                 IBUF (Prop_ibuf_I_O)         1.461     1.461 f  alu_control_sw_IBUF[1]_inst/O
                         net (fo=99, routed)          5.189     6.650    alu_module/adder_module/alu_control_sw_IBUF[1]
    SLICE_X15Y190        LUT4 (Prop_lut4_I0_O)        0.115     6.765 r  alu_module/adder_module/display_value[3]_i_12/O
                         net (fo=29, routed)          0.985     7.750    alu_module/adder_module/display_value[3]_i_12_n_0
    SLICE_X16Y188        LUT6 (Prop_lut6_I5_O)        0.267     8.017 r  alu_module/adder_module/display_value[17]_i_9/O
                         net (fo=1, routed)           0.473     8.490    alu_module/adder_module/display_value[17]_i_9_n_0
    SLICE_X15Y188        LUT6 (Prop_lut6_I0_O)        0.105     8.595 r  alu_module/adder_module/display_value[17]_i_7/O
                         net (fo=1, routed)           0.535     9.130    alu_module/adder_module/display_value[17]_i_7_n_0
    SLICE_X12Y187        LUT6 (Prop_lut6_I5_O)        0.105     9.235 r  alu_module/adder_module/display_value[17]_i_4/O
                         net (fo=1, routed)           0.795    10.030    alu_module/adder_module/display_value[17]_i_4_n_0
    SLICE_X8Y186         LUT5 (Prop_lut5_I1_O)        0.105    10.135 f  alu_module/adder_module/display_value[17]_i_2/O
                         net (fo=1, routed)           0.679    10.814    alu_module/adder_module/display_value[17]_i_2_n_0
    SLICE_X8Y184         LUT6 (Prop_lut6_I2_O)        0.105    10.919 r  alu_module/adder_module/display_value[17]_i_1/O
                         net (fo=1, routed)           0.000    10.919    alu_module_n_17
    SLICE_X8Y184         FDRE                                         r  display_value_reg[17]/D
  -------------------------------------------------------------------    -------------------

Slack:                    inf
  Source:                 alu_control_sw[1]
                            (input port)
  Destination:            display_value_reg[23]/D
  Path Group:             (none)
  Path Type:              Max at Slow Process Corner
  Data Path Delay:        10.859ns  (logic 2.263ns (20.839%)  route 8.596ns (79.161%))
  Logic Levels:           7  (IBUF=1 LUT4=1 LUT5=1 LUT6=4)

    Location             Delay type                Incr(ns)  Path(ns)    Netlist Resource(s)
  -------------------------------------------------------------------    -------------------
    AD24                                              0.000     0.000 f  alu_control_sw[1] (IN)
                         net (fo=0)                   0.000     0.000    alu_control_sw[1]
    AD24                 IBUF (Prop_ibuf_I_O)         1.461     1.461 f  alu_control_sw_IBUF[1]_inst/O
                         net (fo=99, routed)          5.189     6.650    alu_module/adder_module/alu_control_sw_IBUF[1]
    SLICE_X15Y190        LUT4 (Prop_lut4_I0_O)        0.115     6.765 r  alu_module/adder_module/display_value[3]_i_12/O
                         net (fo=29, routed)          1.500     8.265    alu_module/adder_module/display_value[3]_i_12_n_0
    SLICE_X17Y187        LUT5 (Prop_lut5_I1_O)        0.267     8.532 r  alu_module/adder_module/display_value[7]_i_7/O
                         net (fo=2, routed)           0.327     8.859    alu_module/adder_module/display_value[7]_i_7_n_0
    SLICE_X17Y188        LUT6 (Prop_lut6_I0_O)        0.105     8.964 r  alu_module/adder_module/display_value[23]_i_12/O
                         net (fo=1, routed)           0.468     9.432    alu_module/adder_module/display_value[23]_i_12_n_0
    SLICE_X18Y188        LUT6 (Prop_lut6_I5_O)        0.105     9.537 r  alu_module/adder_module/display_value[23]_i_4/O
                         net (fo=1, routed)           0.536    10.073    alu_module/adder_module/display_value[23]_i_4_n_0
    SLICE_X14Y188        LUT6 (Prop_lut6_I1_O)        0.105    10.178 f  alu_module/adder_module/display_value[23]_i_2/O
                         net (fo=1, routed)           0.576    10.754    alu_module/adder_module/display_value[23]_i_2_n_0
    SLICE_X9Y188         LUT6 (Prop_lut6_I2_O)        0.105    10.859 r  alu_module/adder_module/display_value[23]_i_1/O
                         net (fo=1, routed)           0.000    10.859    alu_module_n_23
    SLICE_X9Y188         FDRE                                         r  display_value_reg[23]/D
  -------------------------------------------------------------------    -------------------

Slack:                    inf
  Source:                 alu_control_sw[0]
                            (input port)
  Destination:            display_value_reg[13]/D
  Path Group:             (none)
  Path Type:              Max at Slow Process Corner
  Data Path Delay:        10.794ns  (logic 2.054ns (19.025%)  route 8.740ns (80.975%))
  Logic Levels:           7  (IBUF=1 LUT4=1 LUT5=1 LUT6=4)

    Location             Delay type                Incr(ns)  Path(ns)    Netlist Resource(s)
  -------------------------------------------------------------------    -------------------
    AC21                                              0.000     0.000 r  alu_control_sw[0] (IN)
                         net (fo=0)                   0.000     0.000    alu_control_sw[0]
    AC21                 IBUF (Prop_ibuf_I_O)         1.424     1.424 r  alu_control_sw_IBUF[0]_inst/O
                         net (fo=98, routed)          5.156     6.580    alu_module/adder_module/alu_control_sw_IBUF[0]
    SLICE_X14Y186        LUT4 (Prop_lut4_I1_O)        0.105     6.685 r  alu_module/adder_module/display_value[20]_i_8/O
                         net (fo=15, routed)          0.921     7.606    alu_module/adder_module/display_value[20]_i_8_n_0
    SLICE_X12Y189        LUT6 (Prop_lut6_I5_O)        0.105     7.711 f  alu_module/adder_module/display_value[29]_i_10/O
                         net (fo=2, routed)           0.664     8.375    alu_module/adder_module/display_value[29]_i_10_n_0
    SLICE_X13Y190        LUT6 (Prop_lut6_I1_O)        0.105     8.480 r  alu_module/adder_module/display_value[29]_i_6/O
                         net (fo=2, routed)           0.555     9.035    alu_module/adder_module/display_value[29]_i_6_n_0
    SLICE_X13Y190        LUT6 (Prop_lut6_I4_O)        0.105     9.140 r  alu_module/adder_module/display_value[13]_i_4/O
                         net (fo=1, routed)           0.884    10.024    alu_module/adder_module/display_value[13]_i_4_n_0
    SLICE_X8Y185         LUT5 (Prop_lut5_I1_O)        0.105    10.129 f  alu_module/adder_module/display_value[13]_i_2/O
                         net (fo=1, routed)           0.560    10.689    alu_module/adder_module/display_value[13]_i_2_n_0
    SLICE_X8Y185         LUT6 (Prop_lut6_I0_O)        0.105    10.794 r  alu_module/adder_module/display_value[13]_i_1/O
                         net (fo=1, routed)           0.000    10.794    alu_module_n_13
    SLICE_X8Y185         FDRE                                         r  display_value_reg[13]/D
  -------------------------------------------------------------------    -------------------

Slack:                    inf
  Source:                 alu_control_sw[1]
                            (input port)
  Destination:            display_value_reg[11]/D
  Path Group:             (none)
  Path Type:              Max at Slow Process Corner
  Data Path Delay:        10.770ns  (logic 2.158ns (20.036%)  route 8.612ns (79.964%))
  Logic Levels:           6  (IBUF=1 LUT4=1 LUT5=1 LUT6=3)

    Location             Delay type                Incr(ns)  Path(ns)    Netlist Resource(s)
  -------------------------------------------------------------------    -------------------
    AD24                                              0.000     0.000 f  alu_control_sw[1] (IN)
                         net (fo=0)                   0.000     0.000    alu_control_sw[1]
    AD24                 IBUF (Prop_ibuf_I_O)         1.461     1.461 f  alu_control_sw_IBUF[1]_inst/O
                         net (fo=99, routed)          5.189     6.650    alu_module/adder_module/alu_control_sw_IBUF[1]
    SLICE_X15Y190        LUT4 (Prop_lut4_I0_O)        0.115     6.765 r  alu_module/adder_module/display_value[3]_i_12/O
                         net (fo=29, routed)          1.620     8.385    alu_module/adder_module/display_value[3]_i_12_n_0
    SLICE_X17Y188        LUT6 (Prop_lut6_I3_O)        0.267     8.652 r  alu_module/adder_module/display_value[27]_i_10/O
                         net (fo=2, routed)           0.806     9.458    alu_module/adder_module/display_value[27]_i_10_n_0
    SLICE_X16Y185        LUT5 (Prop_lut5_I0_O)        0.105     9.563 r  alu_module/adder_module/display_value[11]_i_5/O
                         net (fo=1, routed)           0.524    10.087    alu_module/adder_module/display_value[11]_i_5_n_0
    SLICE_X16Y184        LUT6 (Prop_lut6_I2_O)        0.105    10.192 f  alu_module/adder_module/display_value[11]_i_2/O
                         net (fo=1, routed)           0.473    10.665    alu_module/adder_module/display_value[11]_i_2_n_0
    SLICE_X15Y184        LUT6 (Prop_lut6_I2_O)        0.105    10.770 r  alu_module/adder_module/display_value[11]_i_1/O
                         net (fo=1, routed)           0.000    10.770    alu_module_n_11
    SLICE_X15Y184        FDRE                                         r  display_value_reg[11]/D
  -------------------------------------------------------------------    -------------------

Slack:                    inf
  Source:                 alu_control_sw[1]
                            (input port)
  Destination:            display_value_reg[8]/D
  Path Group:             (none)
  Path Type:              Max at Slow Process Corner
  Data Path Delay:        10.686ns  (logic 2.158ns (20.194%)  route 8.528ns (79.806%))
  Logic Levels:           6  (IBUF=1 LUT4=1 LUT5=2 LUT6=2)

    Location             Delay type                Incr(ns)  Path(ns)    Netlist Resource(s)
  -------------------------------------------------------------------    -------------------
    AD24                                              0.000     0.000 f  alu_control_sw[1] (IN)
                         net (fo=0)                   0.000     0.000    alu_control_sw[1]
    AD24                 IBUF (Prop_ibuf_I_O)         1.461     1.461 f  alu_control_sw_IBUF[1]_inst/O
                         net (fo=99, routed)          5.189     6.650    alu_module/adder_module/alu_control_sw_IBUF[1]
    SLICE_X15Y190        LUT4 (Prop_lut4_I0_O)        0.115     6.765 r  alu_module/adder_module/display_value[3]_i_12/O
                         net (fo=29, routed)          1.067     7.832    alu_module/adder_module/display_value[3]_i_12_n_0
    SLICE_X20Y187        LUT6 (Prop_lut6_I3_O)        0.267     8.099 f  alu_module/adder_module/display_value[24]_i_7/O
                         net (fo=2, routed)           0.918     9.017    alu_module/adder_module/display_value[24]_i_7_n_0
    SLICE_X19Y185        LUT5 (Prop_lut5_I2_O)        0.105     9.122 r  alu_module/adder_module/display_value[8]_i_4/O
                         net (fo=1, routed)           0.519     9.641    alu_module/adder_module/display_value[8]_i_4_n_0
    SLICE_X15Y185        LUT5 (Prop_lut5_I1_O)        0.105     9.746 f  alu_module/adder_module/display_value[8]_i_2/O
                         net (fo=1, routed)           0.835    10.581    alu_module/adder_module/display_value[8]_i_2_n_0
    SLICE_X13Y184        LUT6 (Prop_lut6_I2_O)        0.105    10.686 r  alu_module/adder_module/display_value[8]_i_1/O
                         net (fo=1, routed)           0.000    10.686    alu_module_n_8
    SLICE_X13Y184        FDRE                                         r  display_value_reg[8]/D
  -------------------------------------------------------------------    -------------------





Min Delay Paths
--------------------------------------------------------------------------------------
Slack:                    inf
  Source:                 lcd_module/touch_module/input_value_reg[20]/C
                            (rising edge-triggered cell FDRE)
  Destination:            alu_src2_reg[20]/D
  Path Group:             (none)
  Path Type:              Min at Fast Process Corner
  Data Path Delay:        0.216ns  (logic 0.141ns (65.160%)  route 0.075ns (34.840%))
  Logic Levels:           1  (FDRE=1)

    Location             Delay type                Incr(ns)  Path(ns)    Netlist Resource(s)
  -------------------------------------------------------------------    -------------------
    SLICE_X9Y187         FDRE                         0.000     0.000 r  lcd_module/touch_module/input_value_reg[20]/C
    SLICE_X9Y187         FDRE (Prop_fdre_C_Q)         0.141     0.141 r  lcd_module/touch_module/input_value_reg[20]/Q
                         net (fo=4, routed)           0.075     0.216    input_value[20]
    SLICE_X8Y187         FDRE                                         r  alu_src2_reg[20]/D
  -------------------------------------------------------------------    -------------------

Slack:                    inf
  Source:                 lcd_module/touch_module/input_value_reg[31]/C
                            (rising edge-triggered cell FDRE)
  Destination:            alu_src2_reg[31]/D
  Path Group:             (none)
  Path Type:              Min at Fast Process Corner
  Data Path Delay:        0.258ns  (logic 0.141ns (54.590%)  route 0.117ns (45.410%))
  Logic Levels:           1  (FDRE=1)

    Location             Delay type                Incr(ns)  Path(ns)    Netlist Resource(s)
  -------------------------------------------------------------------    -------------------
    SLICE_X9Y186         FDRE                         0.000     0.000 r  lcd_module/touch_module/input_value_reg[31]/C
    SLICE_X9Y186         FDRE (Prop_fdre_C_Q)         0.141     0.141 r  lcd_module/touch_module/input_value_reg[31]/Q
                         net (fo=3, routed)           0.117     0.258    input_value[31]
    SLICE_X9Y185         FDRE                                         r  alu_src2_reg[31]/D
  -------------------------------------------------------------------    -------------------

Slack:                    inf
  Source:                 lcd_module/touch_module/input_value_reg[29]/C
                            (rising edge-triggered cell FDRE)
  Destination:            alu_src2_reg[29]/D
  Path Group:             (none)
  Path Type:              Min at Fast Process Corner
  Data Path Delay:        0.268ns  (logic 0.128ns (47.692%)  route 0.140ns (52.308%))
  Logic Levels:           1  (FDRE=1)

    Location             Delay type                Incr(ns)  Path(ns)    Netlist Resource(s)
  -------------------------------------------------------------------    -------------------
    SLICE_X9Y187         FDRE                         0.000     0.000 r  lcd_module/touch_module/input_value_reg[29]/C
    SLICE_X9Y187         FDRE (Prop_fdre_C_Q)         0.128     0.128 r  lcd_module/touch_module/input_value_reg[29]/Q
                         net (fo=3, routed)           0.140     0.268    input_value[29]
    SLICE_X10Y188        FDRE                                         r  alu_src2_reg[29]/D
  -------------------------------------------------------------------    -------------------

Slack:                    inf
  Source:                 lcd_module/touch_module/input_value_reg[9]/C
                            (rising edge-triggered cell FDRE)
  Destination:            alu_src2_reg[9]/D
  Path Group:             (none)
  Path Type:              Min at Fast Process Corner
  Data Path Delay:        0.270ns  (logic 0.128ns (47.488%)  route 0.142ns (52.512%))
  Logic Levels:           1  (FDRE=1)

    Location             Delay type                Incr(ns)  Path(ns)    Netlist Resource(s)
  -------------------------------------------------------------------    -------------------
    SLICE_X9Y186         FDRE                         0.000     0.000 r  lcd_module/touch_module/input_value_reg[9]/C
    SLICE_X9Y186         FDRE (Prop_fdre_C_Q)         0.128     0.128 r  lcd_module/touch_module/input_value_reg[9]/Q
                         net (fo=4, routed)           0.142     0.270    input_value[9]
    SLICE_X9Y185         FDRE                                         r  alu_src2_reg[9]/D
  -------------------------------------------------------------------    -------------------

Slack:                    inf
  Source:                 lcd_module/touch_module/input_value_reg[8]/C
                            (rising edge-triggered cell FDRE)
  Destination:            alu_src1_reg[8]/D
  Path Group:             (none)
  Path Type:              Min at Fast Process Corner
  Data Path Delay:        0.270ns  (logic 0.148ns (54.857%)  route 0.122ns (45.143%))
  Logic Levels:           1  (FDRE=1)

    Location             Delay type                Incr(ns)  Path(ns)    Netlist Resource(s)
  -------------------------------------------------------------------    -------------------
    SLICE_X12Y181        FDRE                         0.000     0.000 r  lcd_module/touch_module/input_value_reg[8]/C
    SLICE_X12Y181        FDRE (Prop_fdre_C_Q)         0.148     0.148 r  lcd_module/touch_module/input_value_reg[8]/Q
                         net (fo=4, routed)           0.122     0.270    input_value[8]
    SLICE_X15Y182        FDRE                                         r  alu_src1_reg[8]/D
  -------------------------------------------------------------------    -------------------

Slack:                    inf
  Source:                 alu_src1_reg[16]/C
                            (rising edge-triggered cell FDRE)
  Destination:            display_value_reg[16]/D
  Path Group:             (none)
  Path Type:              Min at Fast Process Corner
  Data Path Delay:        0.270ns  (logic 0.209ns (77.399%)  route 0.061ns (22.601%))
  Logic Levels:           2  (FDRE=1 LUT6=1)

    Location             Delay type                Incr(ns)  Path(ns)    Netlist Resource(s)
  -------------------------------------------------------------------    -------------------
    SLICE_X12Y185        FDRE                         0.000     0.000 r  alu_src1_reg[16]/C
    SLICE_X12Y185        FDRE (Prop_fdre_C_Q)         0.164     0.164 r  alu_src1_reg[16]/Q
                         net (fo=5, routed)           0.061     0.225    alu_module/adder_module/display_value_reg[31][16]
    SLICE_X13Y185        LUT6 (Prop_lut6_I1_O)        0.045     0.270 r  alu_module/adder_module/display_value[16]_i_1/O
                         net (fo=1, routed)           0.000     0.270    alu_module_n_16
    SLICE_X13Y185        FDRE                                         r  display_value_reg[16]/D
  -------------------------------------------------------------------    -------------------

Slack:                    inf
  Source:                 lcd_module/touch_module/input_value_reg[25]/C
                            (rising edge-triggered cell FDRE)
  Destination:            alu_src1_reg[25]/D
  Path Group:             (none)
  Path Type:              Min at Fast Process Corner
  Data Path Delay:        0.270ns  (logic 0.128ns (47.391%)  route 0.142ns (52.609%))
  Logic Levels:           1  (FDRE=1)

    Location             Delay type                Incr(ns)  Path(ns)    Netlist Resource(s)
  -------------------------------------------------------------------    -------------------
    SLICE_X9Y187         FDRE                         0.000     0.000 r  lcd_module/touch_module/input_value_reg[25]/C
    SLICE_X9Y187         FDRE (Prop_fdre_C_Q)         0.128     0.128 r  lcd_module/touch_module/input_value_reg[25]/Q
                         net (fo=4, routed)           0.142     0.270    input_value[25]
    SLICE_X10Y186        FDRE                                         r  alu_src1_reg[25]/D
  -------------------------------------------------------------------    -------------------

Slack:                    inf
  Source:                 lcd_module/touch_module/input_value_reg[25]/C
                            (rising edge-triggered cell FDRE)
  Destination:            alu_src2_reg[25]/D
  Path Group:             (none)
  Path Type:              Min at Fast Process Corner
  Data Path Delay:        0.270ns  (logic 0.128ns (47.342%)  route 0.142ns (52.658%))
  Logic Levels:           1  (FDRE=1)

    Location             Delay type                Incr(ns)  Path(ns)    Netlist Resource(s)
  -------------------------------------------------------------------    -------------------
    SLICE_X9Y187         FDRE                         0.000     0.000 r  lcd_module/touch_module/input_value_reg[25]/C
    SLICE_X9Y187         FDRE (Prop_fdre_C_Q)         0.128     0.128 r  lcd_module/touch_module/input_value_reg[25]/Q
                         net (fo=4, routed)           0.142     0.270    input_value[25]
    SLICE_X8Y187         FDRE                                         r  alu_src2_reg[25]/D
  -------------------------------------------------------------------    -------------------

Slack:                    inf
  Source:                 lcd_module/lcd_draw_module/draw_data_reg[0]/C
                            (rising edge-triggered cell FDRE)
  Destination:            lcd_module/lcd_data_reg[0]/D
  Path Group:             (none)
  Path Type:              Min at Fast Process Corner
  Data Path Delay:        0.271ns  (logic 0.186ns (68.663%)  route 0.085ns (31.337%))
  Logic Levels:           2  (FDRE=1 LUT5=1)

    Location             Delay type                Incr(ns)  Path(ns)    Netlist Resource(s)
  -------------------------------------------------------------------    -------------------
    SLICE_X4Y180         FDRE                         0.000     0.000 r  lcd_module/lcd_draw_module/draw_data_reg[0]/C
    SLICE_X4Y180         FDRE (Prop_fdre_C_Q)         0.141     0.141 r  lcd_module/lcd_draw_module/draw_data_reg[0]/Q
                         net (fo=1, routed)           0.085     0.226    lcd_module/lcd_init_module/draw_data[0]
    SLICE_X5Y180         LUT5 (Prop_lut5_I4_O)        0.045     0.271 r  lcd_module/lcd_init_module/lcd_data[0]_i_1/O
                         net (fo=1, routed)           0.000     0.271    lcd_module/p_1_in[0]
    SLICE_X5Y180         FDRE                                         r  lcd_module/lcd_data_reg[0]/D
  -------------------------------------------------------------------    -------------------

Slack:                    inf
  Source:                 lcd_module/touch_module/input_value_reg[17]/C
                            (rising edge-triggered cell FDRE)
  Destination:            alu_src1_reg[17]/D
  Path Group:             (none)
  Path Type:              Min at Fast Process Corner
  Data Path Delay:        0.275ns  (logic 0.141ns (51.188%)  route 0.134ns (48.812%))
  Logic Levels:           1  (FDRE=1)

    Location             Delay type                Incr(ns)  Path(ns)    Netlist Resource(s)
  -------------------------------------------------------------------    -------------------
    SLICE_X9Y187         FDRE                         0.000     0.000 r  lcd_module/touch_module/input_value_reg[17]/C
    SLICE_X9Y187         FDRE (Prop_fdre_C_Q)         0.141     0.141 r  lcd_module/touch_module/input_value_reg[17]/Q
                         net (fo=4, routed)           0.134     0.275    input_value[17]
    SLICE_X10Y186        FDRE                                         r  alu_src1_reg[17]/D
  -------------------------------------------------------------------    -------------------





