\BOOKMARK [1][-]{section.1}{\376\377\133\236\232\214\166\356\166\204}{}% 1
\BOOKMARK [2][-]{subsection.1.1}{\376\377\227\142\124\021\143\210\213\376\133\371\214\141\166\204\133\236\232\214\176\323\213\272\213\276\133\232}{section.1}% 2
\BOOKMARK [1][-]{section.2}{\376\377\225\356\230\230\143\317\217\360\116\016\136\224\165\050\127\072\146\157}{}% 3
\BOOKMARK [2][-]{subsection.2.1}{\376\377\000Q\000-\000K\160\271\171\357}{section.2}% 4
\BOOKMARK [2][-]{subsection.2.2}{\376\377\000A\000R\000M\000v\0009\000-\000A}{section.2}% 5
\BOOKMARK [2][-]{subsection.2.3}{\376\377\000R\000I\000S\000C\000-\000V}{section.2}% 6
\BOOKMARK [1][-]{section.3}{\376\377\133\236\232\214\163\257\130\203\121\306\131\007}{}% 7
\BOOKMARK [2][-]{subsection.3.1}{\376\377\217\157\116\366\163\257\130\203}{section.3}% 8
\BOOKMARK [2][-]{subsection.3.2}{\376\377\143\250\203\120\133\211\210\305\124\175\116\344}{section.3}% 9
\BOOKMARK [2][-]{subsection.3.3}{\376\377\135\345\121\167\224\376\121\174\133\271\140\047\213\364\146\016}{section.3}% 10
\BOOKMARK [1][-]{section.4}{\376\377\173\227\154\325\213\276\213\241\116\016\133\236\232\214\133\371\214\141\213\364\146\016}{}% 11
\BOOKMARK [2][-]{subsection.4.1}{\376\377\176\337\116\000\217\223\121\145\152\041\137\017}{section.4}% 12
\BOOKMARK [2][-]{subsection.4.2}{\376\377\155\113\213\325\135\345\117\134\215\037\217\175}{section.4}% 13
\BOOKMARK [2][-]{subsection.4.3}{\376\377\172\013\136\217\176\323\147\204}{section.4}% 14
\BOOKMARK [1][-]{section.5}{\376\377\133\236\232\214\153\145\232\244\123\312\230\204\147\037\176\323\147\234}{}% 15
\BOOKMARK [2][-]{subsection.5.1}{\376\377\153\145\232\244\116\000\377\032\217\320\210\114\116\000\225\056\127\372\121\306\201\032\147\054}{section.5}% 16
\BOOKMARK [2][-]{subsection.5.2}{\376\377\213\373\200\005\127\050\133\236\232\214\116\055\136\224\221\315\160\271\211\302\133\337\166\204\143\007\150\007}{section.5}% 17
\BOOKMARK [2][-]{subsection.5.3}{\376\377\153\145\232\244\116\214\377\032\142\113\122\250\177\026\213\321\116\016\217\320\210\114\171\072\117\213}{section.5}% 18
\BOOKMARK [2][-]{subsection.5.4}{\376\377\153\145\232\244\116\011\377\032\123\315\154\107\177\026\136\166\133\232\117\115\150\070\137\303\137\252\163\257}{section.5}% 19
\BOOKMARK [2][-]{subsection.5.5}{\376\377\153\145\232\244\126\333\377\032\213\260\137\125\116\343\170\001\133\306\136\246\116\016\145\366\225\364\176\323\147\234}{section.5}% 20
\BOOKMARK [2][-]{subsection.5.6}{\376\377\230\204\147\037\123\321\163\260\133\371\136\224\166\204\143\007\116\344\226\306\123\237\164\006}{section.5}% 21
\BOOKMARK [1][-]{section.6}{\376\377\150\070\137\303\116\343\170\001\162\107\153\265\116\016\143\007\116\344\226\306\135\356\137\002\122\006\147\220}{}% 22
\BOOKMARK [2][-]{subsection.6.1}{\376\377\000A\000R\000M\000v\0009\000-\000A\377\010\000A\000A\000r\000c\000h\0006\0004\377\011\150\070\137\303\137\252\163\257}{section.6}% 23
\BOOKMARK [2][-]{subsection.6.2}{\376\377\000R\000I\000S\000C\000-\000V\000\040\150\070\137\303\137\252\163\257}{section.6}% 24
\BOOKMARK [2][-]{subsection.6.3}{\376\377\150\070\137\303\137\252\163\257\116\343\170\001\133\306\136\246\133\371\153\324}{section.6}% 25
\BOOKMARK [2][-]{subsection.6.4}{\376\377\146\364\131\047\145\160\143\156\221\317\116\013\166\204\145\366\225\364\155\113\221\317\176\323\147\234}{section.6}% 26
\BOOKMARK [2][-]{subsection.6.5}{\376\377\176\323\147\234\211\343\221\312}{section.6}% 27
\BOOKMARK [1][-]{section.7}{\376\377\133\236\232\214\155\101\172\013\116\016\140\035\215\357\126\376}{}% 28
\BOOKMARK [1][-]{section.8}{\376\377\133\236\232\214\213\304\117\060\145\271\154\325}{}% 29
\BOOKMARK [1][-]{section.9}{\376\377\226\104\377\032\156\220\170\001\166\356\137\125\116\016\217\320\210\114\124\175\116\344}{}% 30
\BOOKMARK [2][-]{subsection.9.1}{\376\377\133\214\145\164\217\320\210\114\124\175\116\344\154\107\140\073}{section.9}% 31
