#-----------------------------------------------------------
# xsim v2025.1 (64-bit)
# SW Build 6140274 on Thu May 22 00:12:29 MDT 2025
# IP Build 6138677 on Thu May 22 03:10:11 MDT 2025
# SharedData Build 6139179 on Tue May 20 17:58:58 MDT 2025
# Start of session at: Tue May 26 12:32:03 2026
# Process ID         : 23496
# Current directory  : D:/1012
# Command line       : xsim.exe -mode tcl -source {xsim.dir/tb_fib/xsim_script.tcl}
# Log file           : D:/1012/xsim.log
# Journal file       : D:/1012\xsim.jou
# Running On         : DESKTOP-JH0OJSQ
# Platform           : Windows Server 2016 or Windows 10
# Operating System   : 26200
# Processor Detail   : AMD Ryzen 7 4800HS with Radeon Graphics         
# CPU Frequency      : 2895 MHz
# CPU Physical cores : 8
# CPU Logical cores  : 16
# Host memory        : 16556 MB
# Swap memory        : 10867 MB
# Total Virtual      : 27423 MB
# Available Virtual  : 11339 MB
#-----------------------------------------------------------
source xsim.dir/tb_fib/xsim_script.tcl
# xsim {tb_fib} -autoloadwcfg -runall
Time resolution is 1 ps
run -all
[FAIL] Fibonacci check failed: Mem[1] = x (0xxxxxxxxx), expected 55 (0x00000037)
       Debug: pc=0xxxxxxxxX inst=0x00000000 rf17=0xxxxxxxxx
$finish called at time : 2600 ns : File "D:/1012/lab6/lab6.srcs/sim_1/imports/lab6/tb.v" Line 48
exit
INFO: [Common 17-206] Exiting xsim at Tue May 26 12:32:05 2026...
