#-----------------------------------------------------------
# xsim v2025.1 (64-bit)
# SW Build 6140274 on Thu May 22 00:12:29 MDT 2025
# IP Build 6138677 on Thu May 22 03:10:11 MDT 2025
# SharedData Build 6139179 on Tue May 20 17:58:58 MDT 2025
# Start of session at: Tue May 26 07:13:17 2026
# Process ID         : 9916
# Current directory  : D:/1012
# Command line       : xsim.exe -mode tcl -source {xsim.dir/tb_sim_dbg/xsim_script.tcl}
# Log file           : D:/1012/xsim.log
# Journal file       : D:/1012\xsim.jou
# Running On         : DESKTOP-JH0OJSQ
# Platform           : Windows Server 2016 or Windows 10
# Operating System   : 26200
# Processor Detail   : AMD Ryzen 7 4800HS with Radeon Graphics         
# CPU Frequency      : 2895 MHz
# CPU Physical cores : 8
# CPU Logical cores  : 16
# Host memory        : 16556 MB
# Swap memory        : 9786 MB
# Total Virtual      : 26342 MB
# Available Virtual  : 6846 MB
#-----------------------------------------------------------
source xsim.dir/tb_sim_dbg/xsim_script.tcl
# xsim {tb_sim_dbg} -autoloadwcfg -tclbatch {D:/1012/lab6/run.tcl}
Time resolution is 1 ps
source D:/1012/lab6/run.tcl
## add_force /tb/rf_addr -radix dec 10
## run 500ns
## puts [get_value /tb/rf_data]
XXXXXXXX
## puts [get_value /tb/cpu_pc]
00000010
## exit
INFO: [Common 17-206] Exiting xsim at Tue May 26 07:13:19 2026...
