Copyright 1986-2022 Xilinx, Inc. All Rights Reserved. Copyright 2022-2025 Advanced Micro Devices, Inc. All Rights Reserved.
---------------------------------------------------------------------------------------------------------------------------------------------
| Tool Version : Vivado v.2025.1 (win64) Build 6140274 Thu May 22 00:12:29 MDT 2025
| Date         : Tue May 26 12:53:18 2026
| Host         : DESKTOP-JH0OJSQ running 64-bit major release  (build 9200)
| Command      : report_control_sets -verbose -file single_cycle_cpu_display_control_sets_placed.rpt
| Design       : single_cycle_cpu_display
| Device       : xc7a200t
---------------------------------------------------------------------------------------------------------------------------------------------

Control Set Information

Table of Contents
-----------------
1. Summary
2. Histogram
3. Flip-Flop Distribution
4. Detailed Control Set Information

1. Summary
----------

+----------------------------------------------------------+-------+
|                          Status                          | Count |
+----------------------------------------------------------+-------+
| Total control sets                                       |   120 |
|    Minimum number of control sets                        |   120 |
|    Addition due to synthesis replication                 |     0 |
|    Addition due to physical synthesis replication        |     0 |
| Unused register locations in slices containing registers |   102 |
+----------------------------------------------------------+-------+
* Control sets can be merged at opt_design using control_set_merge or merge_equivalent_drivers
** Run report_qor_suggestions for automated merging and remapping suggestions


2. Histogram
------------

+--------------------+-------+
|       Fanout       | Count |
+--------------------+-------+
| Total control sets |   120 |
| >= 0 to < 4        |     1 |
| >= 4 to < 6        |     7 |
| >= 6 to < 8        |     2 |
| >= 8 to < 10       |    67 |
| >= 10 to < 12      |     3 |
| >= 12 to < 14      |     1 |
| >= 14 to < 16      |     0 |
| >= 16              |    39 |
+--------------------+-------+
* Control sets can be remapped at either synth_design or opt_design


3. Flip-Flop Distribution
-------------------------

+--------------+-----------------------+------------------------+-----------------+--------------+
| Clock Enable | Synchronous Set/Reset | Asynchronous Set/Reset | Total Registers | Total Slices |
+--------------+-----------------------+------------------------+-----------------+--------------+
| No           | No                    | No                     |             101 |           50 |
| No           | No                    | Yes                    |               0 |            0 |
| No           | Yes                   | No                     |              95 |           39 |
| Yes          | No                    | No                     |             559 |          270 |
| Yes          | No                    | Yes                    |               0 |            0 |
| Yes          | Yes                   | No                     |             887 |          382 |
+--------------+-----------------------+------------------------+-----------------+--------------+


4. Detailed Control Set Information
-----------------------------------

+------------------------+-------------------------------------------------------+-------------------------------------------------------+------------------+----------------+--------------+
|      Clock Signal      |                     Enable Signal                     |                    Set/Reset Signal                   | Slice Load Count | Bel Load Count | Bels / Slice |
+------------------------+-------------------------------------------------------+-------------------------------------------------------+------------------+----------------+--------------+
|  lcd_module/clk_2_BUFG |                                                       | lcd_module/lcd_draw_module/draw_block_number1         |                1 |              1 |         1.00 |
|  clk_IBUF_BUFG         | lcd_module/touch_module/input_value[3]_i_1_n_0        | lcd_module/touch_module/input_value[31]_i_1_n_0       |                1 |              4 |         4.00 |
|  lcd_module/clk_2_BUFG | lcd_module/lcd_draw_module/set_xy_valid_reg_n_0       | lcd_module/lcd_draw_module/draw_block_number1         |                1 |              4 |         4.00 |
|  cpu_clk               | cpu/pc0[31]                                           | cpu/SR[0]                                             |                2 |              4 |         2.00 |
|  lcd_module/clk_2_BUFG |                                                       | lcd_module/lcd_draw_module/display_count_y[4]_i_1_n_0 |                2 |              5 |         2.50 |
|  lcd_module/clk_2_BUFG | lcd_module/lcd_draw_module/draw_wr_valid0             | lcd_module/lcd_draw_module/draw_data[4]_i_1_n_0       |                3 |              5 |         1.67 |
|  lcd_module/clk_2_BUFG | lcd_module/lcd_init_module/display_x_h[4]_i_1_n_0     | lcd_module/lcd_init_module/init_display_begin0        |                3 |              5 |         1.67 |
|  lcd_module/clk_2_BUFG | lcd_module/lcd_init_module/init_display_begin_reg_n_0 | lcd_module/lcd_init_module/init_display_begin0        |                2 |              5 |         2.50 |
|  lcd_module/clk_2_BUFG | lcd_module/lcd_draw_module/draw_block_end             | lcd_module/lcd_draw_module/draw_block_number0         |                2 |              6 |         3.00 |
|  clk_IBUF_BUFG         |                                                       | lcd_module/touch_module/clk_count0                    |                2 |              6 |         3.00 |
|  cpu_clk               | cpu/rf_module/rf[15][7]_i_1_n_0                       |                                                       |                6 |              8 |         1.33 |
|  cpu_clk               | cpu/rf_module/rf[1][2]_i_4_6[0]                       |                                                       |                2 |              8 |         4.00 |
|  cpu_clk               | cpu/rf_module/rf[1][6]_i_3_4[0]                       |                                                       |                5 |              8 |         1.60 |
|  cpu_clk               | cpu/rf_module/rf[1][3]_i_4_2[0]                       |                                                       |                3 |              8 |         2.67 |
|  lcd_module/clk_2_BUFG | lcd_module/lcd_draw_module/display_count_x[7]_i_2_n_0 | lcd_module/lcd_draw_module/display_count_x[7]_i_1_n_0 |                3 |              8 |         2.67 |
|  cpu_clk               | cpu/rf_module/rf[1][6]_i_3_2[0]                       |                                                       |                4 |              8 |         2.00 |
|  cpu_clk               | cpu/rf_module/rf[1][3]_i_4_0[0]                       |                                                       |                2 |              8 |         4.00 |
|  cpu_clk               | cpu/rf_module/rf[1][7]_i_10_0[0]                      |                                                       |                3 |              8 |         2.67 |
|  cpu_clk               | cpu/rf_module/rf[24][7]_i_1_n_0                       |                                                       |                4 |              8 |         2.00 |
|  cpu_clk               | cpu/rf_module/rf[1][6]_i_3_3[0]                       |                                                       |                2 |              8 |         4.00 |
|  cpu_clk               | cpu/rf_module/rf[11][7]_i_1_n_0                       |                                                       |                4 |              8 |         2.00 |
|  cpu_clk               | cpu/rf_module/rf[1][3]_i_4_3[0]                       |                                                       |                2 |              8 |         4.00 |
|  cpu_clk               | cpu/rf_module/rf[16][7]_i_1_n_0                       |                                                       |                4 |              8 |         2.00 |
|  cpu_clk               | cpu/rf_module/rf[1][4]_i_4_2[0]                       |                                                       |                2 |              8 |         4.00 |
|  cpu_clk               | cpu/rf_module/rf[17][7]_i_1_n_0                       |                                                       |                2 |              8 |         4.00 |
|  cpu_clk               | cpu/rf_module/rf[1][4]_i_4_5[0]                       |                                                       |                4 |              8 |         2.00 |
|  cpu_clk               | cpu/rf_module/rf[12][7]_i_1_n_0                       |                                                       |                5 |              8 |         1.60 |
|  cpu_clk               | cpu/rf_module/rf[1][4]_i_4_0[0]                       |                                                       |                3 |              8 |         2.67 |
|  cpu_clk               | cpu/rf_module/rf[13][7]_i_1_n_0                       |                                                       |                5 |              8 |         1.60 |
|  cpu_clk               | cpu/rf_module/rf[1][6]_i_3_6[0]                       |                                                       |                2 |              8 |         4.00 |
|  cpu_clk               | cpu/rf_module/rf[10][7]_i_1_n_0                       |                                                       |                7 |              8 |         1.14 |
|  cpu_clk               | cpu/rf_module/rf[1][6]_i_3_1[0]                       |                                                       |                4 |              8 |         2.00 |
|  cpu_clk               | cpu/rf_module/rf[18][7]_i_1_n_0                       |                                                       |                5 |              8 |         1.60 |
|  cpu_clk               | cpu/rf_module/rf[1][4]_i_4_1[0]                       |                                                       |                2 |              8 |         4.00 |
|  cpu_clk               | cpu/rf_module/rf[19][7]_i_1_n_0                       |                                                       |                2 |              8 |         4.00 |
|  cpu_clk               | cpu/rf_module/rf[1][6]_i_3_0[0]                       |                                                       |                3 |              8 |         2.67 |
|  cpu_clk               | cpu/rf_module/rf                                      |                                                       |                5 |              8 |         1.60 |
|  cpu_clk               | cpu/rf_module/rf[1][3]_i_4_1[0]                       |                                                       |                2 |              8 |         4.00 |
|  cpu_clk               | cpu/rf_module/rf[14][7]_i_1_n_0                       |                                                       |                5 |              8 |         1.60 |
|  cpu_clk               | cpu/rf_module/rf[1][4]_i_4_4[0]                       |                                                       |                3 |              8 |         2.67 |
|  cpu_clk               | cpu/rf_module/rf[1][7]_i_1_n_0                        |                                                       |                7 |              8 |         1.14 |
|  cpu_clk               | cpu/rf_module/rf[1][3]_i_4_4[0]                       |                                                       |                3 |              8 |         2.67 |
|  cpu_clk               | cpu/rf_module/rf[27][7]_i_1_n_0                       |                                                       |                5 |              8 |         1.60 |
|  cpu_clk               | cpu/rf_module/rf[1][7]_i_10_1[0]                      |                                                       |                3 |              8 |         2.67 |
|  cpu_clk               | cpu/rf_module/rf[5][7]_i_1_n_0                        |                                                       |                5 |              8 |         1.60 |
|  cpu_clk               | cpu/rf_module/rf[1][3]_i_4_5[0]                       |                                                       |                2 |              8 |         4.00 |
|  cpu_clk               | cpu/rf_module/rf[6][7]_i_1_n_0                        |                                                       |                8 |              8 |         1.00 |
|  cpu_clk               | cpu/rf_module/rf[1][4]_i_4_6[0]                       |                                                       |                1 |              8 |         8.00 |
|  cpu_clk               | cpu/rf_module/rf[23][7]_i_1_n_0                       |                                                       |                5 |              8 |         1.60 |
|  cpu_clk               | cpu/rf_module/rf[1][6]_i_3_5[0]                       |                                                       |                3 |              8 |         2.67 |
|  cpu_clk               | cpu/rf_module/rf[8][7]_i_1_n_0                        |                                                       |                4 |              8 |         2.00 |
|  cpu_clk               | cpu/rf_module/rf[1][4]_i_4_3[0]                       |                                                       |                2 |              8 |         4.00 |
|  cpu_clk               | cpu/rf_module/rf[30][7]_i_1_n_0                       |                                                       |                4 |              8 |         2.00 |
|  cpu_clk               | cpu/rf_module/rf[1][7]_i_10_2[0]                      |                                                       |                5 |              8 |         1.60 |
|  cpu_clk               | cpu/rf_module/rf[20][7]_i_1_n_0                       |                                                       |                3 |              8 |         2.67 |
|  clk_IBUF_BUFG         | lcd_module/touch_module/send_byte[0]_i_1_n_0          |                                                       |                3 |              8 |         2.67 |
|  cpu_clk               | cpu/rf_module/rf[25][7]_i_1_n_0                       |                                                       |                6 |              8 |         1.33 |
|  cpu_clk               | cpu/rf_module/rf[22][7]_i_1_n_0                       |                                                       |                2 |              8 |         4.00 |
|  cpu_clk               | cpu/rf_module/rf[28][7]_i_1_n_0                       |                                                       |                5 |              8 |         1.60 |
|  cpu_clk               | cpu/rf_module/rf[21][7]_i_1_n_0                       |                                                       |                5 |              8 |         1.60 |
|  cpu_clk               | cpu/rf_module/rf[1][3]_i_4_6[0]                       |                                                       |                1 |              8 |         8.00 |
|  cpu_clk               | cpu/rf_module/rf[29][7]_i_1_n_0                       |                                                       |                4 |              8 |         2.00 |
|  cpu_clk               | cpu/rf_module/rf[26][7]_i_1_n_0                       |                                                       |                4 |              8 |         2.00 |
|  cpu_clk               | cpu/rf_module/rf[2][7]_i_1_n_0                        |                                                       |                7 |              8 |         1.14 |
|  cpu_clk               | cpu/rf_module/rf[3][7]_i_1_n_0                        |                                                       |                4 |              8 |         2.00 |
|  cpu_clk               | cpu/rf_module/rf[7][7]_i_1_n_0                        |                                                       |                4 |              8 |         2.00 |
|  cpu_clk               | cpu/rf_module/rf[4][7]_i_1_n_0                        |                                                       |                7 |              8 |         1.14 |
|  cpu_clk               | cpu/rf_module/rf[9][7]_i_1_n_0                        |                                                       |                6 |              8 |         1.33 |
|  cpu_clk               | cpu/rf_module/E[0]                                    |                                                       |                6 |              8 |         1.33 |
|  cpu_clk               | cpu/rf_module/rf[1][2]_i_4_1[0]                       |                                                       |                6 |              8 |         1.33 |
|  cpu_clk               | cpu/rf_module/rf[1][2]_i_4_2[0]                       |                                                       |                2 |              8 |         4.00 |
|  cpu_clk               | cpu/rf_module/rf[1][2]_i_4_3[0]                       |                                                       |                4 |              8 |         2.00 |
|  cpu_clk               | cpu/rf_module/rf[1][2]_i_4_0[0]                       |                                                       |                2 |              8 |         4.00 |
|  cpu_clk               | cpu/rf_module/rf[1][2]_i_4_4[0]                       |                                                       |                4 |              8 |         2.00 |
|  cpu_clk               | cpu/rf_module/rf[1][2]_i_4_5[0]                       |                                                       |                2 |              8 |         4.00 |
|  lcd_module/clk_2_BUFG |                                                       | lcd_module/lcd_draw_module/td_count_y0                |                4 |              9 |         2.25 |
|  lcd_module/clk_2_BUFG | lcd_module/lcd_draw_module/td_count_x[8]_i_2_n_0      | lcd_module/lcd_draw_module/td_count_x[8]_i_1_n_0      |                5 |              9 |         1.80 |
|  lcd_module/clk_2_BUFG | lcd_module/lcd_init_module/display_y0                 | lcd_module/lcd_init_module/init_display_begin0        |                4 |             10 |         2.50 |
|  lcd_module/clk_2_BUFG | lcd_module/lcd_draw_module/draw_wr_valid0             |                                                       |                2 |             10 |         5.00 |
|  lcd_module/clk_2_BUFG | lcd_module/lcd_init_module/sel                        | lcd_module/lcd_init_module/init_rom_pc0               |                4 |             11 |         2.75 |
|  clk_IBUF_BUFG         | display_value                                         | cpu/rf_module/bbstub_display_number[0]                |                5 |             12 |         2.40 |
|  lcd_module/clk_2_BUFG |                                                       |                                                       |               10 |             18 |         1.80 |
|  clk_IBUF_BUFG         |                                                       | lcd_module/touch_module/rst_count0                    |                6 |             22 |         3.67 |
|  cpu_clk               | cpu/rf_module/rf[11][7]_i_1_n_0                       | cpu/rf_module/rf[11][31]_i_1_n_0                      |                4 |             24 |         6.00 |
|  cpu_clk               | cpu/rf_module/rf[16][7]_i_1_n_0                       | cpu/rf_module/rf[16][31]_i_1_n_0                      |               11 |             24 |         2.18 |
|  cpu_clk               | cpu/rf_module/rf[17][7]_i_1_n_0                       | cpu/rf_module/rf[17][31]_i_1_n_0                      |                6 |             24 |         4.00 |
|  cpu_clk               | cpu/rf_module/rf[13][7]_i_1_n_0                       | cpu/rf_module/rf[13][31]_i_1_n_0                      |               12 |             24 |         2.00 |
|  cpu_clk               | cpu/rf_module/rf[10][7]_i_1_n_0                       | cpu/rf_module/rf[10][31]_i_1_n_0                      |                5 |             24 |         4.80 |
|  cpu_clk               | cpu/rf_module/rf[18][7]_i_1_n_0                       | cpu/rf_module/rf[18][31]_i_1_n_0                      |               13 |             24 |         1.85 |
|  cpu_clk               | cpu/rf_module/rf[19][7]_i_1_n_0                       | cpu/rf_module/rf[19][31]_i_1_n_0                      |                9 |             24 |         2.67 |
|  cpu_clk               | cpu/rf_module/rf                                      | cpu/rf_module/rf[31][31]_i_1_n_0                      |               13 |             24 |         1.85 |
|  cpu_clk               | cpu/rf_module/rf[14][7]_i_1_n_0                       | cpu/rf_module/rf[14][31]_i_1_n_0                      |               11 |             24 |         2.18 |
|  cpu_clk               | cpu/rf_module/rf[1][7]_i_1_n_0                        | cpu/rf_module/rf[1][31]_i_1_n_0                       |               10 |             24 |         2.40 |
|  cpu_clk               | cpu/rf_module/rf[27][7]_i_1_n_0                       | cpu/rf_module/rf[27][31]_i_1_n_0                      |                8 |             24 |         3.00 |
|  cpu_clk               | cpu/rf_module/rf[5][7]_i_1_n_0                        | cpu/rf_module/rf[5][31]_i_1_n_0                       |               17 |             24 |         1.41 |
|  cpu_clk               | cpu/rf_module/rf[6][7]_i_1_n_0                        | cpu/rf_module/rf[6][31]_i_1_n_0                       |                8 |             24 |         3.00 |
|  cpu_clk               | cpu/rf_module/rf[23][7]_i_1_n_0                       | cpu/rf_module/rf[23][31]_i_1_n_0                      |               15 |             24 |         1.60 |
|  cpu_clk               | cpu/rf_module/rf[8][7]_i_1_n_0                        | cpu/rf_module/rf[8][31]_i_1_n_0                       |               14 |             24 |         1.71 |
|  cpu_clk               | cpu/rf_module/rf[30][7]_i_1_n_0                       | cpu/rf_module/rf[30][31]_i_1_n_0                      |               19 |             24 |         1.26 |
|  cpu_clk               | cpu/rf_module/rf[20][7]_i_1_n_0                       | cpu/rf_module/rf[20][31]_i_1_n_0                      |               11 |             24 |         2.18 |
|  cpu_clk               | cpu/rf_module/rf[26][7]_i_1_n_0                       | cpu/rf_module/rf[26][31]_i_1_n_0                      |                9 |             24 |         2.67 |
|  cpu_clk               | cpu/rf_module/rf[9][7]_i_1_n_0                        | cpu/rf_module/rf[9][31]_i_1_n_0                       |               17 |             24 |         1.41 |
|  cpu_clk               | cpu/rf_module/rf[21][7]_i_1_n_0                       | cpu/rf_module/rf[21][31]_i_1_n_0                      |                7 |             24 |         3.43 |
|  cpu_clk               | cpu/rf_module/rf[24][7]_i_1_n_0                       | cpu/rf_module/rf[24][31]_i_1_n_0                      |                9 |             24 |         2.67 |
|  cpu_clk               | cpu/rf_module/rf[3][7]_i_1_n_0                        | cpu/rf_module/rf[3][31]_i_1_n_0                       |                9 |             24 |         2.67 |
|  cpu_clk               | cpu/rf_module/rf[29][7]_i_1_n_0                       | cpu/rf_module/rf[29][31]_i_1_n_0                      |                9 |             24 |         2.67 |
|  cpu_clk               | cpu/rf_module/rf[7][7]_i_1_n_0                        | cpu/rf_module/rf[7][31]_i_1_n_0                       |               15 |             24 |         1.60 |
|  cpu_clk               | cpu/rf_module/rf[2][7]_i_1_n_0                        | cpu/rf_module/rf[2][31]_i_1_n_0                       |                4 |             24 |         6.00 |
|  cpu_clk               | cpu/rf_module/rf[12][7]_i_1_n_0                       | cpu/rf_module/rf[12][31]_i_1_n_0                      |               11 |             24 |         2.18 |
|  cpu_clk               | cpu/rf_module/rf[22][7]_i_1_n_0                       | cpu/rf_module/rf[22][31]_i_1_n_0                      |               15 |             24 |         1.60 |
|  cpu_clk               | cpu/rf_module/rf[15][7]_i_1_n_0                       | cpu/rf_module/rf[15][31]_i_1_n_0                      |               13 |             24 |         1.85 |
|  cpu_clk               | cpu/rf_module/rf[28][7]_i_1_n_0                       | cpu/rf_module/rf[28][31]_i_1_n_0                      |               12 |             24 |         2.00 |
|  cpu_clk               | cpu/rf_module/rf[25][7]_i_1_n_0                       | cpu/rf_module/rf[25][31]_i_1_n_0                      |                8 |             24 |         3.00 |
|  cpu_clk               | cpu/rf_module/rf[4][7]_i_1_n_0                        | cpu/rf_module/rf[4][31]_i_1_n_0                       |                9 |             24 |         2.67 |
|  cpu_clk               |                                                       | cpu/SR[0]                                             |               11 |             26 |         2.36 |
|  clk_IBUF_BUFG         |                                                       | lcd_module/touch_module/int_o_en_reg_0                |               13 |             26 |         2.00 |
|  clk_IBUF_BUFG         | lcd_module/touch_module/input_value[31]_i_2_n_0       | lcd_module/touch_module/input_value[31]_i_1_n_0       |                4 |             28 |         7.00 |
|  clk_IBUF_BUFG         | lcd_module/touch_module/input_valid_OBUF              | cpu/SR[0]                                             |               10 |             32 |         3.20 |
|  clk_IBUF_BUFG         | display_value                                         |                                                       |               22 |             37 |         1.68 |
|  clk_IBUF_BUFG         |                                                       |                                                       |               40 |             83 |         2.08 |
+------------------------+-------------------------------------------------------+-------------------------------------------------------+------------------+----------------+--------------+


