Copyright 1986-2022 Xilinx, Inc. All Rights Reserved. Copyright 2022-2025 Advanced Micro Devices, Inc. All Rights Reserved.
------------------------------------------------------------------------------------------------------------------------------------------------------------------------------------------------------------------------------------------------------------------------------------
| Tool Version : Vivado v.2025.1 (win64) Build 6140274 Thu May 22 00:12:29 MDT 2025
| Date         : Tue May 26 12:54:48 2026
| Host         : DESKTOP-JH0OJSQ running 64-bit major release  (build 9200)
| Command      : report_timing_summary -max_paths 10 -routable_nets -report_unconstrained -file single_cycle_cpu_display_timing_summary_routed.rpt -pb single_cycle_cpu_display_timing_summary_routed.pb -rpx single_cycle_cpu_display_timing_summary_routed.rpx -warn_on_violation
| Design       : single_cycle_cpu_display
| Device       : 7a200t-fbg676
| Speed File   : -2  PRODUCTION 1.23 2018-06-13
| Design State : Routed
------------------------------------------------------------------------------------------------------------------------------------------------------------------------------------------------------------------------------------------------------------------------------------

Timing Summary Report

------------------------------------------------------------------------------------------------
| Timer Settings
| --------------
------------------------------------------------------------------------------------------------

  Enable Multi Corner Analysis               :  Yes
  Enable Pessimism Removal                   :  Yes
  Pessimism Removal Resolution               :  Nearest Common Node
  Enable Input Delay Default Clock           :  No
  Enable Preset / Clear Arcs                 :  No
  Disable Flight Delays                      :  No
  Ignore I/O Paths                           :  No
  Timing Early Launch at Borrowing Latches   :  No
  Borrow Time for Max Delay Exceptions       :  Yes
  Merge Timing Exceptions                    :  Yes
  Inter-SLR Compensation                     :  Conservative

  Corner  Analyze    Analyze    
  Name    Max Paths  Min Paths  
  ------  ---------  ---------  
  Slow    Yes        Yes        
  Fast    Yes        Yes        


------------------------------------------------------------------------------------------------
| Report Methodology
| ------------------
------------------------------------------------------------------------------------------------

Rule       Severity          Description                   Violations  
---------  ----------------  ----------------------------  ----------  
TIMING-17  Critical Warning  Non-clocked sequential cell   1000        
HPDR-2     Warning           Port pin INOUT inconsistency  16          

Note: This report is based on the most recent report_methodology run and may not be up-to-date. Run report_methodology on the current design for the latest report.



check_timing report

Table of Contents
-----------------
1. checking no_clock (1643)
2. checking constant_clock (0)
3. checking pulse_width_clock (0)
4. checking unconstrained_internal_endpoints (4079)
5. checking no_input_delay (3)
6. checking no_output_delay (23)
7. checking multiple_clock (0)
8. checking generated_clocks (0)
9. checking loops (0)
10. checking partial_input_delay (0)
11. checking partial_output_delay (0)
12. checking latch_loops (0)

1. checking no_clock (1643)
---------------------------
 There are 1537 register/latch pins with no clock driven by root clock pin: clk (HIGH)

 There are 106 register/latch pins with no clock driven by root clock pin: lcd_module/clk_2_reg/Q (HIGH)


2. checking constant_clock (0)
------------------------------
 There are 0 register/latch pins with constant_clock.


3. checking pulse_width_clock (0)
---------------------------------
 There are 0 register/latch pins which need pulse_width check


4. checking unconstrained_internal_endpoints (4079)
---------------------------------------------------
 There are 4079 pins that are not constrained for maximum delay. (HIGH)

 There are 0 pins that are not constrained for maximum delay due to constant clock.


5. checking no_input_delay (3)
------------------------------
 There are 3 input ports with no input delay specified. (HIGH)

 There are 0 input ports with no input delay but user has a false path constraint.


6. checking no_output_delay (23)
--------------------------------
 There are 23 ports with no output delay specified. (HIGH)

 There are 0 ports with no output delay but user has a false path constraint

 There are 0 ports with no output delay but with a timing clock defined on it or propagating through it


7. checking multiple_clock (0)
------------------------------
 There are 0 register/latch pins with multiple clocks.


8. checking generated_clocks (0)
--------------------------------
 There are 0 generated clocks that are not connected to a clock source.


9. checking loops (0)
---------------------
 There are 0 combinational loops in the design.


10. checking partial_input_delay (0)
------------------------------------
 There are 0 input ports with partial input delay specified.


11. checking partial_output_delay (0)
-------------------------------------
 There are 0 ports with partial output delay specified.


12. checking latch_loops (0)
----------------------------
 There are 0 combinational latch loops in the design through latch input



------------------------------------------------------------------------------------------------
| Design Timing Summary
| ---------------------
------------------------------------------------------------------------------------------------

    WNS(ns)      TNS(ns)  TNS Failing Endpoints  TNS Total Endpoints      WHS(ns)      THS(ns)  THS Failing Endpoints  THS Total Endpoints     WPWS(ns)     TPWS(ns)  TPWS Failing Endpoints  TPWS Total Endpoints  
    -------      -------  ---------------------  -------------------      -------      -------  ---------------------  -------------------     --------     --------  ----------------------  --------------------  
        inf        0.000                      0                 4102          inf        0.000                      0                 4102           NA           NA                      NA                    NA  


There are no user specified timing constraints.


------------------------------------------------------------------------------------------------
| Clock Summary
| -------------
------------------------------------------------------------------------------------------------


------------------------------------------------------------------------------------------------
| Intra Clock Table
| -----------------
------------------------------------------------------------------------------------------------

Clock             WNS(ns)      TNS(ns)  TNS Failing Endpoints  TNS Total Endpoints      WHS(ns)      THS(ns)  THS Failing Endpoints  THS Total Endpoints     WPWS(ns)     TPWS(ns)  TPWS Failing Endpoints  TPWS Total Endpoints  
-----             -------      -------  ---------------------  -------------------      -------      -------  ---------------------  -------------------     --------     --------  ----------------------  --------------------  


------------------------------------------------------------------------------------------------
| Inter Clock Table
| -----------------
------------------------------------------------------------------------------------------------

From Clock    To Clock          WNS(ns)      TNS(ns)  TNS Failing Endpoints  TNS Total Endpoints      WHS(ns)      THS(ns)  THS Failing Endpoints  THS Total Endpoints  
----------    --------          -------      -------  ---------------------  -------------------      -------      -------  ---------------------  -------------------  


------------------------------------------------------------------------------------------------
| Other Path Groups Table
| -----------------------
------------------------------------------------------------------------------------------------

Path Group    From Clock    To Clock          WNS(ns)      TNS(ns)  TNS Failing Endpoints  TNS Total Endpoints      WHS(ns)      THS(ns)  THS Failing Endpoints  THS Total Endpoints  
----------    ----------    --------          -------      -------  ---------------------  -------------------      -------      -------  ---------------------  -------------------  


------------------------------------------------------------------------------------------------
| User Ignored Path Table
| -----------------------
------------------------------------------------------------------------------------------------

Path Group    From Clock    To Clock    
----------    ----------    --------    


------------------------------------------------------------------------------------------------
| Unconstrained Path Table
| ------------------------
------------------------------------------------------------------------------------------------

Path Group    From Clock    To Clock    
----------    ----------    --------    
(none)                                    


------------------------------------------------------------------------------------------------
| Timing Details
| --------------
------------------------------------------------------------------------------------------------


--------------------------------------------------------------------------------------
Path Group:  (none)
From Clock:  
  To Clock:  

Max Delay          4102 Endpoints
Min Delay          4102 Endpoints
--------------------------------------------------------------------------------------


Max Delay Paths
--------------------------------------------------------------------------------------
Slack:                    inf
  Source:                 cpu/pc_reg[4]/C
                            (rising edge-triggered cell FDRE)
  Destination:            cpu/rf_module/rf_reg[19][7]/D
  Path Group:             (none)
  Path Type:              Max at Slow Process Corner
  Data Path Delay:        20.556ns  (logic 2.194ns (10.673%)  route 18.362ns (89.327%))
  Logic Levels:           14  (FDRE=1 LUT5=1 LUT6=8 MUXF7=2 MUXF8=2)

    Location             Delay type                Incr(ns)  Path(ns)    Netlist Resource(s)
  -------------------------------------------------------------------    -------------------
    SLICE_X4Y174         FDRE                         0.000     0.000 r  cpu/pc_reg[4]/C
    SLICE_X4Y174         FDRE (Prop_fdre_C_Q)         0.379     0.379 r  cpu/pc_reg[4]/Q
                         net (fo=68, routed)          2.611     2.990    cpu/rf_module/display_value_reg[30][2]
    SLICE_X5Y165         LUT6 (Prop_lut6_I3_O)        0.105     3.095 r  cpu/rf_module/display_value[17]_i_2/O
                         net (fo=258, routed)         6.330     9.425    cpu/rf_module/display_value[17]_i_2_n_0
    SLICE_X17Y176        LUT6 (Prop_lut6_I2_O)        0.105     9.530 r  cpu/rf_module/beq_taken_carry_i_24/O
                         net (fo=1, routed)           0.000     9.530    cpu/rf_module/beq_taken_carry_i_24_n_0
    SLICE_X17Y176        MUXF7 (Prop_muxf7_I1_O)      0.182     9.712 r  cpu/rf_module/beq_taken_carry_i_13/O
                         net (fo=2, routed)           0.000     9.712    cpu/rf_module/beq_taken_carry_i_13_n_0
    SLICE_X17Y176        MUXF8 (Prop_muxf8_I1_O)      0.079     9.791 r  cpu/rf_module/result0_carry__1_i_40/O
                         net (fo=1, routed)           0.317    10.108    cpu/rf_module/result0_carry__1_i_40_n_0
    SLICE_X17Y175        LUT6 (Prop_lut6_I0_O)        0.264    10.372 r  cpu/rf_module/result0_carry__1_i_16/O
                         net (fo=12, routed)          1.738    12.110    cpu/rf_module/pc_reg[7]_1[2]
    SLICE_X20Y171        LUT6 (Prop_lut6_I5_O)        0.105    12.215 r  cpu/rf_module/rf[1][10]_i_12/O
                         net (fo=3, routed)           0.785    13.000    cpu/rf_module/alu_module/srl_step1[10]
    SLICE_X20Y169        LUT6 (Prop_lut6_I0_O)        0.105    13.105 r  cpu/rf_module/rf[1][2]_i_21/O
                         net (fo=1, routed)           0.838    13.943    cpu/rf_module/alu_module/srl_step2[2]
    SLICE_X16Y169        LUT6 (Prop_lut6_I3_O)        0.105    14.048 r  cpu/rf_module/rf[1][2]_i_9/O
                         net (fo=1, routed)           0.791    14.839    cpu/rf_module/rf[1][2]_i_9_n_0
    SLICE_X12Y168        LUT6 (Prop_lut6_I3_O)        0.105    14.944 r  cpu/rf_module/rf[1][2]_i_4/O
                         net (fo=97, routed)          2.286    17.230    cpu/data_ram_module/dm_addr[2]
    SLICE_X1Y172         LUT6 (Prop_lut6_I4_O)        0.105    17.335 r  cpu/data_ram_module/rf[1][7]_i_28/O
                         net (fo=1, routed)           0.000    17.335    cpu/data_ram_module/rf[1][7]_i_28_n_0
    SLICE_X1Y172         MUXF7 (Prop_muxf7_I1_O)      0.206    17.541 r  cpu/data_ram_module/rf_reg[1][7]_i_17/O
                         net (fo=1, routed)           0.000    17.541    cpu/data_ram_module/rf_reg[1][7]_i_17_n_0
    SLICE_X1Y172         MUXF8 (Prop_muxf8_I0_O)      0.085    17.626 r  cpu/data_ram_module/rf_reg[1][7]_i_9/O
                         net (fo=1, routed)           0.933    18.559    cpu/data_ram_module/rf_reg[1][7]_i_9_n_0
    SLICE_X7Y170         LUT5 (Prop_lut5_I0_O)        0.264    18.823 r  cpu/data_ram_module/rf[1][7]_i_2/O
                         net (fo=31, routed)          1.733    20.556    cpu/rf_module/wdata[7]
    SLICE_X9Y168         FDRE                                         r  cpu/rf_module/rf_reg[19][7]/D
  -------------------------------------------------------------------    -------------------

Slack:                    inf
  Source:                 cpu/pc_reg[4]/C
                            (rising edge-triggered cell FDRE)
  Destination:            cpu/rf_module/rf_reg[16][1]/D
  Path Group:             (none)
  Path Type:              Max at Slow Process Corner
  Data Path Delay:        20.550ns  (logic 2.187ns (10.642%)  route 18.363ns (89.358%))
  Logic Levels:           14  (FDRE=1 LUT5=1 LUT6=8 MUXF7=2 MUXF8=2)

    Location             Delay type                Incr(ns)  Path(ns)    Netlist Resource(s)
  -------------------------------------------------------------------    -------------------
    SLICE_X4Y174         FDRE                         0.000     0.000 r  cpu/pc_reg[4]/C
    SLICE_X4Y174         FDRE (Prop_fdre_C_Q)         0.379     0.379 r  cpu/pc_reg[4]/Q
                         net (fo=68, routed)          2.611     2.990    cpu/rf_module/display_value_reg[30][2]
    SLICE_X5Y165         LUT6 (Prop_lut6_I3_O)        0.105     3.095 r  cpu/rf_module/display_value[17]_i_2/O
                         net (fo=258, routed)         6.330     9.425    cpu/rf_module/display_value[17]_i_2_n_0
    SLICE_X17Y176        LUT6 (Prop_lut6_I2_O)        0.105     9.530 r  cpu/rf_module/beq_taken_carry_i_24/O
                         net (fo=1, routed)           0.000     9.530    cpu/rf_module/beq_taken_carry_i_24_n_0
    SLICE_X17Y176        MUXF7 (Prop_muxf7_I1_O)      0.182     9.712 r  cpu/rf_module/beq_taken_carry_i_13/O
                         net (fo=2, routed)           0.000     9.712    cpu/rf_module/beq_taken_carry_i_13_n_0
    SLICE_X17Y176        MUXF8 (Prop_muxf8_I1_O)      0.079     9.791 r  cpu/rf_module/result0_carry__1_i_40/O
                         net (fo=1, routed)           0.317    10.108    cpu/rf_module/result0_carry__1_i_40_n_0
    SLICE_X17Y175        LUT6 (Prop_lut6_I0_O)        0.264    10.372 r  cpu/rf_module/result0_carry__1_i_16/O
                         net (fo=12, routed)          1.738    12.110    cpu/rf_module/pc_reg[7]_1[2]
    SLICE_X20Y171        LUT6 (Prop_lut6_I5_O)        0.105    12.215 r  cpu/rf_module/rf[1][10]_i_12/O
                         net (fo=3, routed)           0.785    13.000    cpu/rf_module/alu_module/srl_step1[10]
    SLICE_X20Y169        LUT6 (Prop_lut6_I0_O)        0.105    13.105 r  cpu/rf_module/rf[1][2]_i_21/O
                         net (fo=1, routed)           0.838    13.943    cpu/rf_module/alu_module/srl_step2[2]
    SLICE_X16Y169        LUT6 (Prop_lut6_I3_O)        0.105    14.048 r  cpu/rf_module/rf[1][2]_i_9/O
                         net (fo=1, routed)           0.791    14.839    cpu/rf_module/rf[1][2]_i_9_n_0
    SLICE_X12Y168        LUT6 (Prop_lut6_I3_O)        0.105    14.944 r  cpu/rf_module/rf[1][2]_i_4/O
                         net (fo=97, routed)          2.360    17.304    cpu/data_ram_module/dm_addr[2]
    SLICE_X1Y171         LUT6 (Prop_lut6_I4_O)        0.105    17.409 r  cpu/data_ram_module/rf[1][1]_i_12/O
                         net (fo=1, routed)           0.000    17.409    cpu/data_ram_module/rf[1][1]_i_12_n_0
    SLICE_X1Y171         MUXF7 (Prop_muxf7_I0_O)      0.199    17.608 r  cpu/data_ram_module/rf_reg[1][1]_i_5/O
                         net (fo=1, routed)           0.000    17.608    cpu/data_ram_module/rf_reg[1][1]_i_5_n_0
    SLICE_X1Y171         MUXF8 (Prop_muxf8_I0_O)      0.085    17.693 r  cpu/data_ram_module/rf_reg[1][1]_i_2/O
                         net (fo=1, routed)           0.846    18.539    cpu/data_ram_module/rf_reg[1][1]_i_2_n_0
    SLICE_X9Y169         LUT5 (Prop_lut5_I0_O)        0.264    18.803 r  cpu/data_ram_module/rf[1][1]_i_1/O
                         net (fo=31, routed)          1.747    20.550    cpu/rf_module/wdata[1]
    SLICE_X13Y165        FDRE                                         r  cpu/rf_module/rf_reg[16][1]/D
  -------------------------------------------------------------------    -------------------

Slack:                    inf
  Source:                 cpu/pc_reg[4]/C
                            (rising edge-triggered cell FDRE)
  Destination:            cpu/rf_module/rf_reg[22][1]/D
  Path Group:             (none)
  Path Type:              Max at Slow Process Corner
  Data Path Delay:        20.522ns  (logic 2.187ns (10.657%)  route 18.335ns (89.343%))
  Logic Levels:           14  (FDRE=1 LUT5=1 LUT6=8 MUXF7=2 MUXF8=2)

    Location             Delay type                Incr(ns)  Path(ns)    Netlist Resource(s)
  -------------------------------------------------------------------    -------------------
    SLICE_X4Y174         FDRE                         0.000     0.000 r  cpu/pc_reg[4]/C
    SLICE_X4Y174         FDRE (Prop_fdre_C_Q)         0.379     0.379 r  cpu/pc_reg[4]/Q
                         net (fo=68, routed)          2.611     2.990    cpu/rf_module/display_value_reg[30][2]
    SLICE_X5Y165         LUT6 (Prop_lut6_I3_O)        0.105     3.095 r  cpu/rf_module/display_value[17]_i_2/O
                         net (fo=258, routed)         6.330     9.425    cpu/rf_module/display_value[17]_i_2_n_0
    SLICE_X17Y176        LUT6 (Prop_lut6_I2_O)        0.105     9.530 r  cpu/rf_module/beq_taken_carry_i_24/O
                         net (fo=1, routed)           0.000     9.530    cpu/rf_module/beq_taken_carry_i_24_n_0
    SLICE_X17Y176        MUXF7 (Prop_muxf7_I1_O)      0.182     9.712 r  cpu/rf_module/beq_taken_carry_i_13/O
                         net (fo=2, routed)           0.000     9.712    cpu/rf_module/beq_taken_carry_i_13_n_0
    SLICE_X17Y176        MUXF8 (Prop_muxf8_I1_O)      0.079     9.791 r  cpu/rf_module/result0_carry__1_i_40/O
                         net (fo=1, routed)           0.317    10.108    cpu/rf_module/result0_carry__1_i_40_n_0
    SLICE_X17Y175        LUT6 (Prop_lut6_I0_O)        0.264    10.372 r  cpu/rf_module/result0_carry__1_i_16/O
                         net (fo=12, routed)          1.738    12.110    cpu/rf_module/pc_reg[7]_1[2]
    SLICE_X20Y171        LUT6 (Prop_lut6_I5_O)        0.105    12.215 r  cpu/rf_module/rf[1][10]_i_12/O
                         net (fo=3, routed)           0.785    13.000    cpu/rf_module/alu_module/srl_step1[10]
    SLICE_X20Y169        LUT6 (Prop_lut6_I0_O)        0.105    13.105 r  cpu/rf_module/rf[1][2]_i_21/O
                         net (fo=1, routed)           0.838    13.943    cpu/rf_module/alu_module/srl_step2[2]
    SLICE_X16Y169        LUT6 (Prop_lut6_I3_O)        0.105    14.048 r  cpu/rf_module/rf[1][2]_i_9/O
                         net (fo=1, routed)           0.791    14.839    cpu/rf_module/rf[1][2]_i_9_n_0
    SLICE_X12Y168        LUT6 (Prop_lut6_I3_O)        0.105    14.944 r  cpu/rf_module/rf[1][2]_i_4/O
                         net (fo=97, routed)          2.360    17.304    cpu/data_ram_module/dm_addr[2]
    SLICE_X1Y171         LUT6 (Prop_lut6_I4_O)        0.105    17.409 r  cpu/data_ram_module/rf[1][1]_i_12/O
                         net (fo=1, routed)           0.000    17.409    cpu/data_ram_module/rf[1][1]_i_12_n_0
    SLICE_X1Y171         MUXF7 (Prop_muxf7_I0_O)      0.199    17.608 r  cpu/data_ram_module/rf_reg[1][1]_i_5/O
                         net (fo=1, routed)           0.000    17.608    cpu/data_ram_module/rf_reg[1][1]_i_5_n_0
    SLICE_X1Y171         MUXF8 (Prop_muxf8_I0_O)      0.085    17.693 r  cpu/data_ram_module/rf_reg[1][1]_i_2/O
                         net (fo=1, routed)           0.846    18.539    cpu/data_ram_module/rf_reg[1][1]_i_2_n_0
    SLICE_X9Y169         LUT5 (Prop_lut5_I0_O)        0.264    18.803 r  cpu/data_ram_module/rf[1][1]_i_1/O
                         net (fo=31, routed)          1.719    20.522    cpu/rf_module/wdata[1]
    SLICE_X21Y165        FDRE                                         r  cpu/rf_module/rf_reg[22][1]/D
  -------------------------------------------------------------------    -------------------

Slack:                    inf
  Source:                 cpu/pc_reg[4]/C
                            (rising edge-triggered cell FDRE)
  Destination:            cpu/rf_module/rf_reg[20][0]/D
  Path Group:             (none)
  Path Type:              Max at Slow Process Corner
  Data Path Delay:        20.509ns  (logic 2.186ns (10.659%)  route 18.323ns (89.341%))
  Logic Levels:           14  (FDRE=1 LUT5=1 LUT6=8 MUXF7=2 MUXF8=2)

    Location             Delay type                Incr(ns)  Path(ns)    Netlist Resource(s)
  -------------------------------------------------------------------    -------------------
    SLICE_X4Y174         FDRE                         0.000     0.000 r  cpu/pc_reg[4]/C
    SLICE_X4Y174         FDRE (Prop_fdre_C_Q)         0.379     0.379 r  cpu/pc_reg[4]/Q
                         net (fo=68, routed)          2.611     2.990    cpu/rf_module/display_value_reg[30][2]
    SLICE_X5Y165         LUT6 (Prop_lut6_I3_O)        0.105     3.095 r  cpu/rf_module/display_value[17]_i_2/O
                         net (fo=258, routed)         6.330     9.425    cpu/rf_module/display_value[17]_i_2_n_0
    SLICE_X17Y176        LUT6 (Prop_lut6_I2_O)        0.105     9.530 r  cpu/rf_module/beq_taken_carry_i_24/O
                         net (fo=1, routed)           0.000     9.530    cpu/rf_module/beq_taken_carry_i_24_n_0
    SLICE_X17Y176        MUXF7 (Prop_muxf7_I1_O)      0.182     9.712 r  cpu/rf_module/beq_taken_carry_i_13/O
                         net (fo=2, routed)           0.000     9.712    cpu/rf_module/beq_taken_carry_i_13_n_0
    SLICE_X17Y176        MUXF8 (Prop_muxf8_I1_O)      0.079     9.791 r  cpu/rf_module/result0_carry__1_i_40/O
                         net (fo=1, routed)           0.317    10.108    cpu/rf_module/result0_carry__1_i_40_n_0
    SLICE_X17Y175        LUT6 (Prop_lut6_I0_O)        0.264    10.372 r  cpu/rf_module/result0_carry__1_i_16/O
                         net (fo=12, routed)          1.738    12.110    cpu/rf_module/pc_reg[7]_1[2]
    SLICE_X20Y171        LUT6 (Prop_lut6_I5_O)        0.105    12.215 r  cpu/rf_module/rf[1][10]_i_12/O
                         net (fo=3, routed)           0.785    13.000    cpu/rf_module/alu_module/srl_step1[10]
    SLICE_X20Y169        LUT6 (Prop_lut6_I0_O)        0.105    13.105 r  cpu/rf_module/rf[1][2]_i_21/O
                         net (fo=1, routed)           0.838    13.943    cpu/rf_module/alu_module/srl_step2[2]
    SLICE_X16Y169        LUT6 (Prop_lut6_I3_O)        0.105    14.048 r  cpu/rf_module/rf[1][2]_i_9/O
                         net (fo=1, routed)           0.791    14.839    cpu/rf_module/rf[1][2]_i_9_n_0
    SLICE_X12Y168        LUT6 (Prop_lut6_I3_O)        0.105    14.944 r  cpu/rf_module/rf[1][2]_i_4/O
                         net (fo=97, routed)          2.411    17.355    cpu/data_ram_module/dm_addr[2]
    SLICE_X6Y171         LUT6 (Prop_lut6_I4_O)        0.105    17.460 r  cpu/data_ram_module/rf[1][0]_i_13/O
                         net (fo=1, routed)           0.000    17.460    cpu/data_ram_module/rf[1][0]_i_13_n_0
    SLICE_X6Y171         MUXF7 (Prop_muxf7_I1_O)      0.206    17.666 r  cpu/data_ram_module/rf_reg[1][0]_i_5/O
                         net (fo=1, routed)           0.000    17.666    cpu/data_ram_module/rf_reg[1][0]_i_5_n_0
    SLICE_X6Y171         MUXF8 (Prop_muxf8_I0_O)      0.082    17.748 r  cpu/data_ram_module/rf_reg[1][0]_i_2/O
                         net (fo=1, routed)           0.668    18.416    cpu/data_ram_module/rf_reg[1][0]_i_2_n_0
    SLICE_X10Y168        LUT5 (Prop_lut5_I0_O)        0.259    18.675 r  cpu/data_ram_module/rf[1][0]_i_1/O
                         net (fo=31, routed)          1.834    20.509    cpu/rf_module/wdata[0]
    SLICE_X18Y167        FDRE                                         r  cpu/rf_module/rf_reg[20][0]/D
  -------------------------------------------------------------------    -------------------

Slack:                    inf
  Source:                 cpu/pc_reg[4]/C
                            (rising edge-triggered cell FDRE)
  Destination:            cpu/rf_module/rf_reg[21][7]/D
  Path Group:             (none)
  Path Type:              Max at Slow Process Corner
  Data Path Delay:        20.445ns  (logic 2.194ns (10.731%)  route 18.251ns (89.269%))
  Logic Levels:           14  (FDRE=1 LUT5=1 LUT6=8 MUXF7=2 MUXF8=2)

    Location             Delay type                Incr(ns)  Path(ns)    Netlist Resource(s)
  -------------------------------------------------------------------    -------------------
    SLICE_X4Y174         FDRE                         0.000     0.000 r  cpu/pc_reg[4]/C
    SLICE_X4Y174         FDRE (Prop_fdre_C_Q)         0.379     0.379 r  cpu/pc_reg[4]/Q
                         net (fo=68, routed)          2.611     2.990    cpu/rf_module/display_value_reg[30][2]
    SLICE_X5Y165         LUT6 (Prop_lut6_I3_O)        0.105     3.095 r  cpu/rf_module/display_value[17]_i_2/O
                         net (fo=258, routed)         6.330     9.425    cpu/rf_module/display_value[17]_i_2_n_0
    SLICE_X17Y176        LUT6 (Prop_lut6_I2_O)        0.105     9.530 r  cpu/rf_module/beq_taken_carry_i_24/O
                         net (fo=1, routed)           0.000     9.530    cpu/rf_module/beq_taken_carry_i_24_n_0
    SLICE_X17Y176        MUXF7 (Prop_muxf7_I1_O)      0.182     9.712 r  cpu/rf_module/beq_taken_carry_i_13/O
                         net (fo=2, routed)           0.000     9.712    cpu/rf_module/beq_taken_carry_i_13_n_0
    SLICE_X17Y176        MUXF8 (Prop_muxf8_I1_O)      0.079     9.791 r  cpu/rf_module/result0_carry__1_i_40/O
                         net (fo=1, routed)           0.317    10.108    cpu/rf_module/result0_carry__1_i_40_n_0
    SLICE_X17Y175        LUT6 (Prop_lut6_I0_O)        0.264    10.372 r  cpu/rf_module/result0_carry__1_i_16/O
                         net (fo=12, routed)          1.738    12.110    cpu/rf_module/pc_reg[7]_1[2]
    SLICE_X20Y171        LUT6 (Prop_lut6_I5_O)        0.105    12.215 r  cpu/rf_module/rf[1][10]_i_12/O
                         net (fo=3, routed)           0.785    13.000    cpu/rf_module/alu_module/srl_step1[10]
    SLICE_X20Y169        LUT6 (Prop_lut6_I0_O)        0.105    13.105 r  cpu/rf_module/rf[1][2]_i_21/O
                         net (fo=1, routed)           0.838    13.943    cpu/rf_module/alu_module/srl_step2[2]
    SLICE_X16Y169        LUT6 (Prop_lut6_I3_O)        0.105    14.048 r  cpu/rf_module/rf[1][2]_i_9/O
                         net (fo=1, routed)           0.791    14.839    cpu/rf_module/rf[1][2]_i_9_n_0
    SLICE_X12Y168        LUT6 (Prop_lut6_I3_O)        0.105    14.944 r  cpu/rf_module/rf[1][2]_i_4/O
                         net (fo=97, routed)          2.286    17.230    cpu/data_ram_module/dm_addr[2]
    SLICE_X1Y172         LUT6 (Prop_lut6_I4_O)        0.105    17.335 r  cpu/data_ram_module/rf[1][7]_i_28/O
                         net (fo=1, routed)           0.000    17.335    cpu/data_ram_module/rf[1][7]_i_28_n_0
    SLICE_X1Y172         MUXF7 (Prop_muxf7_I1_O)      0.206    17.541 r  cpu/data_ram_module/rf_reg[1][7]_i_17/O
                         net (fo=1, routed)           0.000    17.541    cpu/data_ram_module/rf_reg[1][7]_i_17_n_0
    SLICE_X1Y172         MUXF8 (Prop_muxf8_I0_O)      0.085    17.626 r  cpu/data_ram_module/rf_reg[1][7]_i_9/O
                         net (fo=1, routed)           0.933    18.559    cpu/data_ram_module/rf_reg[1][7]_i_9_n_0
    SLICE_X7Y170         LUT5 (Prop_lut5_I0_O)        0.264    18.823 r  cpu/data_ram_module/rf[1][7]_i_2/O
                         net (fo=31, routed)          1.622    20.445    cpu/rf_module/wdata[7]
    SLICE_X8Y169         FDRE                                         r  cpu/rf_module/rf_reg[21][7]/D
  -------------------------------------------------------------------    -------------------

Slack:                    inf
  Source:                 cpu/pc_reg[4]/C
                            (rising edge-triggered cell FDRE)
  Destination:            cpu/rf_module/rf_reg[27][7]/D
  Path Group:             (none)
  Path Type:              Max at Slow Process Corner
  Data Path Delay:        20.445ns  (logic 2.194ns (10.731%)  route 18.251ns (89.269%))
  Logic Levels:           14  (FDRE=1 LUT5=1 LUT6=8 MUXF7=2 MUXF8=2)

    Location             Delay type                Incr(ns)  Path(ns)    Netlist Resource(s)
  -------------------------------------------------------------------    -------------------
    SLICE_X4Y174         FDRE                         0.000     0.000 r  cpu/pc_reg[4]/C
    SLICE_X4Y174         FDRE (Prop_fdre_C_Q)         0.379     0.379 r  cpu/pc_reg[4]/Q
                         net (fo=68, routed)          2.611     2.990    cpu/rf_module/display_value_reg[30][2]
    SLICE_X5Y165         LUT6 (Prop_lut6_I3_O)        0.105     3.095 r  cpu/rf_module/display_value[17]_i_2/O
                         net (fo=258, routed)         6.330     9.425    cpu/rf_module/display_value[17]_i_2_n_0
    SLICE_X17Y176        LUT6 (Prop_lut6_I2_O)        0.105     9.530 r  cpu/rf_module/beq_taken_carry_i_24/O
                         net (fo=1, routed)           0.000     9.530    cpu/rf_module/beq_taken_carry_i_24_n_0
    SLICE_X17Y176        MUXF7 (Prop_muxf7_I1_O)      0.182     9.712 r  cpu/rf_module/beq_taken_carry_i_13/O
                         net (fo=2, routed)           0.000     9.712    cpu/rf_module/beq_taken_carry_i_13_n_0
    SLICE_X17Y176        MUXF8 (Prop_muxf8_I1_O)      0.079     9.791 r  cpu/rf_module/result0_carry__1_i_40/O
                         net (fo=1, routed)           0.317    10.108    cpu/rf_module/result0_carry__1_i_40_n_0
    SLICE_X17Y175        LUT6 (Prop_lut6_I0_O)        0.264    10.372 r  cpu/rf_module/result0_carry__1_i_16/O
                         net (fo=12, routed)          1.738    12.110    cpu/rf_module/pc_reg[7]_1[2]
    SLICE_X20Y171        LUT6 (Prop_lut6_I5_O)        0.105    12.215 r  cpu/rf_module/rf[1][10]_i_12/O
                         net (fo=3, routed)           0.785    13.000    cpu/rf_module/alu_module/srl_step1[10]
    SLICE_X20Y169        LUT6 (Prop_lut6_I0_O)        0.105    13.105 r  cpu/rf_module/rf[1][2]_i_21/O
                         net (fo=1, routed)           0.838    13.943    cpu/rf_module/alu_module/srl_step2[2]
    SLICE_X16Y169        LUT6 (Prop_lut6_I3_O)        0.105    14.048 r  cpu/rf_module/rf[1][2]_i_9/O
                         net (fo=1, routed)           0.791    14.839    cpu/rf_module/rf[1][2]_i_9_n_0
    SLICE_X12Y168        LUT6 (Prop_lut6_I3_O)        0.105    14.944 r  cpu/rf_module/rf[1][2]_i_4/O
                         net (fo=97, routed)          2.286    17.230    cpu/data_ram_module/dm_addr[2]
    SLICE_X1Y172         LUT6 (Prop_lut6_I4_O)        0.105    17.335 r  cpu/data_ram_module/rf[1][7]_i_28/O
                         net (fo=1, routed)           0.000    17.335    cpu/data_ram_module/rf[1][7]_i_28_n_0
    SLICE_X1Y172         MUXF7 (Prop_muxf7_I1_O)      0.206    17.541 r  cpu/data_ram_module/rf_reg[1][7]_i_17/O
                         net (fo=1, routed)           0.000    17.541    cpu/data_ram_module/rf_reg[1][7]_i_17_n_0
    SLICE_X1Y172         MUXF8 (Prop_muxf8_I0_O)      0.085    17.626 r  cpu/data_ram_module/rf_reg[1][7]_i_9/O
                         net (fo=1, routed)           0.933    18.559    cpu/data_ram_module/rf_reg[1][7]_i_9_n_0
    SLICE_X7Y170         LUT5 (Prop_lut5_I0_O)        0.264    18.823 r  cpu/data_ram_module/rf[1][7]_i_2/O
                         net (fo=31, routed)          1.622    20.445    cpu/rf_module/wdata[7]
    SLICE_X9Y169         FDRE                                         r  cpu/rf_module/rf_reg[27][7]/D
  -------------------------------------------------------------------    -------------------

Slack:                    inf
  Source:                 cpu/pc_reg[4]/C
                            (rising edge-triggered cell FDRE)
  Destination:            cpu/rf_module/rf_reg[12][7]/D
  Path Group:             (none)
  Path Type:              Max at Slow Process Corner
  Data Path Delay:        20.439ns  (logic 2.194ns (10.734%)  route 18.245ns (89.266%))
  Logic Levels:           14  (FDRE=1 LUT5=1 LUT6=8 MUXF7=2 MUXF8=2)

    Location             Delay type                Incr(ns)  Path(ns)    Netlist Resource(s)
  -------------------------------------------------------------------    -------------------
    SLICE_X4Y174         FDRE                         0.000     0.000 r  cpu/pc_reg[4]/C
    SLICE_X4Y174         FDRE (Prop_fdre_C_Q)         0.379     0.379 r  cpu/pc_reg[4]/Q
                         net (fo=68, routed)          2.611     2.990    cpu/rf_module/display_value_reg[30][2]
    SLICE_X5Y165         LUT6 (Prop_lut6_I3_O)        0.105     3.095 r  cpu/rf_module/display_value[17]_i_2/O
                         net (fo=258, routed)         6.330     9.425    cpu/rf_module/display_value[17]_i_2_n_0
    SLICE_X17Y176        LUT6 (Prop_lut6_I2_O)        0.105     9.530 r  cpu/rf_module/beq_taken_carry_i_24/O
                         net (fo=1, routed)           0.000     9.530    cpu/rf_module/beq_taken_carry_i_24_n_0
    SLICE_X17Y176        MUXF7 (Prop_muxf7_I1_O)      0.182     9.712 r  cpu/rf_module/beq_taken_carry_i_13/O
                         net (fo=2, routed)           0.000     9.712    cpu/rf_module/beq_taken_carry_i_13_n_0
    SLICE_X17Y176        MUXF8 (Prop_muxf8_I1_O)      0.079     9.791 r  cpu/rf_module/result0_carry__1_i_40/O
                         net (fo=1, routed)           0.317    10.108    cpu/rf_module/result0_carry__1_i_40_n_0
    SLICE_X17Y175        LUT6 (Prop_lut6_I0_O)        0.264    10.372 r  cpu/rf_module/result0_carry__1_i_16/O
                         net (fo=12, routed)          1.738    12.110    cpu/rf_module/pc_reg[7]_1[2]
    SLICE_X20Y171        LUT6 (Prop_lut6_I5_O)        0.105    12.215 r  cpu/rf_module/rf[1][10]_i_12/O
                         net (fo=3, routed)           0.785    13.000    cpu/rf_module/alu_module/srl_step1[10]
    SLICE_X20Y169        LUT6 (Prop_lut6_I0_O)        0.105    13.105 r  cpu/rf_module/rf[1][2]_i_21/O
                         net (fo=1, routed)           0.838    13.943    cpu/rf_module/alu_module/srl_step2[2]
    SLICE_X16Y169        LUT6 (Prop_lut6_I3_O)        0.105    14.048 r  cpu/rf_module/rf[1][2]_i_9/O
                         net (fo=1, routed)           0.791    14.839    cpu/rf_module/rf[1][2]_i_9_n_0
    SLICE_X12Y168        LUT6 (Prop_lut6_I3_O)        0.105    14.944 r  cpu/rf_module/rf[1][2]_i_4/O
                         net (fo=97, routed)          2.286    17.230    cpu/data_ram_module/dm_addr[2]
    SLICE_X1Y172         LUT6 (Prop_lut6_I4_O)        0.105    17.335 r  cpu/data_ram_module/rf[1][7]_i_28/O
                         net (fo=1, routed)           0.000    17.335    cpu/data_ram_module/rf[1][7]_i_28_n_0
    SLICE_X1Y172         MUXF7 (Prop_muxf7_I1_O)      0.206    17.541 r  cpu/data_ram_module/rf_reg[1][7]_i_17/O
                         net (fo=1, routed)           0.000    17.541    cpu/data_ram_module/rf_reg[1][7]_i_17_n_0
    SLICE_X1Y172         MUXF8 (Prop_muxf8_I0_O)      0.085    17.626 r  cpu/data_ram_module/rf_reg[1][7]_i_9/O
                         net (fo=1, routed)           0.933    18.559    cpu/data_ram_module/rf_reg[1][7]_i_9_n_0
    SLICE_X7Y170         LUT5 (Prop_lut5_I0_O)        0.264    18.823 r  cpu/data_ram_module/rf[1][7]_i_2/O
                         net (fo=31, routed)          1.616    20.439    cpu/rf_module/wdata[7]
    SLICE_X8Y168         FDRE                                         r  cpu/rf_module/rf_reg[12][7]/D
  -------------------------------------------------------------------    -------------------

Slack:                    inf
  Source:                 cpu/pc_reg[4]/C
                            (rising edge-triggered cell FDRE)
  Destination:            cpu/rf_module/rf_reg[20][7]/D
  Path Group:             (none)
  Path Type:              Max at Slow Process Corner
  Data Path Delay:        20.433ns  (logic 2.194ns (10.738%)  route 18.239ns (89.262%))
  Logic Levels:           14  (FDRE=1 LUT5=1 LUT6=8 MUXF7=2 MUXF8=2)

    Location             Delay type                Incr(ns)  Path(ns)    Netlist Resource(s)
  -------------------------------------------------------------------    -------------------
    SLICE_X4Y174         FDRE                         0.000     0.000 r  cpu/pc_reg[4]/C
    SLICE_X4Y174         FDRE (Prop_fdre_C_Q)         0.379     0.379 r  cpu/pc_reg[4]/Q
                         net (fo=68, routed)          2.611     2.990    cpu/rf_module/display_value_reg[30][2]
    SLICE_X5Y165         LUT6 (Prop_lut6_I3_O)        0.105     3.095 r  cpu/rf_module/display_value[17]_i_2/O
                         net (fo=258, routed)         6.330     9.425    cpu/rf_module/display_value[17]_i_2_n_0
    SLICE_X17Y176        LUT6 (Prop_lut6_I2_O)        0.105     9.530 r  cpu/rf_module/beq_taken_carry_i_24/O
                         net (fo=1, routed)           0.000     9.530    cpu/rf_module/beq_taken_carry_i_24_n_0
    SLICE_X17Y176        MUXF7 (Prop_muxf7_I1_O)      0.182     9.712 r  cpu/rf_module/beq_taken_carry_i_13/O
                         net (fo=2, routed)           0.000     9.712    cpu/rf_module/beq_taken_carry_i_13_n_0
    SLICE_X17Y176        MUXF8 (Prop_muxf8_I1_O)      0.079     9.791 r  cpu/rf_module/result0_carry__1_i_40/O
                         net (fo=1, routed)           0.317    10.108    cpu/rf_module/result0_carry__1_i_40_n_0
    SLICE_X17Y175        LUT6 (Prop_lut6_I0_O)        0.264    10.372 r  cpu/rf_module/result0_carry__1_i_16/O
                         net (fo=12, routed)          1.738    12.110    cpu/rf_module/pc_reg[7]_1[2]
    SLICE_X20Y171        LUT6 (Prop_lut6_I5_O)        0.105    12.215 r  cpu/rf_module/rf[1][10]_i_12/O
                         net (fo=3, routed)           0.785    13.000    cpu/rf_module/alu_module/srl_step1[10]
    SLICE_X20Y169        LUT6 (Prop_lut6_I0_O)        0.105    13.105 r  cpu/rf_module/rf[1][2]_i_21/O
                         net (fo=1, routed)           0.838    13.943    cpu/rf_module/alu_module/srl_step2[2]
    SLICE_X16Y169        LUT6 (Prop_lut6_I3_O)        0.105    14.048 r  cpu/rf_module/rf[1][2]_i_9/O
                         net (fo=1, routed)           0.791    14.839    cpu/rf_module/rf[1][2]_i_9_n_0
    SLICE_X12Y168        LUT6 (Prop_lut6_I3_O)        0.105    14.944 r  cpu/rf_module/rf[1][2]_i_4/O
                         net (fo=97, routed)          2.286    17.230    cpu/data_ram_module/dm_addr[2]
    SLICE_X1Y172         LUT6 (Prop_lut6_I4_O)        0.105    17.335 r  cpu/data_ram_module/rf[1][7]_i_28/O
                         net (fo=1, routed)           0.000    17.335    cpu/data_ram_module/rf[1][7]_i_28_n_0
    SLICE_X1Y172         MUXF7 (Prop_muxf7_I1_O)      0.206    17.541 r  cpu/data_ram_module/rf_reg[1][7]_i_17/O
                         net (fo=1, routed)           0.000    17.541    cpu/data_ram_module/rf_reg[1][7]_i_17_n_0
    SLICE_X1Y172         MUXF8 (Prop_muxf8_I0_O)      0.085    17.626 r  cpu/data_ram_module/rf_reg[1][7]_i_9/O
                         net (fo=1, routed)           0.933    18.559    cpu/data_ram_module/rf_reg[1][7]_i_9_n_0
    SLICE_X7Y170         LUT5 (Prop_lut5_I0_O)        0.264    18.823 r  cpu/data_ram_module/rf[1][7]_i_2/O
                         net (fo=31, routed)          1.610    20.433    cpu/rf_module/wdata[7]
    SLICE_X10Y170        FDRE                                         r  cpu/rf_module/rf_reg[20][7]/D
  -------------------------------------------------------------------    -------------------

Slack:                    inf
  Source:                 cpu/pc_reg[4]/C
                            (rising edge-triggered cell FDRE)
  Destination:            cpu/rf_module/rf_reg[17][1]/D
  Path Group:             (none)
  Path Type:              Max at Slow Process Corner
  Data Path Delay:        20.422ns  (logic 2.187ns (10.709%)  route 18.235ns (89.291%))
  Logic Levels:           14  (FDRE=1 LUT5=1 LUT6=8 MUXF7=2 MUXF8=2)

    Location             Delay type                Incr(ns)  Path(ns)    Netlist Resource(s)
  -------------------------------------------------------------------    -------------------
    SLICE_X4Y174         FDRE                         0.000     0.000 r  cpu/pc_reg[4]/C
    SLICE_X4Y174         FDRE (Prop_fdre_C_Q)         0.379     0.379 r  cpu/pc_reg[4]/Q
                         net (fo=68, routed)          2.611     2.990    cpu/rf_module/display_value_reg[30][2]
    SLICE_X5Y165         LUT6 (Prop_lut6_I3_O)        0.105     3.095 r  cpu/rf_module/display_value[17]_i_2/O
                         net (fo=258, routed)         6.330     9.425    cpu/rf_module/display_value[17]_i_2_n_0
    SLICE_X17Y176        LUT6 (Prop_lut6_I2_O)        0.105     9.530 r  cpu/rf_module/beq_taken_carry_i_24/O
                         net (fo=1, routed)           0.000     9.530    cpu/rf_module/beq_taken_carry_i_24_n_0
    SLICE_X17Y176        MUXF7 (Prop_muxf7_I1_O)      0.182     9.712 r  cpu/rf_module/beq_taken_carry_i_13/O
                         net (fo=2, routed)           0.000     9.712    cpu/rf_module/beq_taken_carry_i_13_n_0
    SLICE_X17Y176        MUXF8 (Prop_muxf8_I1_O)      0.079     9.791 r  cpu/rf_module/result0_carry__1_i_40/O
                         net (fo=1, routed)           0.317    10.108    cpu/rf_module/result0_carry__1_i_40_n_0
    SLICE_X17Y175        LUT6 (Prop_lut6_I0_O)        0.264    10.372 r  cpu/rf_module/result0_carry__1_i_16/O
                         net (fo=12, routed)          1.738    12.110    cpu/rf_module/pc_reg[7]_1[2]
    SLICE_X20Y171        LUT6 (Prop_lut6_I5_O)        0.105    12.215 r  cpu/rf_module/rf[1][10]_i_12/O
                         net (fo=3, routed)           0.785    13.000    cpu/rf_module/alu_module/srl_step1[10]
    SLICE_X20Y169        LUT6 (Prop_lut6_I0_O)        0.105    13.105 r  cpu/rf_module/rf[1][2]_i_21/O
                         net (fo=1, routed)           0.838    13.943    cpu/rf_module/alu_module/srl_step2[2]
    SLICE_X16Y169        LUT6 (Prop_lut6_I3_O)        0.105    14.048 r  cpu/rf_module/rf[1][2]_i_9/O
                         net (fo=1, routed)           0.791    14.839    cpu/rf_module/rf[1][2]_i_9_n_0
    SLICE_X12Y168        LUT6 (Prop_lut6_I3_O)        0.105    14.944 r  cpu/rf_module/rf[1][2]_i_4/O
                         net (fo=97, routed)          2.360    17.304    cpu/data_ram_module/dm_addr[2]
    SLICE_X1Y171         LUT6 (Prop_lut6_I4_O)        0.105    17.409 r  cpu/data_ram_module/rf[1][1]_i_12/O
                         net (fo=1, routed)           0.000    17.409    cpu/data_ram_module/rf[1][1]_i_12_n_0
    SLICE_X1Y171         MUXF7 (Prop_muxf7_I0_O)      0.199    17.608 r  cpu/data_ram_module/rf_reg[1][1]_i_5/O
                         net (fo=1, routed)           0.000    17.608    cpu/data_ram_module/rf_reg[1][1]_i_5_n_0
    SLICE_X1Y171         MUXF8 (Prop_muxf8_I0_O)      0.085    17.693 r  cpu/data_ram_module/rf_reg[1][1]_i_2/O
                         net (fo=1, routed)           0.846    18.539    cpu/data_ram_module/rf_reg[1][1]_i_2_n_0
    SLICE_X9Y169         LUT5 (Prop_lut5_I0_O)        0.264    18.803 r  cpu/data_ram_module/rf[1][1]_i_1/O
                         net (fo=31, routed)          1.619    20.422    cpu/rf_module/wdata[1]
    SLICE_X20Y166        FDRE                                         r  cpu/rf_module/rf_reg[17][1]/D
  -------------------------------------------------------------------    -------------------

Slack:                    inf
  Source:                 cpu/pc_reg[4]/C
                            (rising edge-triggered cell FDRE)
  Destination:            cpu/rf_module/rf_reg[12][1]/D
  Path Group:             (none)
  Path Type:              Max at Slow Process Corner
  Data Path Delay:        20.421ns  (logic 2.187ns (10.710%)  route 18.234ns (89.290%))
  Logic Levels:           14  (FDRE=1 LUT5=1 LUT6=8 MUXF7=2 MUXF8=2)

    Location             Delay type                Incr(ns)  Path(ns)    Netlist Resource(s)
  -------------------------------------------------------------------    -------------------
    SLICE_X4Y174         FDRE                         0.000     0.000 r  cpu/pc_reg[4]/C
    SLICE_X4Y174         FDRE (Prop_fdre_C_Q)         0.379     0.379 r  cpu/pc_reg[4]/Q
                         net (fo=68, routed)          2.611     2.990    cpu/rf_module/display_value_reg[30][2]
    SLICE_X5Y165         LUT6 (Prop_lut6_I3_O)        0.105     3.095 r  cpu/rf_module/display_value[17]_i_2/O
                         net (fo=258, routed)         6.330     9.425    cpu/rf_module/display_value[17]_i_2_n_0
    SLICE_X17Y176        LUT6 (Prop_lut6_I2_O)        0.105     9.530 r  cpu/rf_module/beq_taken_carry_i_24/O
                         net (fo=1, routed)           0.000     9.530    cpu/rf_module/beq_taken_carry_i_24_n_0
    SLICE_X17Y176        MUXF7 (Prop_muxf7_I1_O)      0.182     9.712 r  cpu/rf_module/beq_taken_carry_i_13/O
                         net (fo=2, routed)           0.000     9.712    cpu/rf_module/beq_taken_carry_i_13_n_0
    SLICE_X17Y176        MUXF8 (Prop_muxf8_I1_O)      0.079     9.791 r  cpu/rf_module/result0_carry__1_i_40/O
                         net (fo=1, routed)           0.317    10.108    cpu/rf_module/result0_carry__1_i_40_n_0
    SLICE_X17Y175        LUT6 (Prop_lut6_I0_O)        0.264    10.372 r  cpu/rf_module/result0_carry__1_i_16/O
                         net (fo=12, routed)          1.738    12.110    cpu/rf_module/pc_reg[7]_1[2]
    SLICE_X20Y171        LUT6 (Prop_lut6_I5_O)        0.105    12.215 r  cpu/rf_module/rf[1][10]_i_12/O
                         net (fo=3, routed)           0.785    13.000    cpu/rf_module/alu_module/srl_step1[10]
    SLICE_X20Y169        LUT6 (Prop_lut6_I0_O)        0.105    13.105 r  cpu/rf_module/rf[1][2]_i_21/O
                         net (fo=1, routed)           0.838    13.943    cpu/rf_module/alu_module/srl_step2[2]
    SLICE_X16Y169        LUT6 (Prop_lut6_I3_O)        0.105    14.048 r  cpu/rf_module/rf[1][2]_i_9/O
                         net (fo=1, routed)           0.791    14.839    cpu/rf_module/rf[1][2]_i_9_n_0
    SLICE_X12Y168        LUT6 (Prop_lut6_I3_O)        0.105    14.944 r  cpu/rf_module/rf[1][2]_i_4/O
                         net (fo=97, routed)          2.360    17.304    cpu/data_ram_module/dm_addr[2]
    SLICE_X1Y171         LUT6 (Prop_lut6_I4_O)        0.105    17.409 r  cpu/data_ram_module/rf[1][1]_i_12/O
                         net (fo=1, routed)           0.000    17.409    cpu/data_ram_module/rf[1][1]_i_12_n_0
    SLICE_X1Y171         MUXF7 (Prop_muxf7_I0_O)      0.199    17.608 r  cpu/data_ram_module/rf_reg[1][1]_i_5/O
                         net (fo=1, routed)           0.000    17.608    cpu/data_ram_module/rf_reg[1][1]_i_5_n_0
    SLICE_X1Y171         MUXF8 (Prop_muxf8_I0_O)      0.085    17.693 r  cpu/data_ram_module/rf_reg[1][1]_i_2/O
                         net (fo=1, routed)           0.846    18.539    cpu/data_ram_module/rf_reg[1][1]_i_2_n_0
    SLICE_X9Y169         LUT5 (Prop_lut5_I0_O)        0.264    18.803 r  cpu/data_ram_module/rf[1][1]_i_1/O
                         net (fo=31, routed)          1.618    20.421    cpu/rf_module/wdata[1]
    SLICE_X13Y164        FDRE                                         r  cpu/rf_module/rf_reg[12][1]/D
  -------------------------------------------------------------------    -------------------





Min Delay Paths
--------------------------------------------------------------------------------------
Slack:                    inf
  Source:                 lcd_module/touch_module/input_value_reg[31]/C
                            (rising edge-triggered cell FDRE)
  Destination:            mem_addr_reg[31]/D
  Path Group:             (none)
  Path Type:              Min at Fast Process Corner
  Data Path Delay:        0.269ns  (logic 0.141ns (52.468%)  route 0.128ns (47.532%))
  Logic Levels:           1  (FDRE=1)

    Location             Delay type                Incr(ns)  Path(ns)    Netlist Resource(s)
  -------------------------------------------------------------------    -------------------
    SLICE_X1Y176         FDRE                         0.000     0.000 r  lcd_module/touch_module/input_value_reg[31]/C
    SLICE_X1Y176         FDRE (Prop_fdre_C_Q)         0.141     0.141 r  lcd_module/touch_module/input_value_reg[31]/Q
                         net (fo=2, routed)           0.128     0.269    input_value[31]
    SLICE_X0Y178         FDRE                                         r  mem_addr_reg[31]/D
  -------------------------------------------------------------------    -------------------

Slack:                    inf
  Source:                 lcd_module/lcd_draw_module/display_count_x_reg[3]/C
                            (rising edge-triggered cell FDRE)
  Destination:            lcd_module/lcd_draw_module/display_count_x_reg[5]/D
  Path Group:             (none)
  Path Type:              Min at Fast Process Corner
  Data Path Delay:        0.281ns  (logic 0.209ns (74.333%)  route 0.072ns (25.667%))
  Logic Levels:           2  (FDRE=1 LUT6=1)

    Location             Delay type                Incr(ns)  Path(ns)    Netlist Resource(s)
  -------------------------------------------------------------------    -------------------
    SLICE_X8Y190         FDRE                         0.000     0.000 r  lcd_module/lcd_draw_module/display_count_x_reg[3]/C
    SLICE_X8Y190         FDRE (Prop_fdre_C_Q)         0.164     0.164 r  lcd_module/lcd_draw_module/display_count_x_reg[3]/Q
                         net (fo=6, routed)           0.072     0.236    lcd_module/lcd_draw_module/display_count_x_reg_n_0_[3]
    SLICE_X9Y190         LUT6 (Prop_lut6_I2_O)        0.045     0.281 r  lcd_module/lcd_draw_module/display_count_x[5]_i_1/O
                         net (fo=1, routed)           0.000     0.281    lcd_module/lcd_draw_module/p_0_in__3[5]
    SLICE_X9Y190         FDRE                                         r  lcd_module/lcd_draw_module/display_count_x_reg[5]/D
  -------------------------------------------------------------------    -------------------

Slack:                    inf
  Source:                 lcd_module/touch_module/input_value_reg[17]/C
                            (rising edge-triggered cell FDRE)
  Destination:            mem_addr_reg[17]/D
  Path Group:             (none)
  Path Type:              Min at Fast Process Corner
  Data Path Delay:        0.283ns  (logic 0.141ns (49.799%)  route 0.142ns (50.201%))
  Logic Levels:           1  (FDRE=1)

    Location             Delay type                Incr(ns)  Path(ns)    Netlist Resource(s)
  -------------------------------------------------------------------    -------------------
    SLICE_X0Y177         FDRE                         0.000     0.000 r  lcd_module/touch_module/input_value_reg[17]/C
    SLICE_X0Y177         FDRE (Prop_fdre_C_Q)         0.141     0.141 r  lcd_module/touch_module/input_value_reg[17]/Q
                         net (fo=3, routed)           0.142     0.283    input_value[17]
    SLICE_X0Y178         FDRE                                         r  mem_addr_reg[17]/D
  -------------------------------------------------------------------    -------------------

Slack:                    inf
  Source:                 lcd_module/lcd_init_module/display_y_reg[8]/C
                            (rising edge-triggered cell FDRE)
  Destination:            lcd_module/lcd_init_module/display_y_reg[9]/D
  Path Group:             (none)
  Path Type:              Min at Fast Process Corner
  Data Path Delay:        0.292ns  (logic 0.227ns (77.690%)  route 0.065ns (22.310%))
  Logic Levels:           2  (FDRE=1 LUT6=1)

    Location             Delay type                Incr(ns)  Path(ns)    Netlist Resource(s)
  -------------------------------------------------------------------    -------------------
    SLICE_X3Y198         FDRE                         0.000     0.000 r  lcd_module/lcd_init_module/display_y_reg[8]/C
    SLICE_X3Y198         FDRE (Prop_fdre_C_Q)         0.128     0.128 r  lcd_module/lcd_init_module/display_y_reg[8]/Q
                         net (fo=7, routed)           0.065     0.193    lcd_module/lcd_init_module/display_y_reg__0[8]
    SLICE_X3Y198         LUT6 (Prop_lut6_I5_O)        0.099     0.292 r  lcd_module/lcd_init_module/display_y[9]_i_2/O
                         net (fo=1, routed)           0.000     0.292    lcd_module/lcd_init_module/p_0_in__0[9]
    SLICE_X3Y198         FDRE                                         r  lcd_module/lcd_init_module/display_y_reg[9]/D
  -------------------------------------------------------------------    -------------------

Slack:                    inf
  Source:                 lcd_module/touch_module/input_value_reg[31]/C
                            (rising edge-triggered cell FDRE)
  Destination:            lcd_module/touch_module/input_value_reg[27]/D
  Path Group:             (none)
  Path Type:              Min at Fast Process Corner
  Data Path Delay:        0.299ns  (logic 0.192ns (64.220%)  route 0.107ns (35.780%))
  Logic Levels:           2  (FDRE=1 LUT3=1)

    Location             Delay type                Incr(ns)  Path(ns)    Netlist Resource(s)
  -------------------------------------------------------------------    -------------------
    SLICE_X1Y176         FDRE                         0.000     0.000 r  lcd_module/touch_module/input_value_reg[31]/C
    SLICE_X1Y176         FDRE (Prop_fdre_C_Q)         0.141     0.141 r  lcd_module/touch_module/input_value_reg[31]/Q
                         net (fo=2, routed)           0.107     0.248    lcd_module/touch_module/Q[31]
    SLICE_X0Y176         LUT3 (Prop_lut3_I0_O)        0.051     0.299 r  lcd_module/touch_module/input_value[27]_i_1/O
                         net (fo=1, routed)           0.000     0.299    lcd_module/touch_module/p_0_out0_in[27]
    SLICE_X0Y176         FDRE                                         r  lcd_module/touch_module/input_value_reg[27]/D
  -------------------------------------------------------------------    -------------------

Slack:                    inf
  Source:                 lcd_module/lcd_draw_module/draw_data_reg[1]/C
                            (rising edge-triggered cell FDRE)
  Destination:            lcd_module/lcd_data_reg[1]/D
  Path Group:             (none)
  Path Type:              Min at Fast Process Corner
  Data Path Delay:        0.300ns  (logic 0.186ns (61.933%)  route 0.114ns (38.067%))
  Logic Levels:           2  (FDRE=1 LUT5=1)

    Location             Delay type                Incr(ns)  Path(ns)    Netlist Resource(s)
  -------------------------------------------------------------------    -------------------
    SLICE_X3Y195         FDRE                         0.000     0.000 r  lcd_module/lcd_draw_module/draw_data_reg[1]/C
    SLICE_X3Y195         FDRE (Prop_fdre_C_Q)         0.141     0.141 r  lcd_module/lcd_draw_module/draw_data_reg[1]/Q
                         net (fo=1, routed)           0.114     0.255    lcd_module/lcd_init_module/draw_data[1]
    SLICE_X4Y195         LUT5 (Prop_lut5_I4_O)        0.045     0.300 r  lcd_module/lcd_init_module/lcd_data[1]_i_1/O
                         net (fo=1, routed)           0.000     0.300    lcd_module/p_1_in[1]
    SLICE_X4Y195         FDRE                                         r  lcd_module/lcd_data_reg[1]/D
  -------------------------------------------------------------------    -------------------

Slack:                    inf
  Source:                 lcd_module/lcd_init_module/init_rom_pc_reg[3]/C
                            (rising edge-triggered cell FDRE)
  Destination:            lcd_module/lcd_init_module/init_rom_pc_reg[7]/D
  Path Group:             (none)
  Path Type:              Min at Fast Process Corner
  Data Path Delay:        0.300ns  (logic 0.209ns (69.581%)  route 0.091ns (30.419%))
  Logic Levels:           2  (FDRE=1 LUT6=1)

    Location             Delay type                Incr(ns)  Path(ns)    Netlist Resource(s)
  -------------------------------------------------------------------    -------------------
    SLICE_X10Y191        FDRE                         0.000     0.000 r  lcd_module/lcd_init_module/init_rom_pc_reg[3]/C
    SLICE_X10Y191        FDRE (Prop_fdre_C_Q)         0.164     0.164 r  lcd_module/lcd_init_module/init_rom_pc_reg[3]/Q
                         net (fo=9, routed)           0.091     0.255    lcd_module/lcd_init_module/Q[3]
    SLICE_X11Y191        LUT6 (Prop_lut6_I3_O)        0.045     0.300 r  lcd_module/lcd_init_module/init_rom_pc[7]_i_1/O
                         net (fo=1, routed)           0.000     0.300    lcd_module/lcd_init_module/p_0_in[7]
    SLICE_X11Y191        FDRE                                         r  lcd_module/lcd_init_module/init_rom_pc_reg[7]/D
  -------------------------------------------------------------------    -------------------

Slack:                    inf
  Source:                 lcd_module/init_begin_reg/C
                            (rising edge-triggered cell FDRE)
  Destination:            lcd_module/init_begin_reg/D
  Path Group:             (none)
  Path Type:              Min at Fast Process Corner
  Data Path Delay:        0.303ns  (logic 0.186ns (61.327%)  route 0.117ns (38.673%))
  Logic Levels:           2  (FDRE=1 LUT6=1)

    Location             Delay type                Incr(ns)  Path(ns)    Netlist Resource(s)
  -------------------------------------------------------------------    -------------------
    SLICE_X5Y161         FDRE                         0.000     0.000 r  lcd_module/init_begin_reg/C
    SLICE_X5Y161         FDRE (Prop_fdre_C_Q)         0.141     0.141 r  lcd_module/init_begin_reg/Q
                         net (fo=32, routed)          0.117     0.258    lcd_module/touch_module/init_begin_reg_0
    SLICE_X5Y161         LUT6 (Prop_lut6_I5_O)        0.045     0.303 r  lcd_module/touch_module/init_begin_i_1/O
                         net (fo=1, routed)           0.000     0.303    lcd_module/touch_module_n_56
    SLICE_X5Y161         FDRE                                         r  lcd_module/init_begin_reg/D
  -------------------------------------------------------------------    -------------------

Slack:                    inf
  Source:                 lcd_module/lcd_init_module/display_x_h_reg[3]/C
                            (rising edge-triggered cell FDRE)
  Destination:            lcd_module/lcd_init_module/display_x_h_reg[2]/D
  Path Group:             (none)
  Path Type:              Min at Fast Process Corner
  Data Path Delay:        0.303ns  (logic 0.186ns (61.312%)  route 0.117ns (38.688%))
  Logic Levels:           2  (FDRE=1 LUT5=1)

    Location             Delay type                Incr(ns)  Path(ns)    Netlist Resource(s)
  -------------------------------------------------------------------    -------------------
    SLICE_X4Y198         FDRE                         0.000     0.000 r  lcd_module/lcd_init_module/display_x_h_reg[3]/C
    SLICE_X4Y198         FDRE (Prop_fdre_C_Q)         0.141     0.141 r  lcd_module/lcd_init_module/display_x_h_reg[3]/Q
                         net (fo=9, routed)           0.117     0.258    lcd_module/lcd_init_module/display_x_h_reg_n_0_[3]
    SLICE_X5Y198         LUT5 (Prop_lut5_I0_O)        0.045     0.303 r  lcd_module/lcd_init_module/display_x_h[2]_i_1/O
                         net (fo=1, routed)           0.000     0.303    lcd_module/lcd_init_module/display_x_h[2]_i_1_n_0
    SLICE_X5Y198         FDRE                                         r  lcd_module/lcd_init_module/display_x_h_reg[2]/D
  -------------------------------------------------------------------    -------------------

Slack:                    inf
  Source:                 lcd_module/lcd_draw_module/draw_data_reg[3]/C
                            (rising edge-triggered cell FDRE)
  Destination:            lcd_module/lcd_data_reg[3]/D
  Path Group:             (none)
  Path Type:              Min at Fast Process Corner
  Data Path Delay:        0.304ns  (logic 0.186ns (61.175%)  route 0.118ns (38.825%))
  Logic Levels:           2  (FDRE=1 LUT5=1)

    Location             Delay type                Incr(ns)  Path(ns)    Netlist Resource(s)
  -------------------------------------------------------------------    -------------------
    SLICE_X3Y195         FDRE                         0.000     0.000 r  lcd_module/lcd_draw_module/draw_data_reg[3]/C
    SLICE_X3Y195         FDRE (Prop_fdre_C_Q)         0.141     0.141 r  lcd_module/lcd_draw_module/draw_data_reg[3]/Q
                         net (fo=1, routed)           0.118     0.259    lcd_module/lcd_init_module/draw_data[3]
    SLICE_X4Y195         LUT5 (Prop_lut5_I4_O)        0.045     0.304 r  lcd_module/lcd_init_module/lcd_data[3]_i_1/O
                         net (fo=1, routed)           0.000     0.304    lcd_module/p_1_in[3]
    SLICE_X4Y195         FDRE                                         r  lcd_module/lcd_data_reg[3]/D
  -------------------------------------------------------------------    -------------------





