Copyright 1986-2022 Xilinx, Inc. All Rights Reserved. Copyright 2022-2025 Advanced Micro Devices, Inc. All Rights Reserved.
------------------------------------------------------------------------------------------------------------------------------------------------------------------------------------------------------------------------------------------------------------------------
| Tool Version : Vivado v.2025.1 (win64) Build 6140274 Thu May 22 00:12:29 MDT 2025
| Date         : Sun Jun  7 21:45:39 2026
| Host         : DESKTOP-JH0OJSQ running 64-bit major release  (build 9200)
| Command      : report_timing_summary -max_paths 10 -routable_nets -report_unconstrained -file pipeline_cpu_display_timing_summary_routed.rpt -pb pipeline_cpu_display_timing_summary_routed.pb -rpx pipeline_cpu_display_timing_summary_routed.rpx -warn_on_violation
| Design       : pipeline_cpu_display
| Device       : 7a200t-fbg676
| Speed File   : -2  PRODUCTION 1.23 2018-06-13
| Design State : Routed
------------------------------------------------------------------------------------------------------------------------------------------------------------------------------------------------------------------------------------------------------------------------

Timing Summary Report

------------------------------------------------------------------------------------------------
| Timer Settings
| --------------
------------------------------------------------------------------------------------------------

  Enable Multi Corner Analysis               :  Yes
  Enable Pessimism Removal                   :  Yes
  Pessimism Removal Resolution               :  Nearest Common Node
  Enable Input Delay Default Clock           :  No
  Enable Preset / Clear Arcs                 :  No
  Disable Flight Delays                      :  No
  Ignore I/O Paths                           :  No
  Timing Early Launch at Borrowing Latches   :  No
  Borrow Time for Max Delay Exceptions       :  Yes
  Merge Timing Exceptions                    :  Yes
  Inter-SLR Compensation                     :  Conservative

  Corner  Analyze    Analyze    
  Name    Max Paths  Min Paths  
  ------  ---------  ---------  
  Slow    Yes        Yes        
  Fast    Yes        Yes        


------------------------------------------------------------------------------------------------
| Report Methodology
| ------------------
------------------------------------------------------------------------------------------------

Rule       Severity          Description                   Violations  
---------  ----------------  ----------------------------  ----------  
TIMING-17  Critical Warning  Non-clocked sequential cell   1000        
HPDR-2     Warning           Port pin INOUT inconsistency  16          

Note: This report is based on the most recent report_methodology run and may not be up-to-date. Run report_methodology on the current design for the latest report.



check_timing report

Table of Contents
-----------------
1. checking no_clock (2216)
2. checking constant_clock (0)
3. checking pulse_width_clock (0)
4. checking unconstrained_internal_endpoints (4659)
5. checking no_input_delay (3)
6. checking no_output_delay (23)
7. checking multiple_clock (0)
8. checking generated_clocks (0)
9. checking loops (0)
10. checking partial_input_delay (0)
11. checking partial_output_delay (0)
12. checking latch_loops (0)

1. checking no_clock (2216)
---------------------------
 There are 2110 register/latch pins with no clock driven by root clock pin: clk (HIGH)

 There are 106 register/latch pins with no clock driven by root clock pin: lcd_module/clk_2_reg/Q (HIGH)


2. checking constant_clock (0)
------------------------------
 There are 0 register/latch pins with constant_clock.


3. checking pulse_width_clock (0)
---------------------------------
 There are 0 register/latch pins which need pulse_width check


4. checking unconstrained_internal_endpoints (4659)
---------------------------------------------------
 There are 4659 pins that are not constrained for maximum delay. (HIGH)

 There are 0 pins that are not constrained for maximum delay due to constant clock.


5. checking no_input_delay (3)
------------------------------
 There are 3 input ports with no input delay specified. (HIGH)

 There are 0 input ports with no input delay but user has a false path constraint.


6. checking no_output_delay (23)
--------------------------------
 There are 23 ports with no output delay specified. (HIGH)

 There are 0 ports with no output delay but user has a false path constraint

 There are 0 ports with no output delay but with a timing clock defined on it or propagating through it


7. checking multiple_clock (0)
------------------------------
 There are 0 register/latch pins with multiple clocks.


8. checking generated_clocks (0)
--------------------------------
 There are 0 generated clocks that are not connected to a clock source.


9. checking loops (0)
---------------------
 There are 0 combinational loops in the design.


10. checking partial_input_delay (0)
------------------------------------
 There are 0 input ports with partial input delay specified.


11. checking partial_output_delay (0)
-------------------------------------
 There are 0 ports with partial output delay specified.


12. checking latch_loops (0)
----------------------------
 There are 0 combinational latch loops in the design through latch input



------------------------------------------------------------------------------------------------
| Design Timing Summary
| ---------------------
------------------------------------------------------------------------------------------------

    WNS(ns)      TNS(ns)  TNS Failing Endpoints  TNS Total Endpoints      WHS(ns)      THS(ns)  THS Failing Endpoints  THS Total Endpoints     WPWS(ns)     TPWS(ns)  TPWS Failing Endpoints  TPWS Total Endpoints  
    -------      -------  ---------------------  -------------------      -------      -------  ---------------------  -------------------     --------     --------  ----------------------  --------------------  
        inf        0.000                      0                 4682          inf        0.000                      0                 4682           NA           NA                      NA                    NA  


There are no user specified timing constraints.


------------------------------------------------------------------------------------------------
| Clock Summary
| -------------
------------------------------------------------------------------------------------------------


------------------------------------------------------------------------------------------------
| Intra Clock Table
| -----------------
------------------------------------------------------------------------------------------------

Clock             WNS(ns)      TNS(ns)  TNS Failing Endpoints  TNS Total Endpoints      WHS(ns)      THS(ns)  THS Failing Endpoints  THS Total Endpoints     WPWS(ns)     TPWS(ns)  TPWS Failing Endpoints  TPWS Total Endpoints  
-----             -------      -------  ---------------------  -------------------      -------      -------  ---------------------  -------------------     --------     --------  ----------------------  --------------------  


------------------------------------------------------------------------------------------------
| Inter Clock Table
| -----------------
------------------------------------------------------------------------------------------------

From Clock    To Clock          WNS(ns)      TNS(ns)  TNS Failing Endpoints  TNS Total Endpoints      WHS(ns)      THS(ns)  THS Failing Endpoints  THS Total Endpoints  
----------    --------          -------      -------  ---------------------  -------------------      -------      -------  ---------------------  -------------------  


------------------------------------------------------------------------------------------------
| Other Path Groups Table
| -----------------------
------------------------------------------------------------------------------------------------

Path Group    From Clock    To Clock          WNS(ns)      TNS(ns)  TNS Failing Endpoints  TNS Total Endpoints      WHS(ns)      THS(ns)  THS Failing Endpoints  THS Total Endpoints  
----------    ----------    --------          -------      -------  ---------------------  -------------------      -------      -------  ---------------------  -------------------  


------------------------------------------------------------------------------------------------
| User Ignored Path Table
| -----------------------
------------------------------------------------------------------------------------------------

Path Group    From Clock    To Clock    
----------    ----------    --------    


------------------------------------------------------------------------------------------------
| Unconstrained Path Table
| ------------------------
------------------------------------------------------------------------------------------------

Path Group    From Clock    To Clock    
----------    ----------    --------    
(none)                                    


------------------------------------------------------------------------------------------------
| Timing Details
| --------------
------------------------------------------------------------------------------------------------


--------------------------------------------------------------------------------------
Path Group:  (none)
From Clock:  
  To Clock:  

Max Delay          4682 Endpoints
Min Delay          4682 Endpoints
--------------------------------------------------------------------------------------


Max Delay Paths
--------------------------------------------------------------------------------------
Slack:                    inf
  Source:                 cpu/MEM_WB_bus_r_reg[39]/C
                            (rising edge-triggered cell FDRE)
  Destination:            cpu/EXE_MEM_bus_r_reg[86]/D
  Path Group:             (none)
  Path Type:              Max at Slow Process Corner
  Data Path Delay:        14.781ns  (logic 1.324ns (8.957%)  route 13.457ns (91.043%))
  Logic Levels:           10  (FDRE=1 LUT3=1 LUT5=1 LUT6=7)

    Location             Delay type                Incr(ns)  Path(ns)    Netlist Resource(s)
  -------------------------------------------------------------------    -------------------
    SLICE_X7Y179         FDRE                         0.000     0.000 r  cpu/MEM_WB_bus_r_reg[39]/C
    SLICE_X7Y179         FDRE (Prop_fdre_C_Q)         0.379     0.379 f  cpu/MEM_WB_bus_r_reg[39]/Q
                         net (fo=1, routed)           0.661     1.040    cpu/EXE_module/multiply_module/EXE_MEM_bus_r[149]_i_2_0[3]
    SLICE_X7Y179         LUT6 (Prop_lut6_I0_O)        0.105     1.145 f  cpu/EXE_module/multiply_module/epc_r[31]_i_3/O
                         net (fo=35, routed)          2.695     3.840    cpu/rf_module/rf_reg[30][5]_0
    SLICE_X22Y188        LUT6 (Prop_lut6_I0_O)        0.105     3.945 f  cpu/rf_module/rf[1][31]_i_4/O
                         net (fo=32, routed)          1.718     5.663    cpu/WB_module/rf_reg[30][5]
    SLICE_X12Y178        LUT6 (Prop_lut6_I4_O)        0.105     5.768 f  cpu/WB_module/rf[1][1]_i_1/O
                         net (fo=34, routed)          0.966     6.734    cpu/WB_module/rf_wdata[1]
    SLICE_X10Y181        LUT5 (Prop_lut5_I4_O)        0.105     6.839 f  cpu/WB_module/multiplicand[1]_i_2/O
                         net (fo=79, routed)          3.348    10.187    cpu/WB_module/ID_EXE_bus_r_reg[167]
    SLICE_X9Y202         LUT3 (Prop_lut3_I2_O)        0.105    10.292 f  cpu/WB_module/EXE_MEM_bus_r[102]_i_12/O
                         net (fo=4, routed)           1.228    11.520    cpu/WB_module/EXE_MEM_bus_r[102]_i_12_n_0
    SLICE_X9Y198         LUT6 (Prop_lut6_I4_O)        0.105    11.625 f  cpu/WB_module/EXE_MEM_bus_r[86]_i_17/O
                         net (fo=1, routed)           0.905    12.529    cpu/WB_module/EXE_MEM_bus_r[86]_i_17_n_0
    SLICE_X8Y201         LUT6 (Prop_lut6_I0_O)        0.105    12.634 f  cpu/WB_module/EXE_MEM_bus_r[86]_i_8/O
                         net (fo=1, routed)           0.907    13.541    cpu/WB_module/EXE_MEM_bus_r[86]_i_8_n_0
    SLICE_X7Y195         LUT6 (Prop_lut6_I4_O)        0.105    13.646 r  cpu/WB_module/EXE_MEM_bus_r[86]_i_3/O
                         net (fo=1, routed)           1.030    14.676    cpu/WB_module/EXE_MEM_bus_r[86]_i_3_n_0
    SLICE_X5Y186         LUT6 (Prop_lut6_I2_O)        0.105    14.781 r  cpu/WB_module/EXE_MEM_bus_r[86]_i_1/O
                         net (fo=1, routed)           0.000    14.781    cpu/EXE_MEM_bus[86]
    SLICE_X5Y186         FDRE                                         r  cpu/EXE_MEM_bus_r_reg[86]/D
  -------------------------------------------------------------------    -------------------

Slack:                    inf
  Source:                 cpu/MEM_WB_bus_r_reg[39]/C
                            (rising edge-triggered cell FDRE)
  Destination:            cpu/EXE_MEM_bus_r_reg[93]/D
  Path Group:             (none)
  Path Type:              Max at Slow Process Corner
  Data Path Delay:        14.494ns  (logic 1.672ns (11.536%)  route 12.822ns (88.464%))
  Logic Levels:           10  (FDRE=1 LUT4=1 LUT5=3 LUT6=5)

    Location             Delay type                Incr(ns)  Path(ns)    Netlist Resource(s)
  -------------------------------------------------------------------    -------------------
    SLICE_X7Y179         FDRE                         0.000     0.000 r  cpu/MEM_WB_bus_r_reg[39]/C
    SLICE_X7Y179         FDRE (Prop_fdre_C_Q)         0.379     0.379 r  cpu/MEM_WB_bus_r_reg[39]/Q
                         net (fo=1, routed)           0.661     1.040    cpu/EXE_module/multiply_module/EXE_MEM_bus_r[149]_i_2_0[3]
    SLICE_X7Y179         LUT6 (Prop_lut6_I0_O)        0.105     1.145 r  cpu/EXE_module/multiply_module/epc_r[31]_i_3/O
                         net (fo=35, routed)          2.695     3.840    cpu/rf_module/rf_reg[30][5]_0
    SLICE_X22Y188        LUT6 (Prop_lut6_I0_O)        0.105     3.945 r  cpu/rf_module/rf[1][31]_i_4/O
                         net (fo=32, routed)          1.823     5.768    cpu/WB_module/rf_reg[30][5]
    SLICE_X12Y180        LUT5 (Prop_lut5_I2_O)        0.125     5.893 r  cpu/WB_module/rf[1][0]_i_1/O
                         net (fo=32, routed)          0.375     6.268    cpu/WB_module/rf_wdata[0]
    SLICE_X12Y180        LUT5 (Prop_lut5_I4_O)        0.264     6.532 r  cpu/WB_module/multiplicand[0]_i_2/O
                         net (fo=79, routed)          3.698    10.231    cpu/WB_module/multiplicand[0]_i_2_n_0
    SLICE_X7Y200         LUT6 (Prop_lut6_I2_O)        0.105    10.336 r  cpu/WB_module/EXE_MEM_bus_r[113]_i_27/O
                         net (fo=10, routed)          0.949    11.285    cpu/WB_module/EXE_module/alu_module/srl_step1__1[27]
    SLICE_X2Y203         LUT4 (Prop_lut4_I3_O)        0.115    11.400 r  cpu/WB_module/EXE_MEM_bus_r[93]_i_9/O
                         net (fo=1, routed)           0.830    12.230    cpu/WB_module/EXE_MEM_bus_r[93]_i_9_n_0
    SLICE_X1Y199         LUT6 (Prop_lut6_I3_O)        0.264    12.494 r  cpu/WB_module/EXE_MEM_bus_r[93]_i_4/O
                         net (fo=1, routed)           0.679    13.173    cpu/WB_module/EXE_MEM_bus_r[93]_i_4_n_0
    SLICE_X1Y190         LUT6 (Prop_lut6_I1_O)        0.105    13.278 r  cpu/WB_module/EXE_MEM_bus_r[93]_i_2/O
                         net (fo=1, routed)           1.112    14.389    cpu/WB_module/EXE_MEM_bus_r[93]_i_2_n_0
    SLICE_X5Y186         LUT5 (Prop_lut5_I1_O)        0.105    14.494 r  cpu/WB_module/EXE_MEM_bus_r[93]_i_1/O
                         net (fo=1, routed)           0.000    14.494    cpu/EXE_MEM_bus[93]
    SLICE_X5Y186         FDRE                                         r  cpu/EXE_MEM_bus_r_reg[93]/D
  -------------------------------------------------------------------    -------------------

Slack:                    inf
  Source:                 cpu/IF_ID_bus_r_reg[18]/C
                            (rising edge-triggered cell FDRE)
  Destination:            cpu/IF_module/pc_reg[24]/CE
  Path Group:             (none)
  Path Type:              Max at Slow Process Corner
  Data Path Delay:        14.312ns  (logic 1.450ns (10.131%)  route 12.862ns (89.869%))
  Logic Levels:           9  (FDRE=1 LUT3=1 LUT4=3 LUT5=1 LUT6=3)

    Location             Delay type                Incr(ns)  Path(ns)    Netlist Resource(s)
  -------------------------------------------------------------------    -------------------
    SLICE_X14Y180        FDRE                         0.000     0.000 r  cpu/IF_ID_bus_r_reg[18]/C
    SLICE_X14Y180        FDRE (Prop_fdre_C_Q)         0.433     0.433 f  cpu/IF_ID_bus_r_reg[18]/Q
                         net (fo=139, routed)         5.563     5.996    cpu/IF_module/Q[18]
    SLICE_X14Y195        LUT5 (Prop_lut5_I1_O)        0.105     6.101 r  cpu/IF_module/ID_EXE_bus_r[212]_i_36/O
                         net (fo=3, routed)           0.647     6.748    cpu/IF_module/ID_EXE_bus_r[212]_i_36_n_0
    SLICE_X13Y197        LUT6 (Prop_lut6_I5_O)        0.105     6.853 f  cpu/IF_module/ID_EXE_bus_r[212]_i_28/O
                         net (fo=2, routed)           0.954     7.807    cpu/IF_module/ID_EXE_bus_r[212]_i_28_n_0
    SLICE_X12Y194        LUT4 (Prop_lut4_I2_O)        0.105     7.912 f  cpu/IF_module/ID_EXE_bus_r[212]_i_24/O
                         net (fo=1, routed)           0.788     8.700    cpu/IF_module/ID_EXE_bus_r[212]_i_24_n_0
    SLICE_X11Y193        LUT4 (Prop_lut4_I0_O)        0.105     8.805 f  cpu/IF_module/ID_EXE_bus_r[212]_i_14/O
                         net (fo=1, routed)           0.783     9.588    cpu/IF_module/ID_EXE_bus_r[212]_i_14_n_0
    SLICE_X14Y193        LUT6 (Prop_lut6_I0_O)        0.105     9.693 f  cpu/IF_module/ID_EXE_bus_r[212]_i_5/O
                         net (fo=2, routed)           0.787    10.480    cpu/IF_module/ID_EXE_bus_r[212]_i_5_n_0
    SLICE_X14Y192        LUT6 (Prop_lut6_I3_O)        0.105    10.585 r  cpu/IF_module/ID_EXE_bus_r[212]_i_1/O
                         net (fo=174, routed)         0.879    11.464    cpu/IF_module/ID_allow_in0
    SLICE_X14Y191        LUT3 (Prop_lut3_I2_O)        0.119    11.583 r  cpu/IF_module/IF_ID_bus_r[63]_i_1/O
                         net (fo=74, routed)          1.217    12.800    cpu/IF_module/IF_allow_in0
    SLICE_X17Y180        LUT4 (Prop_lut4_I3_O)        0.268    13.068 r  cpu/IF_module/pc[31]_i_2/O
                         net (fo=31, routed)          1.245    14.312    cpu/IF_module/next_fetch
    SLICE_X18Y186        FDRE                                         r  cpu/IF_module/pc_reg[24]/CE
  -------------------------------------------------------------------    -------------------

Slack:                    inf
  Source:                 cpu/IF_ID_bus_r_reg[18]/C
                            (rising edge-triggered cell FDRE)
  Destination:            cpu/IF_module/pc_reg[25]/CE
  Path Group:             (none)
  Path Type:              Max at Slow Process Corner
  Data Path Delay:        14.297ns  (logic 1.450ns (10.142%)  route 12.847ns (89.858%))
  Logic Levels:           9  (FDRE=1 LUT3=1 LUT4=3 LUT5=1 LUT6=3)

    Location             Delay type                Incr(ns)  Path(ns)    Netlist Resource(s)
  -------------------------------------------------------------------    -------------------
    SLICE_X14Y180        FDRE                         0.000     0.000 r  cpu/IF_ID_bus_r_reg[18]/C
    SLICE_X14Y180        FDRE (Prop_fdre_C_Q)         0.433     0.433 f  cpu/IF_ID_bus_r_reg[18]/Q
                         net (fo=139, routed)         5.563     5.996    cpu/IF_module/Q[18]
    SLICE_X14Y195        LUT5 (Prop_lut5_I1_O)        0.105     6.101 r  cpu/IF_module/ID_EXE_bus_r[212]_i_36/O
                         net (fo=3, routed)           0.647     6.748    cpu/IF_module/ID_EXE_bus_r[212]_i_36_n_0
    SLICE_X13Y197        LUT6 (Prop_lut6_I5_O)        0.105     6.853 f  cpu/IF_module/ID_EXE_bus_r[212]_i_28/O
                         net (fo=2, routed)           0.954     7.807    cpu/IF_module/ID_EXE_bus_r[212]_i_28_n_0
    SLICE_X12Y194        LUT4 (Prop_lut4_I2_O)        0.105     7.912 f  cpu/IF_module/ID_EXE_bus_r[212]_i_24/O
                         net (fo=1, routed)           0.788     8.700    cpu/IF_module/ID_EXE_bus_r[212]_i_24_n_0
    SLICE_X11Y193        LUT4 (Prop_lut4_I0_O)        0.105     8.805 f  cpu/IF_module/ID_EXE_bus_r[212]_i_14/O
                         net (fo=1, routed)           0.783     9.588    cpu/IF_module/ID_EXE_bus_r[212]_i_14_n_0
    SLICE_X14Y193        LUT6 (Prop_lut6_I0_O)        0.105     9.693 f  cpu/IF_module/ID_EXE_bus_r[212]_i_5/O
                         net (fo=2, routed)           0.787    10.480    cpu/IF_module/ID_EXE_bus_r[212]_i_5_n_0
    SLICE_X14Y192        LUT6 (Prop_lut6_I3_O)        0.105    10.585 r  cpu/IF_module/ID_EXE_bus_r[212]_i_1/O
                         net (fo=174, routed)         0.879    11.464    cpu/IF_module/ID_allow_in0
    SLICE_X14Y191        LUT3 (Prop_lut3_I2_O)        0.119    11.583 r  cpu/IF_module/IF_ID_bus_r[63]_i_1/O
                         net (fo=74, routed)          1.217    12.800    cpu/IF_module/IF_allow_in0
    SLICE_X17Y180        LUT4 (Prop_lut4_I3_O)        0.268    13.068 r  cpu/IF_module/pc[31]_i_2/O
                         net (fo=31, routed)          1.229    14.297    cpu/IF_module/next_fetch
    SLICE_X18Y188        FDRE                                         r  cpu/IF_module/pc_reg[25]/CE
  -------------------------------------------------------------------    -------------------

Slack:                    inf
  Source:                 cpu/IF_ID_bus_r_reg[18]/C
                            (rising edge-triggered cell FDRE)
  Destination:            cpu/IF_module/pc_reg[29]/CE
  Path Group:             (none)
  Path Type:              Max at Slow Process Corner
  Data Path Delay:        14.297ns  (logic 1.450ns (10.142%)  route 12.847ns (89.858%))
  Logic Levels:           9  (FDRE=1 LUT3=1 LUT4=3 LUT5=1 LUT6=3)

    Location             Delay type                Incr(ns)  Path(ns)    Netlist Resource(s)
  -------------------------------------------------------------------    -------------------
    SLICE_X14Y180        FDRE                         0.000     0.000 r  cpu/IF_ID_bus_r_reg[18]/C
    SLICE_X14Y180        FDRE (Prop_fdre_C_Q)         0.433     0.433 f  cpu/IF_ID_bus_r_reg[18]/Q
                         net (fo=139, routed)         5.563     5.996    cpu/IF_module/Q[18]
    SLICE_X14Y195        LUT5 (Prop_lut5_I1_O)        0.105     6.101 r  cpu/IF_module/ID_EXE_bus_r[212]_i_36/O
                         net (fo=3, routed)           0.647     6.748    cpu/IF_module/ID_EXE_bus_r[212]_i_36_n_0
    SLICE_X13Y197        LUT6 (Prop_lut6_I5_O)        0.105     6.853 f  cpu/IF_module/ID_EXE_bus_r[212]_i_28/O
                         net (fo=2, routed)           0.954     7.807    cpu/IF_module/ID_EXE_bus_r[212]_i_28_n_0
    SLICE_X12Y194        LUT4 (Prop_lut4_I2_O)        0.105     7.912 f  cpu/IF_module/ID_EXE_bus_r[212]_i_24/O
                         net (fo=1, routed)           0.788     8.700    cpu/IF_module/ID_EXE_bus_r[212]_i_24_n_0
    SLICE_X11Y193        LUT4 (Prop_lut4_I0_O)        0.105     8.805 f  cpu/IF_module/ID_EXE_bus_r[212]_i_14/O
                         net (fo=1, routed)           0.783     9.588    cpu/IF_module/ID_EXE_bus_r[212]_i_14_n_0
    SLICE_X14Y193        LUT6 (Prop_lut6_I0_O)        0.105     9.693 f  cpu/IF_module/ID_EXE_bus_r[212]_i_5/O
                         net (fo=2, routed)           0.787    10.480    cpu/IF_module/ID_EXE_bus_r[212]_i_5_n_0
    SLICE_X14Y192        LUT6 (Prop_lut6_I3_O)        0.105    10.585 r  cpu/IF_module/ID_EXE_bus_r[212]_i_1/O
                         net (fo=174, routed)         0.879    11.464    cpu/IF_module/ID_allow_in0
    SLICE_X14Y191        LUT3 (Prop_lut3_I2_O)        0.119    11.583 r  cpu/IF_module/IF_ID_bus_r[63]_i_1/O
                         net (fo=74, routed)          1.217    12.800    cpu/IF_module/IF_allow_in0
    SLICE_X17Y180        LUT4 (Prop_lut4_I3_O)        0.268    13.068 r  cpu/IF_module/pc[31]_i_2/O
                         net (fo=31, routed)          1.229    14.297    cpu/IF_module/next_fetch
    SLICE_X18Y188        FDRE                                         r  cpu/IF_module/pc_reg[29]/CE
  -------------------------------------------------------------------    -------------------

Slack:                    inf
  Source:                 cpu/MEM_WB_bus_r_reg[39]/C
                            (rising edge-triggered cell FDRE)
  Destination:            cpu/EXE_MEM_bus_r_reg[89]/D
  Path Group:             (none)
  Path Type:              Max at Slow Process Corner
  Data Path Delay:        14.184ns  (logic 1.664ns (11.731%)  route 12.520ns (88.269%))
  Logic Levels:           10  (FDRE=1 LUT2=1 LUT4=1 LUT5=3 LUT6=4)

    Location             Delay type                Incr(ns)  Path(ns)    Netlist Resource(s)
  -------------------------------------------------------------------    -------------------
    SLICE_X7Y179         FDRE                         0.000     0.000 r  cpu/MEM_WB_bus_r_reg[39]/C
    SLICE_X7Y179         FDRE (Prop_fdre_C_Q)         0.379     0.379 r  cpu/MEM_WB_bus_r_reg[39]/Q
                         net (fo=1, routed)           0.661     1.040    cpu/EXE_module/multiply_module/EXE_MEM_bus_r[149]_i_2_0[3]
    SLICE_X7Y179         LUT6 (Prop_lut6_I0_O)        0.105     1.145 r  cpu/EXE_module/multiply_module/epc_r[31]_i_3/O
                         net (fo=35, routed)          2.695     3.840    cpu/rf_module/rf_reg[30][5]_0
    SLICE_X22Y188        LUT6 (Prop_lut6_I0_O)        0.105     3.945 r  cpu/rf_module/rf[1][31]_i_4/O
                         net (fo=32, routed)          1.413     5.358    cpu/WB_module/rf_reg[30][5]
    SLICE_X8Y183         LUT5 (Prop_lut5_I2_O)        0.105     5.463 r  cpu/WB_module/rf[1][3]_i_1/O
                         net (fo=33, routed)          0.762     6.225    cpu/WB_module/rf_wdata[3]
    SLICE_X6Y181         LUT5 (Prop_lut5_I4_O)        0.264     6.489 r  cpu/WB_module/multiplicand[3]_i_2/O
                         net (fo=77, routed)          3.302     9.792    cpu/WB_module/ID_EXE_bus_r_reg[169]
    SLICE_X0Y199         LUT2 (Prop_lut2_I0_O)        0.124     9.916 r  cpu/WB_module/EXE_MEM_bus_r[93]_i_8/O
                         net (fo=10, routed)          1.195    11.111    cpu/WB_module/EXE_MEM_bus_r[93]_i_8_n_0
    SLICE_X1Y202         LUT4 (Prop_lut4_I0_O)        0.267    11.378 r  cpu/WB_module/EXE_MEM_bus_r[89]_i_9/O
                         net (fo=1, routed)           0.889    12.268    cpu/WB_module/EXE_MEM_bus_r[89]_i_9_n_0
    SLICE_X1Y199         LUT6 (Prop_lut6_I2_O)        0.105    12.373 r  cpu/WB_module/EXE_MEM_bus_r[89]_i_5/O
                         net (fo=1, routed)           0.907    13.280    cpu/WB_module/EXE_MEM_bus_r[89]_i_5_n_0
    SLICE_X1Y189         LUT6 (Prop_lut6_I2_O)        0.105    13.385 r  cpu/WB_module/EXE_MEM_bus_r[89]_i_2/O
                         net (fo=1, routed)           0.695    14.079    cpu/WB_module/EXE_MEM_bus_r[89]_i_2_n_0
    SLICE_X6Y184         LUT5 (Prop_lut5_I1_O)        0.105    14.184 r  cpu/WB_module/EXE_MEM_bus_r[89]_i_1/O
                         net (fo=1, routed)           0.000    14.184    cpu/EXE_MEM_bus[89]
    SLICE_X6Y184         FDRE                                         r  cpu/EXE_MEM_bus_r_reg[89]/D
  -------------------------------------------------------------------    -------------------

Slack:                    inf
  Source:                 cpu/MEM_WB_bus_r_reg[39]/C
                            (rising edge-triggered cell FDRE)
  Destination:            cpu/EXE_MEM_bus_r_reg[96]/D
  Path Group:             (none)
  Path Type:              Max at Slow Process Corner
  Data Path Delay:        14.157ns  (logic 1.496ns (10.567%)  route 12.661ns (89.433%))
  Logic Levels:           10  (FDRE=1 LUT5=3 LUT6=6)

    Location             Delay type                Incr(ns)  Path(ns)    Netlist Resource(s)
  -------------------------------------------------------------------    -------------------
    SLICE_X7Y179         FDRE                         0.000     0.000 r  cpu/MEM_WB_bus_r_reg[39]/C
    SLICE_X7Y179         FDRE (Prop_fdre_C_Q)         0.379     0.379 r  cpu/MEM_WB_bus_r_reg[39]/Q
                         net (fo=1, routed)           0.661     1.040    cpu/EXE_module/multiply_module/EXE_MEM_bus_r[149]_i_2_0[3]
    SLICE_X7Y179         LUT6 (Prop_lut6_I0_O)        0.105     1.145 r  cpu/EXE_module/multiply_module/epc_r[31]_i_3/O
                         net (fo=35, routed)          2.695     3.840    cpu/rf_module/rf_reg[30][5]_0
    SLICE_X22Y188        LUT6 (Prop_lut6_I0_O)        0.105     3.945 r  cpu/rf_module/rf[1][31]_i_4/O
                         net (fo=32, routed)          1.718     5.663    cpu/WB_module/rf_reg[30][5]
    SLICE_X12Y178        LUT6 (Prop_lut6_I4_O)        0.105     5.768 r  cpu/WB_module/rf[1][1]_i_1/O
                         net (fo=34, routed)          0.966     6.734    cpu/WB_module/rf_wdata[1]
    SLICE_X10Y181        LUT5 (Prop_lut5_I4_O)        0.105     6.839 r  cpu/WB_module/multiplicand[1]_i_2/O
                         net (fo=79, routed)          3.304    10.143    cpu/WB_module/ID_EXE_bus_r_reg[167]
    SLICE_X9Y199         LUT6 (Prop_lut6_I3_O)        0.105    10.248 r  cpu/WB_module/EXE_MEM_bus_r[108]_i_9/O
                         net (fo=4, routed)           1.145    11.393    cpu/WB_module/EXE_module/alu_module/sll_step1__95[10]
    SLICE_X7Y200         LUT5 (Prop_lut5_I0_O)        0.115    11.508 r  cpu/WB_module/EXE_MEM_bus_r[112]_i_13/O
                         net (fo=2, routed)           0.546    12.055    cpu/WB_module/EXE_module/alu_module/sll_step2__175[10]
    SLICE_X6Y199         LUT6 (Prop_lut6_I0_O)        0.267    12.322 r  cpu/WB_module/EXE_MEM_bus_r[96]_i_5/O
                         net (fo=1, routed)           0.970    13.291    cpu/WB_module/EXE_MEM_bus_r[96]_i_5_n_0
    SLICE_X6Y192         LUT6 (Prop_lut6_I2_O)        0.105    13.396 r  cpu/WB_module/EXE_MEM_bus_r[96]_i_2/O
                         net (fo=1, routed)           0.655    14.052    cpu/WB_module/EXE_MEM_bus_r[96]_i_2_n_0
    SLICE_X8Y193         LUT5 (Prop_lut5_I1_O)        0.105    14.157 r  cpu/WB_module/EXE_MEM_bus_r[96]_i_1/O
                         net (fo=1, routed)           0.000    14.157    cpu/EXE_MEM_bus[96]
    SLICE_X8Y193         FDRE                                         r  cpu/EXE_MEM_bus_r_reg[96]/D
  -------------------------------------------------------------------    -------------------

Slack:                    inf
  Source:                 cpu/IF_ID_bus_r_reg[18]/C
                            (rising edge-triggered cell FDRE)
  Destination:            cpu/IF_module/pc_reg[21]/CE
  Path Group:             (none)
  Path Type:              Max at Slow Process Corner
  Data Path Delay:        14.154ns  (logic 1.450ns (10.244%)  route 12.704ns (89.756%))
  Logic Levels:           9  (FDRE=1 LUT3=1 LUT4=3 LUT5=1 LUT6=3)

    Location             Delay type                Incr(ns)  Path(ns)    Netlist Resource(s)
  -------------------------------------------------------------------    -------------------
    SLICE_X14Y180        FDRE                         0.000     0.000 r  cpu/IF_ID_bus_r_reg[18]/C
    SLICE_X14Y180        FDRE (Prop_fdre_C_Q)         0.433     0.433 f  cpu/IF_ID_bus_r_reg[18]/Q
                         net (fo=139, routed)         5.563     5.996    cpu/IF_module/Q[18]
    SLICE_X14Y195        LUT5 (Prop_lut5_I1_O)        0.105     6.101 r  cpu/IF_module/ID_EXE_bus_r[212]_i_36/O
                         net (fo=3, routed)           0.647     6.748    cpu/IF_module/ID_EXE_bus_r[212]_i_36_n_0
    SLICE_X13Y197        LUT6 (Prop_lut6_I5_O)        0.105     6.853 f  cpu/IF_module/ID_EXE_bus_r[212]_i_28/O
                         net (fo=2, routed)           0.954     7.807    cpu/IF_module/ID_EXE_bus_r[212]_i_28_n_0
    SLICE_X12Y194        LUT4 (Prop_lut4_I2_O)        0.105     7.912 f  cpu/IF_module/ID_EXE_bus_r[212]_i_24/O
                         net (fo=1, routed)           0.788     8.700    cpu/IF_module/ID_EXE_bus_r[212]_i_24_n_0
    SLICE_X11Y193        LUT4 (Prop_lut4_I0_O)        0.105     8.805 f  cpu/IF_module/ID_EXE_bus_r[212]_i_14/O
                         net (fo=1, routed)           0.783     9.588    cpu/IF_module/ID_EXE_bus_r[212]_i_14_n_0
    SLICE_X14Y193        LUT6 (Prop_lut6_I0_O)        0.105     9.693 f  cpu/IF_module/ID_EXE_bus_r[212]_i_5/O
                         net (fo=2, routed)           0.787    10.480    cpu/IF_module/ID_EXE_bus_r[212]_i_5_n_0
    SLICE_X14Y192        LUT6 (Prop_lut6_I3_O)        0.105    10.585 r  cpu/IF_module/ID_EXE_bus_r[212]_i_1/O
                         net (fo=174, routed)         0.879    11.464    cpu/IF_module/ID_allow_in0
    SLICE_X14Y191        LUT3 (Prop_lut3_I2_O)        0.119    11.583 r  cpu/IF_module/IF_ID_bus_r[63]_i_1/O
                         net (fo=74, routed)          1.217    12.800    cpu/IF_module/IF_allow_in0
    SLICE_X17Y180        LUT4 (Prop_lut4_I3_O)        0.268    13.068 r  cpu/IF_module/pc[31]_i_2/O
                         net (fo=31, routed)          1.086    14.154    cpu/IF_module/next_fetch
    SLICE_X19Y188        FDRE                                         r  cpu/IF_module/pc_reg[21]/CE
  -------------------------------------------------------------------    -------------------

Slack:                    inf
  Source:                 cpu/IF_ID_bus_r_reg[18]/C
                            (rising edge-triggered cell FDRE)
  Destination:            cpu/IF_module/pc_reg[30]/CE
  Path Group:             (none)
  Path Type:              Max at Slow Process Corner
  Data Path Delay:        14.154ns  (logic 1.450ns (10.244%)  route 12.704ns (89.756%))
  Logic Levels:           9  (FDRE=1 LUT3=1 LUT4=3 LUT5=1 LUT6=3)

    Location             Delay type                Incr(ns)  Path(ns)    Netlist Resource(s)
  -------------------------------------------------------------------    -------------------
    SLICE_X14Y180        FDRE                         0.000     0.000 r  cpu/IF_ID_bus_r_reg[18]/C
    SLICE_X14Y180        FDRE (Prop_fdre_C_Q)         0.433     0.433 f  cpu/IF_ID_bus_r_reg[18]/Q
                         net (fo=139, routed)         5.563     5.996    cpu/IF_module/Q[18]
    SLICE_X14Y195        LUT5 (Prop_lut5_I1_O)        0.105     6.101 r  cpu/IF_module/ID_EXE_bus_r[212]_i_36/O
                         net (fo=3, routed)           0.647     6.748    cpu/IF_module/ID_EXE_bus_r[212]_i_36_n_0
    SLICE_X13Y197        LUT6 (Prop_lut6_I5_O)        0.105     6.853 f  cpu/IF_module/ID_EXE_bus_r[212]_i_28/O
                         net (fo=2, routed)           0.954     7.807    cpu/IF_module/ID_EXE_bus_r[212]_i_28_n_0
    SLICE_X12Y194        LUT4 (Prop_lut4_I2_O)        0.105     7.912 f  cpu/IF_module/ID_EXE_bus_r[212]_i_24/O
                         net (fo=1, routed)           0.788     8.700    cpu/IF_module/ID_EXE_bus_r[212]_i_24_n_0
    SLICE_X11Y193        LUT4 (Prop_lut4_I0_O)        0.105     8.805 f  cpu/IF_module/ID_EXE_bus_r[212]_i_14/O
                         net (fo=1, routed)           0.783     9.588    cpu/IF_module/ID_EXE_bus_r[212]_i_14_n_0
    SLICE_X14Y193        LUT6 (Prop_lut6_I0_O)        0.105     9.693 f  cpu/IF_module/ID_EXE_bus_r[212]_i_5/O
                         net (fo=2, routed)           0.787    10.480    cpu/IF_module/ID_EXE_bus_r[212]_i_5_n_0
    SLICE_X14Y192        LUT6 (Prop_lut6_I3_O)        0.105    10.585 r  cpu/IF_module/ID_EXE_bus_r[212]_i_1/O
                         net (fo=174, routed)         0.879    11.464    cpu/IF_module/ID_allow_in0
    SLICE_X14Y191        LUT3 (Prop_lut3_I2_O)        0.119    11.583 r  cpu/IF_module/IF_ID_bus_r[63]_i_1/O
                         net (fo=74, routed)          1.217    12.800    cpu/IF_module/IF_allow_in0
    SLICE_X17Y180        LUT4 (Prop_lut4_I3_O)        0.268    13.068 r  cpu/IF_module/pc[31]_i_2/O
                         net (fo=31, routed)          1.086    14.154    cpu/IF_module/next_fetch
    SLICE_X19Y188        FDRE                                         r  cpu/IF_module/pc_reg[30]/CE
  -------------------------------------------------------------------    -------------------

Slack:                    inf
  Source:                 cpu/IF_ID_bus_r_reg[18]/C
                            (rising edge-triggered cell FDRE)
  Destination:            cpu/IF_module/pc_reg[28]/CE
  Path Group:             (none)
  Path Type:              Max at Slow Process Corner
  Data Path Delay:        14.130ns  (logic 1.450ns (10.262%)  route 12.680ns (89.738%))
  Logic Levels:           9  (FDRE=1 LUT3=1 LUT4=3 LUT5=1 LUT6=3)

    Location             Delay type                Incr(ns)  Path(ns)    Netlist Resource(s)
  -------------------------------------------------------------------    -------------------
    SLICE_X14Y180        FDRE                         0.000     0.000 r  cpu/IF_ID_bus_r_reg[18]/C
    SLICE_X14Y180        FDRE (Prop_fdre_C_Q)         0.433     0.433 f  cpu/IF_ID_bus_r_reg[18]/Q
                         net (fo=139, routed)         5.563     5.996    cpu/IF_module/Q[18]
    SLICE_X14Y195        LUT5 (Prop_lut5_I1_O)        0.105     6.101 r  cpu/IF_module/ID_EXE_bus_r[212]_i_36/O
                         net (fo=3, routed)           0.647     6.748    cpu/IF_module/ID_EXE_bus_r[212]_i_36_n_0
    SLICE_X13Y197        LUT6 (Prop_lut6_I5_O)        0.105     6.853 f  cpu/IF_module/ID_EXE_bus_r[212]_i_28/O
                         net (fo=2, routed)           0.954     7.807    cpu/IF_module/ID_EXE_bus_r[212]_i_28_n_0
    SLICE_X12Y194        LUT4 (Prop_lut4_I2_O)        0.105     7.912 f  cpu/IF_module/ID_EXE_bus_r[212]_i_24/O
                         net (fo=1, routed)           0.788     8.700    cpu/IF_module/ID_EXE_bus_r[212]_i_24_n_0
    SLICE_X11Y193        LUT4 (Prop_lut4_I0_O)        0.105     8.805 f  cpu/IF_module/ID_EXE_bus_r[212]_i_14/O
                         net (fo=1, routed)           0.783     9.588    cpu/IF_module/ID_EXE_bus_r[212]_i_14_n_0
    SLICE_X14Y193        LUT6 (Prop_lut6_I0_O)        0.105     9.693 f  cpu/IF_module/ID_EXE_bus_r[212]_i_5/O
                         net (fo=2, routed)           0.787    10.480    cpu/IF_module/ID_EXE_bus_r[212]_i_5_n_0
    SLICE_X14Y192        LUT6 (Prop_lut6_I3_O)        0.105    10.585 r  cpu/IF_module/ID_EXE_bus_r[212]_i_1/O
                         net (fo=174, routed)         0.879    11.464    cpu/IF_module/ID_allow_in0
    SLICE_X14Y191        LUT3 (Prop_lut3_I2_O)        0.119    11.583 r  cpu/IF_module/IF_ID_bus_r[63]_i_1/O
                         net (fo=74, routed)          1.217    12.800    cpu/IF_module/IF_allow_in0
    SLICE_X17Y180        LUT4 (Prop_lut4_I3_O)        0.268    13.068 r  cpu/IF_module/pc[31]_i_2/O
                         net (fo=31, routed)          1.062    14.130    cpu/IF_module/next_fetch
    SLICE_X17Y189        FDRE                                         r  cpu/IF_module/pc_reg[28]/CE
  -------------------------------------------------------------------    -------------------





Min Delay Paths
--------------------------------------------------------------------------------------
Slack:                    inf
  Source:                 cpu/EXE_MEM_bus_r_reg[60]/C
                            (rising edge-triggered cell FDRE)
  Destination:            cpu/MEM_WB_bus_r_reg[54]/D
  Path Group:             (none)
  Path Type:              Min at Fast Process Corner
  Data Path Delay:        0.193ns  (logic 0.141ns (72.985%)  route 0.052ns (27.015%))
  Logic Levels:           1  (FDRE=1)

    Location             Delay type                Incr(ns)  Path(ns)    Netlist Resource(s)
  -------------------------------------------------------------------    -------------------
    SLICE_X4Y181         FDRE                         0.000     0.000 r  cpu/EXE_MEM_bus_r_reg[60]/C
    SLICE_X4Y181         FDRE (Prop_fdre_C_Q)         0.141     0.141 r  cpu/EXE_MEM_bus_r_reg[60]/Q
                         net (fo=1, routed)           0.052     0.193    cpu/EXE_MEM_bus_r_reg_n_0_[60]
    SLICE_X5Y181         FDRE                                         r  cpu/MEM_WB_bus_r_reg[54]/D
  -------------------------------------------------------------------    -------------------

Slack:                    inf
  Source:                 lcd_module/touch_module/input_value_reg[8]/C
                            (rising edge-triggered cell FDRE)
  Destination:            mem_addr_reg[8]/D
  Path Group:             (none)
  Path Type:              Min at Fast Process Corner
  Data Path Delay:        0.198ns  (logic 0.128ns (64.767%)  route 0.070ns (35.233%))
  Logic Levels:           1  (FDRE=1)

    Location             Delay type                Incr(ns)  Path(ns)    Netlist Resource(s)
  -------------------------------------------------------------------    -------------------
    SLICE_X11Y177        FDRE                         0.000     0.000 r  lcd_module/touch_module/input_value_reg[8]/C
    SLICE_X11Y177        FDRE (Prop_fdre_C_Q)         0.128     0.128 r  lcd_module/touch_module/input_value_reg[8]/Q
                         net (fo=3, routed)           0.070     0.198    input_value[8]
    SLICE_X10Y177        FDRE                                         r  mem_addr_reg[8]/D
  -------------------------------------------------------------------    -------------------

Slack:                    inf
  Source:                 cpu/EXE_MEM_bus_r_reg[56]/C
                            (rising edge-triggered cell FDRE)
  Destination:            cpu/MEM_WB_bus_r_reg[50]/D
  Path Group:             (none)
  Path Type:              Min at Fast Process Corner
  Data Path Delay:        0.227ns  (logic 0.141ns (62.145%)  route 0.086ns (37.855%))
  Logic Levels:           1  (FDRE=1)

    Location             Delay type                Incr(ns)  Path(ns)    Netlist Resource(s)
  -------------------------------------------------------------------    -------------------
    SLICE_X0Y181         FDRE                         0.000     0.000 r  cpu/EXE_MEM_bus_r_reg[56]/C
    SLICE_X0Y181         FDRE (Prop_fdre_C_Q)         0.141     0.141 r  cpu/EXE_MEM_bus_r_reg[56]/Q
                         net (fo=1, routed)           0.086     0.227    cpu/EXE_MEM_bus_r_reg_n_0_[56]
    SLICE_X1Y181         FDRE                                         r  cpu/MEM_WB_bus_r_reg[50]/D
  -------------------------------------------------------------------    -------------------

Slack:                    inf
  Source:                 cpu/MEM_WB_bus_r_reg[59]/C
                            (rising edge-triggered cell FDRE)
  Destination:            cpu/WB_module/lo_reg[11]/D
  Path Group:             (none)
  Path Type:              Min at Fast Process Corner
  Data Path Delay:        0.228ns  (logic 0.128ns (56.182%)  route 0.100ns (43.818%))
  Logic Levels:           1  (FDRE=1)

    Location             Delay type                Incr(ns)  Path(ns)    Netlist Resource(s)
  -------------------------------------------------------------------    -------------------
    SLICE_X5Y181         FDRE                         0.000     0.000 r  cpu/MEM_WB_bus_r_reg[59]/C
    SLICE_X5Y181         FDRE (Prop_fdre_C_Q)         0.128     0.128 r  cpu/MEM_WB_bus_r_reg[59]/Q
                         net (fo=1, routed)           0.100     0.228    cpu/WB_module/hi_reg[31]_0[53]
    SLICE_X6Y181         FDRE                                         r  cpu/WB_module/lo_reg[11]/D
  -------------------------------------------------------------------    -------------------

Slack:                    inf
  Source:                 cpu/IF_ID_bus_r_reg[52]/C
                            (rising edge-triggered cell FDRE)
  Destination:            cpu/ID_EXE_bus_r_reg[20]/D
  Path Group:             (none)
  Path Type:              Min at Fast Process Corner
  Data Path Delay:        0.232ns  (logic 0.148ns (63.831%)  route 0.084ns (36.169%))
  Logic Levels:           1  (FDRE=1)

    Location             Delay type                Incr(ns)  Path(ns)    Netlist Resource(s)
  -------------------------------------------------------------------    -------------------
    SLICE_X22Y185        FDRE                         0.000     0.000 r  cpu/IF_ID_bus_r_reg[52]/C
    SLICE_X22Y185        FDRE (Prop_fdre_C_Q)         0.148     0.148 r  cpu/IF_ID_bus_r_reg[52]/Q
                         net (fo=3, routed)           0.084     0.232    cpu/ID_pc[20]
    SLICE_X23Y185        FDRE                                         r  cpu/ID_EXE_bus_r_reg[20]/D
  -------------------------------------------------------------------    -------------------

Slack:                    inf
  Source:                 cpu/EXE_MEM_bus_r_reg[54]/C
                            (rising edge-triggered cell FDRE)
  Destination:            cpu/MEM_WB_bus_r_reg[48]/D
  Path Group:             (none)
  Path Type:              Min at Fast Process Corner
  Data Path Delay:        0.233ns  (logic 0.128ns (54.951%)  route 0.105ns (45.049%))
  Logic Levels:           1  (FDRE=1)

    Location             Delay type                Incr(ns)  Path(ns)    Netlist Resource(s)
  -------------------------------------------------------------------    -------------------
    SLICE_X4Y181         FDRE                         0.000     0.000 r  cpu/EXE_MEM_bus_r_reg[54]/C
    SLICE_X4Y181         FDRE (Prop_fdre_C_Q)         0.128     0.128 r  cpu/EXE_MEM_bus_r_reg[54]/Q
                         net (fo=1, routed)           0.105     0.233    cpu/EXE_MEM_bus_r_reg_n_0_[54]
    SLICE_X6Y180         FDRE                                         r  cpu/MEM_WB_bus_r_reg[48]/D
  -------------------------------------------------------------------    -------------------

Slack:                    inf
  Source:                 cpu/EXE_MEM_bus_r_reg[42]/C
                            (rising edge-triggered cell FDRE)
  Destination:            cpu/MEM_WB_bus_r_reg[36]/D
  Path Group:             (none)
  Path Type:              Min at Fast Process Corner
  Data Path Delay:        0.240ns  (logic 0.141ns (58.816%)  route 0.099ns (41.184%))
  Logic Levels:           1  (FDRE=1)

    Location             Delay type                Incr(ns)  Path(ns)    Netlist Resource(s)
  -------------------------------------------------------------------    -------------------
    SLICE_X5Y180         FDRE                         0.000     0.000 r  cpu/EXE_MEM_bus_r_reg[42]/C
    SLICE_X5Y180         FDRE (Prop_fdre_C_Q)         0.141     0.141 r  cpu/EXE_MEM_bus_r_reg[42]/Q
                         net (fo=1, routed)           0.099     0.240    cpu/EXE_MEM_bus_r_reg_n_0_[42]
    SLICE_X7Y179         FDRE                                         r  cpu/MEM_WB_bus_r_reg[36]/D
  -------------------------------------------------------------------    -------------------

Slack:                    inf
  Source:                 cpu/MEM_WB_bus_r_reg[56]/C
                            (rising edge-triggered cell FDRE)
  Destination:            cpu/WB_module/lo_reg[8]/D
  Path Group:             (none)
  Path Type:              Min at Fast Process Corner
  Data Path Delay:        0.240ns  (logic 0.141ns (58.643%)  route 0.099ns (41.357%))
  Logic Levels:           1  (FDRE=1)

    Location             Delay type                Incr(ns)  Path(ns)    Netlist Resource(s)
  -------------------------------------------------------------------    -------------------
    SLICE_X5Y181         FDRE                         0.000     0.000 r  cpu/MEM_WB_bus_r_reg[56]/C
    SLICE_X5Y181         FDRE (Prop_fdre_C_Q)         0.141     0.141 r  cpu/MEM_WB_bus_r_reg[56]/Q
                         net (fo=1, routed)           0.099     0.240    cpu/WB_module/hi_reg[31]_0[50]
    SLICE_X6Y181         FDRE                                         r  cpu/WB_module/lo_reg[8]/D
  -------------------------------------------------------------------    -------------------

Slack:                    inf
  Source:                 cpu/EXE_MEM_bus_r_reg[3]/C
                            (rising edge-triggered cell FDRE)
  Destination:            cpu/MEM_WB_bus_r_reg[3]/D
  Path Group:             (none)
  Path Type:              Min at Fast Process Corner
  Data Path Delay:        0.249ns  (logic 0.141ns (56.531%)  route 0.108ns (43.469%))
  Logic Levels:           1  (FDRE=1)

    Location             Delay type                Incr(ns)  Path(ns)    Netlist Resource(s)
  -------------------------------------------------------------------    -------------------
    SLICE_X5Y180         FDRE                         0.000     0.000 r  cpu/EXE_MEM_bus_r_reg[3]/C
    SLICE_X5Y180         FDRE (Prop_fdre_C_Q)         0.141     0.141 r  cpu/EXE_MEM_bus_r_reg[3]/Q
                         net (fo=2, routed)           0.108     0.249    cpu/MEM_pc[3]
    SLICE_X6Y180         FDRE                                         r  cpu/MEM_WB_bus_r_reg[3]/D
  -------------------------------------------------------------------    -------------------

Slack:                    inf
  Source:                 cpu/EXE_MEM_bus_r_reg[38]/C
                            (rising edge-triggered cell FDRE)
  Destination:            cpu/MEM_WB_bus_r_reg[32]/D
  Path Group:             (none)
  Path Type:              Min at Fast Process Corner
  Data Path Delay:        0.249ns  (logic 0.141ns (56.528%)  route 0.108ns (43.472%))
  Logic Levels:           1  (FDRE=1)

    Location             Delay type                Incr(ns)  Path(ns)    Netlist Resource(s)
  -------------------------------------------------------------------    -------------------
    SLICE_X15Y193        FDRE                         0.000     0.000 r  cpu/EXE_MEM_bus_r_reg[38]/C
    SLICE_X15Y193        FDRE (Prop_fdre_C_Q)         0.141     0.141 r  cpu/EXE_MEM_bus_r_reg[38]/Q
                         net (fo=1, routed)           0.108     0.249    cpu/EXE_MEM_bus_r_reg_n_0_[38]
    SLICE_X14Y192        FDRE                                         r  cpu/MEM_WB_bus_r_reg[32]/D
  -------------------------------------------------------------------    -------------------





