#-----------------------------------------------------------
# xsim v2025.1 (64-bit)
# SW Build 6140274 on Thu May 22 00:12:29 MDT 2025
# IP Build 6138677 on Thu May 22 03:10:11 MDT 2025
# SharedData Build 6139179 on Tue May 20 17:58:58 MDT 2025
# Start of session at: Sun Apr 26 18:12:22 2026
# Process ID         : 4136
# Current directory  : D:/1012/project1/build/xsim
# Command line       : xsim.exe -mode tcl -source {xsim.dir/tb_cnn_core/xsim_script.tcl}
# Log file           : D:/1012/project1/build/xsim/xsim.log
# Journal file       : D:/1012/project1/build/xsim\xsim.jou
# Running On         : DESKTOP-JH0OJSQ
# Platform           : Windows Server 2016 or Windows 10
# Operating System   : 26200
# Processor Detail   : AMD Ryzen 7 4800HS with Radeon Graphics         
# CPU Frequency      : 2895 MHz
# CPU Physical cores : 8
# CPU Logical cores  : 16
# Host memory        : 16556 MB
# Swap memory        : 17161 MB
# Total Virtual      : 33717 MB
# Available Virtual  : 5258 MB
#-----------------------------------------------------------
source xsim.dir/tb_cnn_core/xsim_script.tcl
# xsim {tb_cnn_core} -wdb {D:/1012/project1/build/xsim/waves/tb_cnn_core.wdb} -autoloadwcfg -tclbatch {D:/1012/project1/scripts/xsim_capture_waves.tcl}
Time resolution is 1 ps
source D:/1012/project1/scripts/xsim_capture_waves.tcl
## log_wave -recursive *
## if {[info exists ::env(XSIM_VCD)] && $::env(XSIM_VCD) ne ""} {
##     open_vcd $::env(XSIM_VCD)
##     log_vcd [get_objects -r /*]
## }
INFO: HDL object /tb_cnn_core/u_base/u_base/conv_map is an unpacked array. VCD does not support unpacked array type according to IEEE LRM 1800-2009, section21.7.5.
INFO: HDL object /tb_cnn_core/u_base/u_base/relu_map is an unpacked array. VCD does not support unpacked array type according to IEEE LRM 1800-2009, section21.7.5.
INFO: HDL object /tb_cnn_core/u_booth/u_booth_base/conv_map is an unpacked array. VCD does not support unpacked array type according to IEEE LRM 1800-2009, section21.7.5.
INFO: HDL object /tb_cnn_core/u_booth/u_booth_base/relu_map is an unpacked array. VCD does not support unpacked array type according to IEEE LRM 1800-2009, section21.7.5.
INFO: HDL object /tb_cnn_core/u_simd/u_booth_simd/u_conv/pix_blk0 is an unpacked array. VCD does not support unpacked array type according to IEEE LRM 1800-2009, section21.7.5.
INFO: HDL object /tb_cnn_core/u_simd/u_booth_simd/u_conv/pix_blk1 is an unpacked array. VCD does not support unpacked array type according to IEEE LRM 1800-2009, section21.7.5.
INFO: HDL object /tb_cnn_core/u_simd/u_booth_simd/u_conv/pix_blk2 is an unpacked array. VCD does not support unpacked array type according to IEEE LRM 1800-2009, section21.7.5.
INFO: HDL object /tb_cnn_core/u_simd/u_booth_simd/u_conv/ker_pack is an unpacked array. VCD does not support unpacked array type according to IEEE LRM 1800-2009, section21.7.5.
INFO: HDL object /tb_cnn_core/u_simd/u_booth_simd/u_conv/prod_blk0 is an unpacked array. VCD does not support unpacked array type according to IEEE LRM 1800-2009, section21.7.5.
INFO: HDL object /tb_cnn_core/u_simd/u_booth_simd/u_conv/prod_blk1 is an unpacked array. VCD does not support unpacked array type according to IEEE LRM 1800-2009, section21.7.5.
INFO: HDL object /tb_cnn_core/u_simd/u_booth_simd/u_conv/prod_blk2 is an unpacked array. VCD does not support unpacked array type according to IEEE LRM 1800-2009, section21.7.5.
INFO: HDL object /tb_cnn_core/u_pipe/u_booth_simd_pipe/u_conv/pix_blk0 is an unpacked array. VCD does not support unpacked array type according to IEEE LRM 1800-2009, section21.7.5.
INFO: HDL object /tb_cnn_core/u_pipe/u_booth_simd_pipe/u_conv/pix_blk1 is an unpacked array. VCD does not support unpacked array type according to IEEE LRM 1800-2009, section21.7.5.
INFO: HDL object /tb_cnn_core/u_pipe/u_booth_simd_pipe/u_conv/pix_blk2 is an unpacked array. VCD does not support unpacked array type according to IEEE LRM 1800-2009, section21.7.5.
INFO: HDL object /tb_cnn_core/u_pipe/u_booth_simd_pipe/u_conv/ker_pack is an unpacked array. VCD does not support unpacked array type according to IEEE LRM 1800-2009, section21.7.5.
INFO: HDL object /tb_cnn_core/u_pipe/u_booth_simd_pipe/u_conv/prod_blk0 is an unpacked array. VCD does not support unpacked array type according to IEEE LRM 1800-2009, section21.7.5.
INFO: HDL object /tb_cnn_core/u_pipe/u_booth_simd_pipe/u_conv/prod_blk1 is an unpacked array. VCD does not support unpacked array type according to IEEE LRM 1800-2009, section21.7.5.
INFO: HDL object /tb_cnn_core/u_pipe/u_booth_simd_pipe/u_conv/prod_blk2 is an unpacked array. VCD does not support unpacked array type according to IEEE LRM 1800-2009, section21.7.5.
INFO: HDL object /tb_cnn_core/u_dsp/u_booth_simd_pipe_dsp/u_conv/pix_blk0 is an unpacked array. VCD does not support unpacked array type according to IEEE LRM 1800-2009, section21.7.5.
INFO: HDL object /tb_cnn_core/u_dsp/u_booth_simd_pipe_dsp/u_conv/pix_blk1 is an unpacked array. VCD does not support unpacked array type according to IEEE LRM 1800-2009, section21.7.5.
INFO: HDL object /tb_cnn_core/u_dsp/u_booth_simd_pipe_dsp/u_conv/pix_blk2 is an unpacked array. VCD does not support unpacked array type according to IEEE LRM 1800-2009, section21.7.5.
INFO: HDL object /tb_cnn_core/u_dsp/u_booth_simd_pipe_dsp/u_conv/ker_pack is an unpacked array. VCD does not support unpacked array type according to IEEE LRM 1800-2009, section21.7.5.
INFO: HDL object /tb_cnn_core/u_dsp/u_booth_simd_pipe_dsp/u_conv/prod_blk0 is an unpacked array. VCD does not support unpacked array type according to IEEE LRM 1800-2009, section21.7.5.
INFO: HDL object /tb_cnn_core/u_dsp/u_booth_simd_pipe_dsp/u_conv/prod_blk1 is an unpacked array. VCD does not support unpacked array type according to IEEE LRM 1800-2009, section21.7.5.
INFO: HDL object /tb_cnn_core/u_dsp/u_booth_simd_pipe_dsp/u_conv/prod_blk2 is an unpacked array. VCD does not support unpacked array type according to IEEE LRM 1800-2009, section21.7.5.
## run all
CASE=1 PASS cycles=96 out=9087635a
CASE=2 PASS cycles=96 out=9087635a
CASE=3 PASS cycles=1 out=9087635a
CASE=4 PASS cycles=3 out=9087635a
CASE=5 PASS cycles=3 out=9087635a
ALL TESTS PASSED.
$finish called at time : 2085 ns : File "D:/1012/project1/sim/tb_cnn_core.v" Line 204
## if {[info exists ::env(XSIM_VCD)] && $::env(XSIM_VCD) ne ""} {
##     close_vcd
## }
## quit
INFO: [Common 17-206] Exiting xsim at Sun Apr 26 18:12:25 2026...
