
*** Running vivado
    with args -log multi_cycle_cpu_display.vds -m64 -product Vivado -mode batch -messageDb vivado.pb -notrace -source multi_cycle_cpu_display.tcl



****** Vivado v2025.1 (64-bit)
  **** SW Build 6140274 on Thu May 22 00:12:29 MDT 2025
  **** IP Build 6138677 on Thu May 22 03:10:11 MDT 2025
  **** SharedData Build 6139179 on Tue May 20 17:58:58 MDT 2025
  **** Start of session at: Sun Jun  7 15:52:08 2026
    ** Copyright 1986-2022 Xilinx, Inc. All Rights Reserved.
    ** Copyright 2022-2025 Advanced Micro Devices, Inc. All Rights Reserved.

source multi_cycle_cpu_display.tcl -notrace
create_project: Time (s): cpu = 00:00:08 ; elapsed = 00:00:06 . Memory (MB): peak = 496.793 ; gain = 213.965
Command: synth_design -top multi_cycle_cpu_display -part xc7a200tfbg676-2
Starting synth_design
Attempting to get a license for feature 'Synthesis' and/or device 'xc7a200t'
INFO: [Common 17-349] Got license for feature 'Synthesis' and/or device 'xc7a200t'
INFO: [Device 21-403] Loading part xc7a200tfbg676-2
INFO: [Synth 8-7079] Multithreading enabled for synth_design using a maximum of 2 processes.
INFO: [Synth 8-7078] Launching helper process for spawning children vivado processes
INFO: [Synth 8-7075] Helper process launched with PID 17252
---------------------------------------------------------------------------------
Starting RTL Elaboration : Time (s): cpu = 00:00:06 ; elapsed = 00:00:07 . Memory (MB): peak = 1237.527 ; gain = 495.133
---------------------------------------------------------------------------------
INFO: [Synth 8-6157] synthesizing module 'multi_cycle_cpu_display' [D:/1012/final_project/lab7/lab7.srcs/sources_1/imports/7_multi_cycle_cpu/multi_cycle_cpu_display.v:8]
INFO: [Synth 8-6157] synthesizing module 'BUFGCE' [C:/Xilinx/2025.1/Vivado/scripts/rt/data/unisim_comp.v:2688]
INFO: [Synth 8-6155] done synthesizing module 'BUFGCE' (0#1) [C:/Xilinx/2025.1/Vivado/scripts/rt/data/unisim_comp.v:2688]
INFO: [Synth 8-6157] synthesizing module 'multi_cycle_cpu' [D:/1012/final_project/lab7/lab7.srcs/sources_1/imports/7_multi_cycle_cpu/multi_cycle_cpu.v:9]
INFO: [Synth 8-6157] synthesizing module 'fetch' [D:/1012/final_project/lab7/lab7.srcs/sources_1/imports/7_multi_cycle_cpu/fetch.v:9]
INFO: [Synth 8-6155] done synthesizing module 'fetch' (0#1) [D:/1012/final_project/lab7/lab7.srcs/sources_1/imports/7_multi_cycle_cpu/fetch.v:9]
INFO: [Synth 8-6157] synthesizing module 'decode' [D:/1012/final_project/lab7/lab7.srcs/sources_1/imports/7_multi_cycle_cpu/decode.v:8]
INFO: [Synth 8-6155] done synthesizing module 'decode' (0#1) [D:/1012/final_project/lab7/lab7.srcs/sources_1/imports/7_multi_cycle_cpu/decode.v:8]
INFO: [Synth 8-6157] synthesizing module 'exe' [D:/1012/final_project/lab7/lab7.srcs/sources_1/imports/7_multi_cycle_cpu/exe.v:8]
INFO: [Synth 8-6157] synthesizing module 'alu' [D:/1012/final_project/lab7/lab7.srcs/sources_1/imports/7_multi_cycle_cpu/alu.v:8]
INFO: [Synth 8-6157] synthesizing module 'adder' [D:/1012/final_project/lab7/lab7.srcs/sources_1/imports/7_multi_cycle_cpu/adder.v:8]
INFO: [Synth 8-6155] done synthesizing module 'adder' (0#1) [D:/1012/final_project/lab7/lab7.srcs/sources_1/imports/7_multi_cycle_cpu/adder.v:8]
INFO: [Synth 8-6155] done synthesizing module 'alu' (0#1) [D:/1012/final_project/lab7/lab7.srcs/sources_1/imports/7_multi_cycle_cpu/alu.v:8]
INFO: [Synth 8-6155] done synthesizing module 'exe' (0#1) [D:/1012/final_project/lab7/lab7.srcs/sources_1/imports/7_multi_cycle_cpu/exe.v:8]
INFO: [Synth 8-6157] synthesizing module 'mem' [D:/1012/final_project/lab7/lab7.srcs/sources_1/imports/7_multi_cycle_cpu/mem.v:8]
INFO: [Synth 8-226] default block is never used [D:/1012/final_project/lab7/lab7.srcs/sources_1/imports/7_multi_cycle_cpu/mem.v:65]
INFO: [Synth 8-226] default block is never used [D:/1012/final_project/lab7/lab7.srcs/sources_1/imports/7_multi_cycle_cpu/mem.v:83]
INFO: [Synth 8-6155] done synthesizing module 'mem' (0#1) [D:/1012/final_project/lab7/lab7.srcs/sources_1/imports/7_multi_cycle_cpu/mem.v:8]
INFO: [Synth 8-6157] synthesizing module 'wb' [D:/1012/final_project/lab7/lab7.srcs/sources_1/imports/7_multi_cycle_cpu/wb.v:8]
INFO: [Synth 8-6155] done synthesizing module 'wb' (0#1) [D:/1012/final_project/lab7/lab7.srcs/sources_1/imports/7_multi_cycle_cpu/wb.v:8]
INFO: [Synth 8-6157] synthesizing module 'inst_rom' [D:/1012/final_project/lab7/lab7.runs/synth_1/.Xil/Vivado-5572-DESKTOP-JH0OJSQ/realtime/inst_rom_stub.v:6]
INFO: [Synth 8-6155] done synthesizing module 'inst_rom' (0#1) [D:/1012/final_project/lab7/lab7.runs/synth_1/.Xil/Vivado-5572-DESKTOP-JH0OJSQ/realtime/inst_rom_stub.v:6]
INFO: [Synth 8-6157] synthesizing module 'regfile' [D:/1012/final_project/lab7/lab7.srcs/sources_1/imports/7_multi_cycle_cpu/regfile.v:8]
INFO: [Synth 8-6155] done synthesizing module 'regfile' (0#1) [D:/1012/final_project/lab7/lab7.srcs/sources_1/imports/7_multi_cycle_cpu/regfile.v:8]
INFO: [Synth 8-6157] synthesizing module 'data_ram' [D:/1012/final_project/lab7/lab7.runs/synth_1/.Xil/Vivado-5572-DESKTOP-JH0OJSQ/realtime/data_ram_stub.v:6]
INFO: [Synth 8-6155] done synthesizing module 'data_ram' (0#1) [D:/1012/final_project/lab7/lab7.runs/synth_1/.Xil/Vivado-5572-DESKTOP-JH0OJSQ/realtime/data_ram_stub.v:6]
INFO: [Synth 8-6155] done synthesizing module 'multi_cycle_cpu' (0#1) [D:/1012/final_project/lab7/lab7.srcs/sources_1/imports/7_multi_cycle_cpu/multi_cycle_cpu.v:9]
INFO: [Synth 8-6157] synthesizing module 'lcd_module' [D:/1012/final_project/lab7/lab7.runs/synth_1/.Xil/Vivado-5572-DESKTOP-JH0OJSQ/realtime/lcd_module_stub.v:6]
INFO: [Synth 8-6155] done synthesizing module 'lcd_module' (0#1) [D:/1012/final_project/lab7/lab7.runs/synth_1/.Xil/Vivado-5572-DESKTOP-JH0OJSQ/realtime/lcd_module_stub.v:6]
INFO: [Synth 8-6155] done synthesizing module 'multi_cycle_cpu_display' (0#1) [D:/1012/final_project/lab7/lab7.srcs/sources_1/imports/7_multi_cycle_cpu/multi_cycle_cpu_display.v:8]
WARNING: [Synth 8-6014] Unused sequential element rf_reg[0] was removed.  [D:/1012/final_project/lab7/lab7.srcs/sources_1/imports/7_multi_cycle_cpu/regfile.v:31]
WARNING: [Synth 8-7129] Port mem_addr[31] in module multi_cycle_cpu is either unconnected or has no load
WARNING: [Synth 8-7129] Port mem_addr[30] in module multi_cycle_cpu is either unconnected or has no load
WARNING: [Synth 8-7129] Port mem_addr[29] in module multi_cycle_cpu is either unconnected or has no load
WARNING: [Synth 8-7129] Port mem_addr[28] in module multi_cycle_cpu is either unconnected or has no load
WARNING: [Synth 8-7129] Port mem_addr[27] in module multi_cycle_cpu is either unconnected or has no load
WARNING: [Synth 8-7129] Port mem_addr[26] in module multi_cycle_cpu is either unconnected or has no load
WARNING: [Synth 8-7129] Port mem_addr[25] in module multi_cycle_cpu is either unconnected or has no load
WARNING: [Synth 8-7129] Port mem_addr[24] in module multi_cycle_cpu is either unconnected or has no load
WARNING: [Synth 8-7129] Port mem_addr[23] in module multi_cycle_cpu is either unconnected or has no load
WARNING: [Synth 8-7129] Port mem_addr[22] in module multi_cycle_cpu is either unconnected or has no load
WARNING: [Synth 8-7129] Port mem_addr[21] in module multi_cycle_cpu is either unconnected or has no load
WARNING: [Synth 8-7129] Port mem_addr[20] in module multi_cycle_cpu is either unconnected or has no load
WARNING: [Synth 8-7129] Port mem_addr[19] in module multi_cycle_cpu is either unconnected or has no load
WARNING: [Synth 8-7129] Port mem_addr[18] in module multi_cycle_cpu is either unconnected or has no load
WARNING: [Synth 8-7129] Port mem_addr[17] in module multi_cycle_cpu is either unconnected or has no load
WARNING: [Synth 8-7129] Port mem_addr[16] in module multi_cycle_cpu is either unconnected or has no load
WARNING: [Synth 8-7129] Port mem_addr[15] in module multi_cycle_cpu is either unconnected or has no load
WARNING: [Synth 8-7129] Port mem_addr[14] in module multi_cycle_cpu is either unconnected or has no load
WARNING: [Synth 8-7129] Port mem_addr[13] in module multi_cycle_cpu is either unconnected or has no load
WARNING: [Synth 8-7129] Port mem_addr[12] in module multi_cycle_cpu is either unconnected or has no load
WARNING: [Synth 8-7129] Port mem_addr[11] in module multi_cycle_cpu is either unconnected or has no load
WARNING: [Synth 8-7129] Port mem_addr[10] in module multi_cycle_cpu is either unconnected or has no load
WARNING: [Synth 8-7129] Port mem_addr[1] in module multi_cycle_cpu is either unconnected or has no load
WARNING: [Synth 8-7129] Port mem_addr[0] in module multi_cycle_cpu is either unconnected or has no load
---------------------------------------------------------------------------------
Finished RTL Elaboration : Time (s): cpu = 00:00:08 ; elapsed = 00:00:10 . Memory (MB): peak = 1355.387 ; gain = 612.992
---------------------------------------------------------------------------------
---------------------------------------------------------------------------------
Start Handling Custom Attributes
---------------------------------------------------------------------------------
---------------------------------------------------------------------------------
Finished Handling Custom Attributes : Time (s): cpu = 00:00:08 ; elapsed = 00:00:10 . Memory (MB): peak = 1355.387 ; gain = 612.992
---------------------------------------------------------------------------------
---------------------------------------------------------------------------------
Finished RTL Optimization Phase 1 : Time (s): cpu = 00:00:08 ; elapsed = 00:00:10 . Memory (MB): peak = 1355.387 ; gain = 612.992
---------------------------------------------------------------------------------
Netlist sorting complete. Time (s): cpu = 00:00:00 ; elapsed = 00:00:00.048 . Memory (MB): peak = 1355.387 ; gain = 0.000
WARNING: [Netlist 29-345] The value of SIM_DEVICE on instance 'cpu_clk_cg' of type 'BUFGCE' is 'ULTRASCALE'; it is being changed to match the current FPGA architecture, '7SERIES'. For functional simulation to match hardware behavior, the value of SIM_DEVICE should be changed in the source netlist. 
INFO: [Netlist 29-17] Analyzing 1 Unisim elements for replacement
INFO: [Netlist 29-28] Unisim Transformation completed in 0 CPU seconds
INFO: [Project 1-570] Preparing netlist for logic optimization

Processing XDC Constraints
Initializing timing engine
Parsing XDC File [d:/1012/final_project/lab7/lab7.gen/sources_1/ip/data_ram_1/data_ram/data_ram_in_context.xdc] for cell 'cpu/data_ram_module'
Finished Parsing XDC File [d:/1012/final_project/lab7/lab7.gen/sources_1/ip/data_ram_1/data_ram/data_ram_in_context.xdc] for cell 'cpu/data_ram_module'
Parsing XDC File [d:/1012/final_project/lab7/lab7.gen/sources_1/ip/inst_rom/inst_rom/inst_rom_in_context.xdc] for cell 'cpu/inst_rom_module'
Finished Parsing XDC File [d:/1012/final_project/lab7/lab7.gen/sources_1/ip/inst_rom/inst_rom/inst_rom_in_context.xdc] for cell 'cpu/inst_rom_module'
Parsing XDC File [D:/1012/final_project/lab7/lab7.srcs/constrs_1/imports/7_multi_cycle_cpu/multi_cycle_cpu.xdc]
CRITICAL WARNING: [Common 17-1548] Command failed: invalid command name "SET_PROPERTY"
 [D:/1012/final_project/lab7/lab7.srcs/constrs_1/imports/7_multi_cycle_cpu/multi_cycle_cpu.xdc:12]
Finished Parsing XDC File [D:/1012/final_project/lab7/lab7.srcs/constrs_1/imports/7_multi_cycle_cpu/multi_cycle_cpu.xdc]
INFO: [Project 1-236] Implementation specific constraints were found while reading constraint file [D:/1012/final_project/lab7/lab7.srcs/constrs_1/imports/7_multi_cycle_cpu/multi_cycle_cpu.xdc]. These constraints will be ignored for synthesis but will be used in implementation. Impacted constraints are listed in the file [.Xil/multi_cycle_cpu_display_propImpl.xdc].
Resolution: To avoid this warning, move constraints listed in [.Xil/multi_cycle_cpu_display_propImpl.xdc] to another XDC file and exclude this new file from synthesis with the used_in_synthesis property (File Properties dialog in GUI) and re-run elaboration/synthesis.
Completed Processing XDC Constraints

Netlist sorting complete. Time (s): cpu = 00:00:00 ; elapsed = 00:00:00.001 . Memory (MB): peak = 1426.215 ; gain = 0.000
INFO: [Project 1-111] Unisim Transformation Summary:
  A total of 1 instances were transformed.
  BUFGCE => BUFGCTRL: 1 instance 

Constraint Validation Runtime : Time (s): cpu = 00:00:00 ; elapsed = 00:00:00.012 . Memory (MB): peak = 1426.215 ; gain = 0.000
---------------------------------------------------------------------------------
Finished Constraint Validation : Time (s): cpu = 00:00:19 ; elapsed = 00:00:21 . Memory (MB): peak = 1426.215 ; gain = 683.820
---------------------------------------------------------------------------------
---------------------------------------------------------------------------------
Start Loading Part and Timing Information
---------------------------------------------------------------------------------
Loading part: xc7a200tfbg676-2
---------------------------------------------------------------------------------
Finished Loading Part and Timing Information : Time (s): cpu = 00:00:19 ; elapsed = 00:00:21 . Memory (MB): peak = 1426.215 ; gain = 683.820
---------------------------------------------------------------------------------
---------------------------------------------------------------------------------
Start Applying 'set_property' XDC Constraints
---------------------------------------------------------------------------------
---------------------------------------------------------------------------------
Finished applying 'set_property' XDC Constraints : Time (s): cpu = 00:00:19 ; elapsed = 00:00:21 . Memory (MB): peak = 1426.215 ; gain = 683.820
---------------------------------------------------------------------------------
INFO: [Synth 8-802] inferred FSM for state register 'state_reg' in module 'multi_cycle_cpu'
---------------------------------------------------------------------------------------------------
                   State |                     New Encoding |                Previous Encoding 
---------------------------------------------------------------------------------------------------
                    IDLE |                           000001 |                              000
                   FETCH |                           000100 |                              001
                  DECODE |                           100000 |                              010
                     EXE |                           010000 |                              011
                     MEM |                           001000 |                              100
                      WB |                           000010 |                              101
---------------------------------------------------------------------------------------------------
INFO: [Synth 8-3354] encoded FSM with state register 'state_reg' using encoding 'one-hot' in module 'multi_cycle_cpu'
---------------------------------------------------------------------------------
Finished RTL Optimization Phase 2 : Time (s): cpu = 00:00:20 ; elapsed = 00:00:22 . Memory (MB): peak = 1426.215 ; gain = 683.820
---------------------------------------------------------------------------------
---------------------------------------------------------------------------------
Start RTL Component Statistics 
---------------------------------------------------------------------------------
Detailed RTL Component Info : 
+---Adders : 
	   3 Input   33 Bit       Adders := 1     
	   2 Input   30 Bit       Adders := 2     
	   2 Input    5 Bit       Adders := 1     
+---XORs : 
	   2 Input     32 Bit         XORs := 1     
	   2 Input      1 Bit         XORs := 1     
+---Registers : 
	              150 Bit    Registers := 1     
	              106 Bit    Registers := 1     
	               70 Bit    Registers := 1     
	               64 Bit    Registers := 1     
	               40 Bit    Registers := 1     
	               32 Bit    Registers := 34    
	                3 Bit    Registers := 1     
	                1 Bit    Registers := 5     
+---Muxes : 
	   3 Input   32 Bit        Muxes := 1     
	   2 Input   32 Bit        Muxes := 17    
	   4 Input   32 Bit        Muxes := 1     
	   2 Input   24 Bit        Muxes := 1     
	   4 Input    8 Bit        Muxes := 1     
	   6 Input    6 Bit        Muxes := 1     
	   2 Input    6 Bit        Muxes := 6     
	   2 Input    5 Bit        Muxes := 3     
	   6 Input    4 Bit        Muxes := 1     
	   2 Input    3 Bit        Muxes := 2     
	   2 Input    2 Bit        Muxes := 1     
	   3 Input    2 Bit        Muxes := 1     
	   2 Input    1 Bit        Muxes := 33    
	   4 Input    1 Bit        Muxes := 1     
	  10 Input    1 Bit        Muxes := 1     
---------------------------------------------------------------------------------
Finished RTL Component Statistics 
---------------------------------------------------------------------------------
---------------------------------------------------------------------------------
Start Part Resource Summary
---------------------------------------------------------------------------------
Part Resources:
DSPs: 740 (col length:100)
BRAMs: 730 (col length: RAMB18 100 RAMB36 50)
---------------------------------------------------------------------------------
Finished Part Resource Summary
---------------------------------------------------------------------------------
---------------------------------------------------------------------------------
Start Cross Boundary and Area Optimization
---------------------------------------------------------------------------------
WARNING: [Synth 8-7080] Parallel synthesis criteria is not met
---------------------------------------------------------------------------------
Finished Cross Boundary and Area Optimization : Time (s): cpu = 00:00:32 ; elapsed = 00:00:35 . Memory (MB): peak = 1499.137 ; gain = 756.742
---------------------------------------------------------------------------------
---------------------------------------------------------------------------------
Start Applying XDC Timing Constraints
---------------------------------------------------------------------------------
---------------------------------------------------------------------------------
Finished Applying XDC Timing Constraints : Time (s): cpu = 00:00:39 ; elapsed = 00:00:42 . Memory (MB): peak = 1564.406 ; gain = 822.012
---------------------------------------------------------------------------------
---------------------------------------------------------------------------------
Start Timing Optimization
---------------------------------------------------------------------------------
---------------------------------------------------------------------------------
Finished Timing Optimization : Time (s): cpu = 00:00:40 ; elapsed = 00:00:43 . Memory (MB): peak = 1569.695 ; gain = 827.301
---------------------------------------------------------------------------------
---------------------------------------------------------------------------------
Start Technology Mapping
---------------------------------------------------------------------------------
---------------------------------------------------------------------------------
Finished Technology Mapping : Time (s): cpu = 00:00:41 ; elapsed = 00:00:44 . Memory (MB): peak = 1617.805 ; gain = 875.410
---------------------------------------------------------------------------------
---------------------------------------------------------------------------------
Start IO Insertion
---------------------------------------------------------------------------------
---------------------------------------------------------------------------------
Start Flattening Before IO Insertion
---------------------------------------------------------------------------------
---------------------------------------------------------------------------------
Finished Flattening Before IO Insertion
---------------------------------------------------------------------------------
---------------------------------------------------------------------------------
Start Final Netlist Cleanup
---------------------------------------------------------------------------------
---------------------------------------------------------------------------------
Finished Final Netlist Cleanup
---------------------------------------------------------------------------------
WARNING: [Synth 8-5410] Found another clock driver cpu_clk_cg:O [D:/1012/final_project/lab7/lab7.srcs/sources_1/imports/7_multi_cycle_cpu/multi_cycle_cpu_display.v:50]
---------------------------------------------------------------------------------
Finished IO Insertion : Time (s): cpu = 00:00:47 ; elapsed = 00:00:50 . Memory (MB): peak = 1808.754 ; gain = 1066.359
---------------------------------------------------------------------------------
---------------------------------------------------------------------------------
Start Renaming Generated Instances
---------------------------------------------------------------------------------
---------------------------------------------------------------------------------
Finished Renaming Generated Instances : Time (s): cpu = 00:00:47 ; elapsed = 00:00:50 . Memory (MB): peak = 1808.754 ; gain = 1066.359
---------------------------------------------------------------------------------
---------------------------------------------------------------------------------
Start Rebuilding User Hierarchy
---------------------------------------------------------------------------------
---------------------------------------------------------------------------------
Finished Rebuilding User Hierarchy : Time (s): cpu = 00:00:47 ; elapsed = 00:00:50 . Memory (MB): peak = 1808.754 ; gain = 1066.359
---------------------------------------------------------------------------------
---------------------------------------------------------------------------------
Start Renaming Generated Ports
---------------------------------------------------------------------------------
---------------------------------------------------------------------------------
Finished Renaming Generated Ports : Time (s): cpu = 00:00:47 ; elapsed = 00:00:50 . Memory (MB): peak = 1808.754 ; gain = 1066.359
---------------------------------------------------------------------------------
---------------------------------------------------------------------------------
Start Handling Custom Attributes
---------------------------------------------------------------------------------
---------------------------------------------------------------------------------
Finished Handling Custom Attributes : Time (s): cpu = 00:00:47 ; elapsed = 00:00:50 . Memory (MB): peak = 1808.754 ; gain = 1066.359
---------------------------------------------------------------------------------
---------------------------------------------------------------------------------
Start Renaming Generated Nets
---------------------------------------------------------------------------------
---------------------------------------------------------------------------------
Finished Renaming Generated Nets : Time (s): cpu = 00:00:47 ; elapsed = 00:00:51 . Memory (MB): peak = 1808.754 ; gain = 1066.359
---------------------------------------------------------------------------------
---------------------------------------------------------------------------------
Start Writing Synthesis Report
---------------------------------------------------------------------------------

Report BlackBoxes: 
+------+--------------+----------+
|      |BlackBox name |Instances |
+------+--------------+----------+
|1     |lcd_module    |         1|
|2     |inst_rom      |         1|
|3     |data_ram      |         1|
+------+--------------+----------+

Report Cell Usage: 
+------+-----------+------+
|      |Cell       |Count |
+------+-----------+------+
|1     |data_ram   |     1|
|2     |inst_rom   |     1|
|3     |lcd_module |     1|
|4     |BUFG       |     1|
|5     |BUFGCE     |     1|
|6     |CARRY4     |    28|
|7     |LUT1       |     2|
|8     |LUT2       |    53|
|9     |LUT3       |   113|
|10    |LUT4       |   116|
|11    |LUT5       |   235|
|12    |LUT6       |  1274|
|13    |MUXF7      |   262|
|14    |FDRE       |  1507|
|15    |FDSE       |    11|
|16    |IBUF       |     3|
|17    |OBUF       |     8|
+------+-----------+------+
---------------------------------------------------------------------------------
Finished Writing Synthesis Report : Time (s): cpu = 00:00:47 ; elapsed = 00:00:51 . Memory (MB): peak = 1808.754 ; gain = 1066.359
---------------------------------------------------------------------------------
Synthesis finished with 0 errors, 0 critical warnings and 2 warnings.
Synthesis Optimization Runtime : Time (s): cpu = 00:00:35 ; elapsed = 00:00:47 . Memory (MB): peak = 1808.754 ; gain = 995.531
Synthesis Optimization Complete : Time (s): cpu = 00:00:47 ; elapsed = 00:00:51 . Memory (MB): peak = 1808.754 ; gain = 1066.359
INFO: [Project 1-571] Translating synthesized netlist
Netlist sorting complete. Time (s): cpu = 00:00:00 ; elapsed = 00:00:00.033 . Memory (MB): peak = 1808.754 ; gain = 0.000
WARNING: [Netlist 29-345] The value of SIM_DEVICE on instance 'cpu_clk_cg' of type 'BUFGCE' is 'ULTRASCALE'; it is being changed to match the current FPGA architecture, '7SERIES'. For functional simulation to match hardware behavior, the value of SIM_DEVICE should be changed in the source netlist. 
INFO: [Netlist 29-17] Analyzing 291 Unisim elements for replacement
INFO: [Netlist 29-28] Unisim Transformation completed in 1 CPU seconds
INFO: [Project 1-570] Preparing netlist for logic optimization
INFO: [Opt 31-138] Pushed 0 inverter(s) to 0 load pin(s).
Netlist sorting complete. Time (s): cpu = 00:00:00 ; elapsed = 00:00:00.002 . Memory (MB): peak = 1825.164 ; gain = 0.000
INFO: [Project 1-111] Unisim Transformation Summary:
  A total of 1 instances were transformed.
  BUFGCE => BUFGCTRL: 1 instance 

Synth Design complete | Checksum: be9c702
INFO: [Common 17-83] Releasing license: Synthesis
49 Infos, 29 Warnings, 1 Critical Warnings and 0 Errors encountered.
synth_design completed successfully
synth_design: Time (s): cpu = 00:00:53 ; elapsed = 00:00:59 . Memory (MB): peak = 1825.164 ; gain = 1316.477
INFO: [runtcl-6] Synthesis results are not added to the cache due to CRITICAL_WARNING
Write ShapeDB Complete: Time (s): cpu = 00:00:00 ; elapsed = 00:00:00.008 . Memory (MB): peak = 1825.164 ; gain = 0.000
INFO: [Common 17-1381] The checkpoint 'D:/1012/final_project/lab7/lab7.runs/synth_1/multi_cycle_cpu_display.dcp' has been generated.
INFO: [Vivado 12-24828] Executing command : report_utilization -file multi_cycle_cpu_display_utilization_synth.rpt -pb multi_cycle_cpu_display_utilization_synth.pb
INFO: [Common 17-206] Exiting Vivado at Sun Jun  7 15:53:17 2026...
