Copyright 1986-2022 Xilinx, Inc. All Rights Reserved. Copyright 2022-2025 Advanced Micro Devices, Inc. All Rights Reserved.
------------------------------------------------------------------------------------------------------------------------------------------------------------------------------------------------------------------------------------------------------------
| Tool Version : Vivado v.2025.1 (win64) Build 6140274 Thu May 22 00:12:29 MDT 2025
| Date         : Tue May 26 13:33:33 2026
| Host         : DESKTOP-JH0OJSQ running 64-bit major release  (build 9200)
| Command      : report_timing_summary -max_paths 10 -routable_nets -report_unconstrained -file data_ram_display_timing_summary_routed.rpt -pb data_ram_display_timing_summary_routed.pb -rpx data_ram_display_timing_summary_routed.rpx -warn_on_violation
| Design       : data_ram_display
| Device       : 7a200t-fbg676
| Speed File   : -2  PRODUCTION 1.23 2018-06-13
| Design State : Routed
------------------------------------------------------------------------------------------------------------------------------------------------------------------------------------------------------------------------------------------------------------

Timing Summary Report

------------------------------------------------------------------------------------------------
| Timer Settings
| --------------
------------------------------------------------------------------------------------------------

  Enable Multi Corner Analysis               :  Yes
  Enable Pessimism Removal                   :  Yes
  Pessimism Removal Resolution               :  Nearest Common Node
  Enable Input Delay Default Clock           :  No
  Enable Preset / Clear Arcs                 :  No
  Disable Flight Delays                      :  No
  Ignore I/O Paths                           :  No
  Timing Early Launch at Borrowing Latches   :  No
  Borrow Time for Max Delay Exceptions       :  Yes
  Merge Timing Exceptions                    :  Yes
  Inter-SLR Compensation                     :  Conservative

  Corner  Analyze    Analyze    
  Name    Max Paths  Min Paths  
  ------  ---------  ---------  
  Slow    Yes        Yes        
  Fast    Yes        Yes        


------------------------------------------------------------------------------------------------
| Report Methodology
| ------------------
------------------------------------------------------------------------------------------------

Rule       Severity          Description                   Violations  
---------  ----------------  ----------------------------  ----------  
TIMING-17  Critical Warning  Non-clocked sequential cell   418         
HPDR-2     Warning           Port pin INOUT inconsistency  16          

Note: This report is based on the most recent report_methodology run and may not be up-to-date. Run report_methodology on the current design for the latest report.



check_timing report

Table of Contents
-----------------
1. checking no_clock (418)
2. checking constant_clock (0)
3. checking pulse_width_clock (0)
4. checking unconstrained_internal_endpoints (975)
5. checking no_input_delay (8)
6. checking no_output_delay (23)
7. checking multiple_clock (0)
8. checking generated_clocks (0)
9. checking loops (0)
10. checking partial_input_delay (0)
11. checking partial_output_delay (0)
12. checking latch_loops (0)

1. checking no_clock (418)
--------------------------
 There are 312 register/latch pins with no clock driven by root clock pin: clk (HIGH)

 There are 106 register/latch pins with no clock driven by root clock pin: lcd_module/clk_2_reg/Q (HIGH)


2. checking constant_clock (0)
------------------------------
 There are 0 register/latch pins with constant_clock.


3. checking pulse_width_clock (0)
---------------------------------
 There are 0 register/latch pins which need pulse_width check


4. checking unconstrained_internal_endpoints (975)
--------------------------------------------------
 There are 975 pins that are not constrained for maximum delay. (HIGH)

 There are 0 pins that are not constrained for maximum delay due to constant clock.


5. checking no_input_delay (8)
------------------------------
 There are 8 input ports with no input delay specified. (HIGH)

 There are 0 input ports with no input delay but user has a false path constraint.


6. checking no_output_delay (23)
--------------------------------
 There are 23 ports with no output delay specified. (HIGH)

 There are 0 ports with no output delay but user has a false path constraint

 There are 0 ports with no output delay but with a timing clock defined on it or propagating through it


7. checking multiple_clock (0)
------------------------------
 There are 0 register/latch pins with multiple clocks.


8. checking generated_clocks (0)
--------------------------------
 There are 0 generated clocks that are not connected to a clock source.


9. checking loops (0)
---------------------
 There are 0 combinational loops in the design.


10. checking partial_input_delay (0)
------------------------------------
 There are 0 input ports with partial input delay specified.


11. checking partial_output_delay (0)
-------------------------------------
 There are 0 ports with partial output delay specified.


12. checking latch_loops (0)
----------------------------
 There are 0 combinational latch loops in the design through latch input



------------------------------------------------------------------------------------------------
| Design Timing Summary
| ---------------------
------------------------------------------------------------------------------------------------

    WNS(ns)      TNS(ns)  TNS Failing Endpoints  TNS Total Endpoints      WHS(ns)      THS(ns)  THS Failing Endpoints  THS Total Endpoints     WPWS(ns)     TPWS(ns)  TPWS Failing Endpoints  TPWS Total Endpoints  
    -------      -------  ---------------------  -------------------      -------      -------  ---------------------  -------------------     --------     --------  ----------------------  --------------------  
        inf        0.000                      0                 1005          inf        0.000                      0                 1005           NA           NA                      NA                    NA  


There are no user specified timing constraints.


------------------------------------------------------------------------------------------------
| Clock Summary
| -------------
------------------------------------------------------------------------------------------------


------------------------------------------------------------------------------------------------
| Intra Clock Table
| -----------------
------------------------------------------------------------------------------------------------

Clock             WNS(ns)      TNS(ns)  TNS Failing Endpoints  TNS Total Endpoints      WHS(ns)      THS(ns)  THS Failing Endpoints  THS Total Endpoints     WPWS(ns)     TPWS(ns)  TPWS Failing Endpoints  TPWS Total Endpoints  
-----             -------      -------  ---------------------  -------------------      -------      -------  ---------------------  -------------------     --------     --------  ----------------------  --------------------  


------------------------------------------------------------------------------------------------
| Inter Clock Table
| -----------------
------------------------------------------------------------------------------------------------

From Clock    To Clock          WNS(ns)      TNS(ns)  TNS Failing Endpoints  TNS Total Endpoints      WHS(ns)      THS(ns)  THS Failing Endpoints  THS Total Endpoints  
----------    --------          -------      -------  ---------------------  -------------------      -------      -------  ---------------------  -------------------  


------------------------------------------------------------------------------------------------
| Other Path Groups Table
| -----------------------
------------------------------------------------------------------------------------------------

Path Group    From Clock    To Clock          WNS(ns)      TNS(ns)  TNS Failing Endpoints  TNS Total Endpoints      WHS(ns)      THS(ns)  THS Failing Endpoints  THS Total Endpoints  
----------    ----------    --------          -------      -------  ---------------------  -------------------      -------      -------  ---------------------  -------------------  


------------------------------------------------------------------------------------------------
| User Ignored Path Table
| -----------------------
------------------------------------------------------------------------------------------------

Path Group    From Clock    To Clock    
----------    ----------    --------    


------------------------------------------------------------------------------------------------
| Unconstrained Path Table
| ------------------------
------------------------------------------------------------------------------------------------

Path Group    From Clock    To Clock    
----------    ----------    --------    
(none)                                    


------------------------------------------------------------------------------------------------
| Timing Details
| --------------
------------------------------------------------------------------------------------------------


--------------------------------------------------------------------------------------
Path Group:  (none)
From Clock:  
  To Clock:  

Max Delay          1005 Endpoints
Min Delay          1005 Endpoints
--------------------------------------------------------------------------------------


Max Delay Paths
--------------------------------------------------------------------------------------
Slack:                    inf
  Source:                 input_sel[0]
                            (input port)
  Destination:            led_test_addr
                            (output port)
  Path Group:             (none)
  Path Type:              Max at Slow Process Corner
  Data Path Delay:        13.326ns  (logic 4.837ns (36.297%)  route 8.489ns (63.703%))
  Logic Levels:           3  (IBUF=1 LUT2=1 OBUF=1)

    Location             Delay type                Incr(ns)  Path(ns)    Netlist Resource(s)
  -------------------------------------------------------------------    -------------------
    AD24                                              0.000     0.000 f  input_sel[0] (IN)
                         net (fo=0)                   0.000     0.000    input_sel[0]
    AD24                 IBUF (Prop_ibuf_I_O)         1.461     1.461 f  input_sel_IBUF[0]_inst/O
                         net (fo=6, routed)           6.384     7.845    input_sel_IBUF[0]
    SLICE_X163Y168       LUT2 (Prop_lut2_I1_O)        0.105     7.950 r  led_test_addr_OBUF_inst_i_1/O
                         net (fo=1, routed)           2.105    10.055    led_test_addr_OBUF
    G8                   OBUF (Prop_obuf_I_O)         3.271    13.326 r  led_test_addr_OBUF_inst/O
                         net (fo=0)                   0.000    13.326    led_test_addr
    G8                                                                r  led_test_addr (OUT)
  -------------------------------------------------------------------    -------------------

Slack:                    inf
  Source:                 input_sel[0]
                            (input port)
  Destination:            led_wdata
                            (output port)
  Path Group:             (none)
  Path Type:              Max at Slow Process Corner
  Data Path Delay:        13.278ns  (logic 4.842ns (36.470%)  route 8.435ns (63.530%))
  Logic Levels:           3  (IBUF=1 LUT2=1 OBUF=1)

    Location             Delay type                Incr(ns)  Path(ns)    Netlist Resource(s)
  -------------------------------------------------------------------    -------------------
    AD24                                              0.000     0.000 r  input_sel[0] (IN)
                         net (fo=0)                   0.000     0.000    input_sel[0]
    AD24                 IBUF (Prop_ibuf_I_O)         1.461     1.461 r  input_sel_IBUF[0]_inst/O
                         net (fo=6, routed)           6.384     7.845    input_sel_IBUF[0]
    SLICE_X163Y168       LUT2 (Prop_lut2_I0_O)        0.105     7.950 r  led_wdata_OBUF_inst_i_1/O
                         net (fo=1, routed)           2.051    10.001    led_wdata_OBUF
    F7                   OBUF (Prop_obuf_I_O)         3.277    13.278 r  led_wdata_OBUF_inst/O
                         net (fo=0)                   0.000    13.278    led_wdata
    F7                                                                r  led_wdata (OUT)
  -------------------------------------------------------------------    -------------------

Slack:                    inf
  Source:                 input_sel[0]
                            (input port)
  Destination:            led_addr
                            (output port)
  Path Group:             (none)
  Path Type:              Max at Slow Process Corner
  Data Path Delay:        12.860ns  (logic 5.090ns (39.581%)  route 7.770ns (60.419%))
  Logic Levels:           3  (IBUF=1 LUT2=1 OBUF=1)

    Location             Delay type                Incr(ns)  Path(ns)    Netlist Resource(s)
  -------------------------------------------------------------------    -------------------
    AD24                                              0.000     0.000 f  input_sel[0] (IN)
                         net (fo=0)                   0.000     0.000    input_sel[0]
    AD24                 IBUF (Prop_ibuf_I_O)         1.461     1.461 f  input_sel_IBUF[0]_inst/O
                         net (fo=6, routed)           6.384     7.845    input_sel_IBUF[0]
    SLICE_X163Y168       LUT2 (Prop_lut2_I1_O)        0.119     7.964 r  led_addr_OBUF_inst_i_1/O
                         net (fo=1, routed)           1.386     9.350    led_addr_OBUF
    A4                   OBUF (Prop_obuf_I_O)         3.510    12.860 r  led_addr_OBUF_inst/O
                         net (fo=0)                   0.000    12.860    led_addr
    A4                                                                r  led_addr (OUT)
  -------------------------------------------------------------------    -------------------

Slack:                    inf
  Source:                 wen[3]
                            (input port)
  Destination:            led_wen[3]
                            (output port)
  Path Group:             (none)
  Path Type:              Max at Slow Process Corner
  Data Path Delay:        11.959ns  (logic 4.728ns (39.533%)  route 7.231ns (60.467%))
  Logic Levels:           2  (IBUF=1 OBUF=1)

    Location             Delay type                Incr(ns)  Path(ns)    Netlist Resource(s)
  -------------------------------------------------------------------    -------------------
    AC22                                              0.000     0.000 r  wen[3] (IN)
                         net (fo=0)                   0.000     0.000    wen[3]
    AC22                 IBUF (Prop_ibuf_I_O)         1.457     1.457 r  wen_IBUF[3]_inst/O
                         net (fo=2, routed)           7.231     8.688    led_wen_OBUF[3]
    H7                   OBUF (Prop_obuf_I_O)         3.270    11.959 r  led_wen_OBUF[3]_inst/O
                         net (fo=0)                   0.000    11.959    led_wen[3]
    H7                                                                r  led_wen[3] (OUT)
  -------------------------------------------------------------------    -------------------

Slack:                    inf
  Source:                 wen[2]
                            (input port)
  Destination:            led_wen[2]
                            (output port)
  Path Group:             (none)
  Path Type:              Max at Slow Process Corner
  Data Path Delay:        11.922ns  (logic 4.783ns (40.118%)  route 7.139ns (59.882%))
  Logic Levels:           2  (IBUF=1 OBUF=1)

    Location             Delay type                Incr(ns)  Path(ns)    Netlist Resource(s)
  -------------------------------------------------------------------    -------------------
    AC23                                              0.000     0.000 r  wen[2] (IN)
                         net (fo=0)                   0.000     0.000    wen[2]
    AC23                 IBUF (Prop_ibuf_I_O)         1.461     1.461 r  wen_IBUF[2]_inst/O
                         net (fo=2, routed)           7.139     8.601    led_wen_OBUF[2]
    D5                   OBUF (Prop_obuf_I_O)         3.322    11.922 r  led_wen_OBUF[2]_inst/O
                         net (fo=0)                   0.000    11.922    led_wen[2]
    D5                                                                r  led_wen[2] (OUT)
  -------------------------------------------------------------------    -------------------

Slack:                    inf
  Source:                 lcd_module/lcd_data_reg[0]/C
                            (rising edge-triggered cell FDRE)
  Destination:            lcd_data_io[0]
                            (output port)
  Path Group:             (none)
  Path Type:              Max at Slow Process Corner
  Data Path Delay:        10.562ns  (logic 3.666ns (34.714%)  route 6.895ns (65.286%))
  Logic Levels:           2  (FDRE=1 OBUF=1)

    Location             Delay type                Incr(ns)  Path(ns)    Netlist Resource(s)
  -------------------------------------------------------------------    -------------------
    SLICE_X7Y183         FDRE                         0.000     0.000 r  lcd_module/lcd_data_reg[0]/C
    SLICE_X7Y183         FDRE (Prop_fdre_C_Q)         0.379     0.379 r  lcd_module/lcd_data_reg[0]/Q
                         net (fo=1, routed)           6.895     7.274    lcd_module/lcd_data_io_IBUF[0]
    H9                   OBUF (Prop_obuf_I_O)         3.287    10.562 r  lcd_module/lcd_data_io_OBUF[0]_inst/O
                         net (fo=0)                   0.000    10.562    lcd_data_io[0]
    H9                                                                r  lcd_data_io[0] (INOUT)
  -------------------------------------------------------------------    -------------------

Slack:                    inf
  Source:                 lcd_module/lcd_wr_reg/C
                            (rising edge-triggered cell FDRE)
  Destination:            lcd_wr
                            (output port)
  Path Group:             (none)
  Path Type:              Max at Slow Process Corner
  Data Path Delay:        10.222ns  (logic 3.706ns (36.257%)  route 6.516ns (63.743%))
  Logic Levels:           2  (FDRE=1 OBUF=1)

    Location             Delay type                Incr(ns)  Path(ns)    Netlist Resource(s)
  -------------------------------------------------------------------    -------------------
    SLICE_X8Y183         FDRE                         0.000     0.000 r  lcd_module/lcd_wr_reg/C
    SLICE_X8Y183         FDRE (Prop_fdre_C_Q)         0.433     0.433 r  lcd_module/lcd_wr_reg/Q
                         net (fo=1, routed)           6.516     6.949    lcd_module/lcd_wr_OBUF
    L8                   OBUF (Prop_obuf_I_O)         3.273    10.222 r  lcd_module/lcd_wr_OBUF_inst/O
                         net (fo=0)                   0.000    10.222    lcd_wr
    L8                                                                r  lcd_wr (OUT)
  -------------------------------------------------------------------    -------------------

Slack:                    inf
  Source:                 resetn
                            (input port)
  Destination:            lcd_module/draw_begin_reg/R
  Path Group:             (none)
  Path Type:              Max at Slow Process Corner
  Data Path Delay:        8.819ns  (logic 1.541ns (17.473%)  route 7.278ns (82.527%))
  Logic Levels:           2  (IBUF=1 LUT1=1)

    Location             Delay type                Incr(ns)  Path(ns)    Netlist Resource(s)
  -------------------------------------------------------------------    -------------------
    Y3                                                0.000     0.000 f  resetn (IN)
                         net (fo=0)                   0.000     0.000    resetn
    Y3                   IBUF (Prop_ibuf_I_O)         1.436     1.436 f  resetn_IBUF_inst/O
                         net (fo=5, routed)           5.944     7.380    lcd_module/touch_module/resetn_IBUF
    SLICE_X3Y168         LUT1 (Prop_lut1_I0_O)        0.105     7.485 r  lcd_module/touch_module/lcd_rs_i_1/O
                         net (fo=26, routed)          1.333     8.819    lcd_module/touch_module_n_1
    SLICE_X8Y183         FDRE                                         r  lcd_module/draw_begin_reg/R
  -------------------------------------------------------------------    -------------------

Slack:                    inf
  Source:                 resetn
                            (input port)
  Destination:            lcd_module/lcd_wr_reg/R
  Path Group:             (none)
  Path Type:              Max at Slow Process Corner
  Data Path Delay:        8.819ns  (logic 1.541ns (17.473%)  route 7.278ns (82.527%))
  Logic Levels:           2  (IBUF=1 LUT1=1)

    Location             Delay type                Incr(ns)  Path(ns)    Netlist Resource(s)
  -------------------------------------------------------------------    -------------------
    Y3                                                0.000     0.000 f  resetn (IN)
                         net (fo=0)                   0.000     0.000    resetn
    Y3                   IBUF (Prop_ibuf_I_O)         1.436     1.436 f  resetn_IBUF_inst/O
                         net (fo=5, routed)           5.944     7.380    lcd_module/touch_module/resetn_IBUF
    SLICE_X3Y168         LUT1 (Prop_lut1_I0_O)        0.105     7.485 r  lcd_module/touch_module/lcd_rs_i_1/O
                         net (fo=26, routed)          1.333     8.819    lcd_module/touch_module_n_1
    SLICE_X8Y183         FDRE                                         r  lcd_module/lcd_wr_reg/R
  -------------------------------------------------------------------    -------------------

Slack:                    inf
  Source:                 resetn
                            (input port)
  Destination:            lcd_module/lcd_data_reg[10]/R
  Path Group:             (none)
  Path Type:              Max at Slow Process Corner
  Data Path Delay:        8.734ns  (logic 1.541ns (17.641%)  route 7.194ns (82.359%))
  Logic Levels:           2  (IBUF=1 LUT1=1)

    Location             Delay type                Incr(ns)  Path(ns)    Netlist Resource(s)
  -------------------------------------------------------------------    -------------------
    Y3                                                0.000     0.000 f  resetn (IN)
                         net (fo=0)                   0.000     0.000    resetn
    Y3                   IBUF (Prop_ibuf_I_O)         1.436     1.436 f  resetn_IBUF_inst/O
                         net (fo=5, routed)           5.944     7.380    lcd_module/touch_module/resetn_IBUF
    SLICE_X3Y168         LUT1 (Prop_lut1_I0_O)        0.105     7.485 r  lcd_module/touch_module/lcd_rs_i_1/O
                         net (fo=26, routed)          1.249     8.734    lcd_module/touch_module_n_1
    SLICE_X4Y185         FDRE                                         r  lcd_module/lcd_data_reg[10]/R
  -------------------------------------------------------------------    -------------------





Min Delay Paths
--------------------------------------------------------------------------------------
Slack:                    inf
  Source:                 wdata_reg[23]/C
                            (rising edge-triggered cell FDRE)
  Destination:            <hidden>
  Path Group:             (none)
  Path Type:              Min at Fast Process Corner
  Data Path Delay:        0.247ns  (logic 0.128ns (51.883%)  route 0.119ns (48.117%))
  Logic Levels:           1  (FDRE=1)

    Location             Delay type                Incr(ns)  Path(ns)    Netlist Resource(s)
  -------------------------------------------------------------------    -------------------
    SLICE_X9Y174         FDRE                         0.000     0.000 r  wdata_reg[23]/C
    SLICE_X9Y174         FDRE (Prop_fdre_C_Q)         0.128     0.128 r  wdata_reg[23]/Q
                         net (fo=2, routed)           0.119     0.247    <hidden>
    RAMB36_X0Y34         RAMB36E1                                     r  <hidden>
  -------------------------------------------------------------------    -------------------

Slack:                    inf
  Source:                 wdata_reg[13]/C
                            (rising edge-triggered cell FDRE)
  Destination:            <hidden>
  Path Group:             (none)
  Path Type:              Min at Fast Process Corner
  Data Path Delay:        0.256ns  (logic 0.141ns (55.124%)  route 0.115ns (44.876%))
  Logic Levels:           1  (FDRE=1)

    Location             Delay type                Incr(ns)  Path(ns)    Netlist Resource(s)
  -------------------------------------------------------------------    -------------------
    SLICE_X9Y174         FDRE                         0.000     0.000 r  wdata_reg[13]/C
    SLICE_X9Y174         FDRE (Prop_fdre_C_Q)         0.141     0.141 r  wdata_reg[13]/Q
                         net (fo=2, routed)           0.115     0.256    <hidden>
    RAMB36_X0Y34         RAMB36E1                                     r  <hidden>
  -------------------------------------------------------------------    -------------------

Slack:                    inf
  Source:                 wdata_reg[11]/C
                            (rising edge-triggered cell FDRE)
  Destination:            <hidden>
  Path Group:             (none)
  Path Type:              Min at Fast Process Corner
  Data Path Delay:        0.257ns  (logic 0.141ns (54.880%)  route 0.116ns (45.120%))
  Logic Levels:           1  (FDRE=1)

    Location             Delay type                Incr(ns)  Path(ns)    Netlist Resource(s)
  -------------------------------------------------------------------    -------------------
    SLICE_X9Y174         FDRE                         0.000     0.000 r  wdata_reg[11]/C
    SLICE_X9Y174         FDRE (Prop_fdre_C_Q)         0.141     0.141 r  wdata_reg[11]/Q
                         net (fo=2, routed)           0.116     0.257    <hidden>
    RAMB36_X0Y34         RAMB36E1                                     r  <hidden>
  -------------------------------------------------------------------    -------------------

Slack:                    inf
  Source:                 wdata_reg[15]/C
                            (rising edge-triggered cell FDRE)
  Destination:            <hidden>
  Path Group:             (none)
  Path Type:              Min at Fast Process Corner
  Data Path Delay:        0.257ns  (logic 0.141ns (54.880%)  route 0.116ns (45.120%))
  Logic Levels:           1  (FDRE=1)

    Location             Delay type                Incr(ns)  Path(ns)    Netlist Resource(s)
  -------------------------------------------------------------------    -------------------
    SLICE_X9Y174         FDRE                         0.000     0.000 r  wdata_reg[15]/C
    SLICE_X9Y174         FDRE (Prop_fdre_C_Q)         0.141     0.141 r  wdata_reg[15]/Q
                         net (fo=2, routed)           0.116     0.257    <hidden>
    RAMB36_X0Y34         RAMB36E1                                     r  <hidden>
  -------------------------------------------------------------------    -------------------

Slack:                    inf
  Source:                 lcd_module/touch_module/input_value_reg[27]/C
                            (rising edge-triggered cell FDRE)
  Destination:            test_addr_reg[27]/D
  Path Group:             (none)
  Path Type:              Min at Fast Process Corner
  Data Path Delay:        0.262ns  (logic 0.128ns (48.941%)  route 0.134ns (51.059%))
  Logic Levels:           1  (FDRE=1)

    Location             Delay type                Incr(ns)  Path(ns)    Netlist Resource(s)
  -------------------------------------------------------------------    -------------------
    SLICE_X9Y176         FDRE                         0.000     0.000 r  lcd_module/touch_module/input_value_reg[27]/C
    SLICE_X9Y176         FDRE (Prop_fdre_C_Q)         0.128     0.128 r  lcd_module/touch_module/input_value_reg[27]/Q
                         net (fo=5, routed)           0.134     0.262    input_value[27]
    SLICE_X9Y175         FDRE                                         r  test_addr_reg[27]/D
  -------------------------------------------------------------------    -------------------

Slack:                    inf
  Source:                 lcd_module/touch_module/input_value_reg[26]/C
                            (rising edge-triggered cell FDRE)
  Destination:            test_addr_reg[26]/D
  Path Group:             (none)
  Path Type:              Min at Fast Process Corner
  Data Path Delay:        0.262ns  (logic 0.128ns (48.836%)  route 0.134ns (51.164%))
  Logic Levels:           1  (FDRE=1)

    Location             Delay type                Incr(ns)  Path(ns)    Netlist Resource(s)
  -------------------------------------------------------------------    -------------------
    SLICE_X11Y168        FDRE                         0.000     0.000 r  lcd_module/touch_module/input_value_reg[26]/C
    SLICE_X11Y168        FDRE (Prop_fdre_C_Q)         0.128     0.128 r  lcd_module/touch_module/input_value_reg[26]/Q
                         net (fo=5, routed)           0.134     0.262    input_value[26]
    SLICE_X11Y169        FDRE                                         r  test_addr_reg[26]/D
  -------------------------------------------------------------------    -------------------

Slack:                    inf
  Source:                 lcd_module/touch_module/input_value_reg[24]/C
                            (rising edge-triggered cell FDRE)
  Destination:            addr_reg[24]/D
  Path Group:             (none)
  Path Type:              Min at Fast Process Corner
  Data Path Delay:        0.265ns  (logic 0.128ns (48.309%)  route 0.137ns (51.691%))
  Logic Levels:           1  (FDRE=1)

    Location             Delay type                Incr(ns)  Path(ns)    Netlist Resource(s)
  -------------------------------------------------------------------    -------------------
    SLICE_X11Y168        FDRE                         0.000     0.000 r  lcd_module/touch_module/input_value_reg[24]/C
    SLICE_X11Y168        FDRE (Prop_fdre_C_Q)         0.128     0.128 r  lcd_module/touch_module/input_value_reg[24]/Q
                         net (fo=5, routed)           0.137     0.265    input_value[24]
    SLICE_X9Y168         FDRE                                         r  addr_reg[24]/D
  -------------------------------------------------------------------    -------------------

Slack:                    inf
  Source:                 lcd_module/touch_module/input_value_reg[24]/C
                            (rising edge-triggered cell FDRE)
  Destination:            test_addr_reg[24]/D
  Path Group:             (none)
  Path Type:              Min at Fast Process Corner
  Data Path Delay:        0.276ns  (logic 0.128ns (46.434%)  route 0.148ns (53.566%))
  Logic Levels:           1  (FDRE=1)

    Location             Delay type                Incr(ns)  Path(ns)    Netlist Resource(s)
  -------------------------------------------------------------------    -------------------
    SLICE_X11Y168        FDRE                         0.000     0.000 r  lcd_module/touch_module/input_value_reg[24]/C
    SLICE_X11Y168        FDRE (Prop_fdre_C_Q)         0.128     0.128 r  lcd_module/touch_module/input_value_reg[24]/Q
                         net (fo=5, routed)           0.148     0.276    input_value[24]
    SLICE_X11Y169        FDRE                                         r  test_addr_reg[24]/D
  -------------------------------------------------------------------    -------------------

Slack:                    inf
  Source:                 wdata_reg[1]/C
                            (rising edge-triggered cell FDRE)
  Destination:            display_value_reg[1]/D
  Path Group:             (none)
  Path Type:              Min at Fast Process Corner
  Data Path Delay:        0.286ns  (logic 0.186ns (65.009%)  route 0.100ns (34.991%))
  Logic Levels:           2  (FDRE=1 LUT6=1)

    Location             Delay type                Incr(ns)  Path(ns)    Netlist Resource(s)
  -------------------------------------------------------------------    -------------------
    SLICE_X9Y173         FDRE                         0.000     0.000 r  wdata_reg[1]/C
    SLICE_X9Y173         FDRE (Prop_fdre_C_Q)         0.141     0.141 r  wdata_reg[1]/Q
                         net (fo=2, routed)           0.100     0.241    wdata[1]
    SLICE_X8Y173         LUT6 (Prop_lut6_I3_O)        0.045     0.286 r  display_value[1]_i_1/O
                         net (fo=1, routed)           0.000     0.286    display_value[1]_i_1_n_0
    SLICE_X8Y173         FDRE                                         r  display_value_reg[1]/D
  -------------------------------------------------------------------    -------------------

Slack:                    inf
  Source:                 lcd_module/touch_module/input_value_reg[15]/C
                            (rising edge-triggered cell FDRE)
  Destination:            test_addr_reg[15]/D
  Path Group:             (none)
  Path Type:              Min at Fast Process Corner
  Data Path Delay:        0.287ns  (logic 0.141ns (49.208%)  route 0.146ns (50.792%))
  Logic Levels:           1  (FDRE=1)

    Location             Delay type                Incr(ns)  Path(ns)    Netlist Resource(s)
  -------------------------------------------------------------------    -------------------
    SLICE_X9Y176         FDRE                         0.000     0.000 r  lcd_module/touch_module/input_value_reg[15]/C
    SLICE_X9Y176         FDRE (Prop_fdre_C_Q)         0.141     0.141 r  lcd_module/touch_module/input_value_reg[15]/Q
                         net (fo=5, routed)           0.146     0.287    input_value[15]
    SLICE_X9Y175         FDRE                                         r  test_addr_reg[15]/D
  -------------------------------------------------------------------    -------------------





