#-----------------------------------------------------------
# xsim v2025.1 (64-bit)
# SW Build 6140274 on Thu May 22 00:12:29 MDT 2025
# IP Build 6138677 on Thu May 22 03:10:11 MDT 2025
# SharedData Build 6139179 on Tue May 20 17:58:58 MDT 2025
# Start of session at: Sun Apr 26 18:11:27 2026
# Process ID         : 38360
# Current directory  : D:/1012/project1/build/xsim
# Command line       : xsim.exe -mode tcl -source {xsim.dir/tb_mul8/xsim_script.tcl}
# Log file           : D:/1012/project1/build/xsim/xsim.log
# Journal file       : D:/1012/project1/build/xsim\xsim.jou
# Running On         : DESKTOP-JH0OJSQ
# Platform           : Windows Server 2016 or Windows 10
# Operating System   : 26200
# Processor Detail   : AMD Ryzen 7 4800HS with Radeon Graphics         
# CPU Frequency      : 2895 MHz
# CPU Physical cores : 8
# CPU Logical cores  : 16
# Host memory        : 16556 MB
# Swap memory        : 17161 MB
# Total Virtual      : 33717 MB
# Available Virtual  : 5333 MB
#-----------------------------------------------------------
source xsim.dir/tb_mul8/xsim_script.tcl
# xsim {tb_mul8} -wdb {D:/1012/project1/build/xsim/waves/tb_mul8.wdb} -autoloadwcfg -tclbatch {D:/1012/project1/scripts/xsim_capture_waves.tcl}
Time resolution is 1 ps
source D:/1012/project1/scripts/xsim_capture_waves.tcl
## log_wave -recursive *
## if {[info exists ::env(XSIM_VCD)] && $::env(XSIM_VCD) ne ""} {
##     open_vcd $::env(XSIM_VCD)
##     log_vcd [get_objects -r /*]
## }
## run all
tb_mul8 PASS
$finish called at time : 65536 ns : File "D:/1012/project1/sim/tb_mul8.v" Line 34
## if {[info exists ::env(XSIM_VCD)] && $::env(XSIM_VCD) ne ""} {
##     close_vcd
## }
## quit
INFO: [Common 17-206] Exiting xsim at Sun Apr 26 18:11:30 2026...
