#-----------------------------------------------------------
# Vivado v2025.1 (64-bit)
# SW Build 6140274 on Thu May 22 00:12:29 MDT 2025
# IP Build 6138677 on Thu May 22 03:10:11 MDT 2025
# SharedData Build 6139179 on Tue May 20 17:58:58 MDT 2025
# Start of session at: Sun Jun  7 15:53:25 2026
# Process ID         : 1932
# Current directory  : D:/1012/final_project/lab7/lab7.runs/impl_1
# Command line       : vivado.exe -log multi_cycle_cpu_display.vdi -applog -product Vivado -messageDb vivado.pb -mode batch -source multi_cycle_cpu_display.tcl -notrace
# Log file           : D:/1012/final_project/lab7/lab7.runs/impl_1/multi_cycle_cpu_display.vdi
# Journal file       : D:/1012/final_project/lab7/lab7.runs/impl_1\vivado.jou
# Running On         : DESKTOP-JH0OJSQ
# Platform           : Windows Server 2016 or Windows 10
# Operating System   : 26200
# Processor Detail   : AMD Ryzen 7 4800HS with Radeon Graphics         
# CPU Frequency      : 2895 MHz
# CPU Physical cores : 8
# CPU Logical cores  : 16
# Host memory        : 16556 MB
# Swap memory        : 15198 MB
# Total Virtual      : 31754 MB
# Available Virtual  : 15047 MB
#-----------------------------------------------------------
source multi_cycle_cpu_display.tcl -notrace
