INFO: [VRFC 10-2263] Analyzing Verilog file "D:/1012/final_project/legacy/multicycle/multicycle.gen/sources_1/ip/data_ram/sim/data_ram.v" into library xil_defaultlib
INFO: [VRFC 10-311] analyzing module data_ram
INFO: [VRFC 10-2263] Analyzing Verilog file "D:/1012/final_project/legacy/multicycle/multicycle.gen/sources_1/ip/inst_rom/sim/inst_rom.v" into library xil_defaultlib
INFO: [VRFC 10-311] analyzing module inst_rom
INFO: [VRFC 10-2263] Analyzing Verilog file "D:/1012/final_project/legacy/multicycle/multicycle.srcs/sources_1/imports/7_multi_cycle_cpu/adder.v" into library xil_defaultlib
INFO: [VRFC 10-311] analyzing module adder
INFO: [VRFC 10-2263] Analyzing Verilog file "D:/1012/final_project/legacy/multicycle/multicycle.srcs/sources_1/imports/7_multi_cycle_cpu/alu.v" into library xil_defaultlib
INFO: [VRFC 10-311] analyzing module alu
INFO: [VRFC 10-2263] Analyzing Verilog file "D:/1012/final_project/legacy/multicycle/multicycle.srcs/sources_1/imports/7_multi_cycle_cpu/decode.v" into library xil_defaultlib
INFO: [VRFC 10-311] analyzing module decode
INFO: [VRFC 10-2263] Analyzing Verilog file "D:/1012/final_project/legacy/multicycle/multicycle.srcs/sources_1/imports/7_multi_cycle_cpu/exe.v" into library xil_defaultlib
INFO: [VRFC 10-311] analyzing module exe
INFO: [VRFC 10-2263] Analyzing Verilog file "D:/1012/final_project/legacy/multicycle/multicycle.srcs/sources_1/imports/7_multi_cycle_cpu/fetch.v" into library xil_defaultlib
INFO: [VRFC 10-311] analyzing module fetch
INFO: [VRFC 10-2263] Analyzing Verilog file "D:/1012/final_project/legacy/multicycle/multicycle.srcs/sources_1/imports/7_multi_cycle_cpu/mem.v" into library xil_defaultlib
INFO: [VRFC 10-311] analyzing module mem
INFO: [VRFC 10-2263] Analyzing Verilog file "D:/1012/final_project/legacy/multicycle/multicycle.srcs/sources_1/imports/7_multi_cycle_cpu/multi_cycle_cpu.v" into library xil_defaultlib
INFO: [VRFC 10-311] analyzing module multi_cycle_cpu
INFO: [VRFC 10-2263] Analyzing Verilog file "D:/1012/final_project/legacy/multicycle/multicycle.srcs/sources_1/imports/7_multi_cycle_cpu/regfile.v" into library xil_defaultlib
INFO: [VRFC 10-311] analyzing module regfile
INFO: [VRFC 10-2263] Analyzing Verilog file "D:/1012/final_project/legacy/multicycle/multicycle.srcs/sources_1/imports/7_multi_cycle_cpu/wb.v" into library xil_defaultlib
INFO: [VRFC 10-311] analyzing module wb
INFO: [VRFC 10-2263] Analyzing Verilog file "D:/1012/final_project/legacy/multicycle/multicycle.srcs/sim_1/imports/7_multi_cycle_cpu/tb.v" into library xil_defaultlib
INFO: [VRFC 10-311] analyzing module tb
INFO: [VRFC 10-2263] Analyzing Verilog file "D:/1012/final_project/legacy/multicycle/multicycle.sim/sim_1/behav/xsim/glbl.v" into library xil_defaultlib
INFO: [VRFC 10-311] analyzing module glbl
