
*** Running vivado
    with args -log single_cycle_cpu_display.vds -m64 -product Vivado -mode batch -messageDb vivado.pb -notrace -source single_cycle_cpu_display.tcl



****** Vivado v2025.1 (64-bit)
  **** SW Build 6140274 on Thu May 22 00:12:29 MDT 2025
  **** IP Build 6138677 on Thu May 22 03:10:11 MDT 2025
  **** SharedData Build 6139179 on Tue May 20 17:58:58 MDT 2025
  **** Start of session at: Tue May 26 12:51:09 2026
    ** Copyright 1986-2022 Xilinx, Inc. All Rights Reserved.
    ** Copyright 2022-2025 Advanced Micro Devices, Inc. All Rights Reserved.

source single_cycle_cpu_display.tcl -notrace
create_project: Time (s): cpu = 00:00:07 ; elapsed = 00:00:05 . Memory (MB): peak = 497.363 ; gain = 210.238
Command: read_checkpoint -auto_incremental -incremental D:/1012/lab6/lab6.srcs/utils_1/imports/synth_1/single_cycle_cpu_display.dcp
INFO: [Vivado 12-5825] Read reference checkpoint from D:/1012/lab6/lab6.srcs/utils_1/imports/synth_1/single_cycle_cpu_display.dcp for incremental synthesis
INFO: [Vivado 12-7989] Please ensure there are no constraint changes
Command: synth_design -top single_cycle_cpu_display -part xc7a200tfbg676-2
Starting synth_design
Attempting to get a license for feature 'Synthesis' and/or device 'xc7a200t'
INFO: [Common 17-349] Got license for feature 'Synthesis' and/or device 'xc7a200t'
INFO: [Device 21-403] Loading part xc7a200tfbg676-2
INFO: [Designutils 20-5440] No compile time benefit to using incremental synthesis; A full resynthesis will be run
INFO: [Designutils 20-4379] Flow is switching to default flow due to incremental criteria not met. If you would like to alter this behaviour and have the flow terminate instead, please set the following parameter config_implementation {autoIncr.Synth.RejectBehavior Terminate}
INFO: [Synth 8-7079] Multithreading enabled for synth_design using a maximum of 2 processes.
INFO: [Synth 8-7078] Launching helper process for spawning children vivado processes
INFO: [Synth 8-7075] Helper process launched with PID 16016
---------------------------------------------------------------------------------
Starting RTL Elaboration : Time (s): cpu = 00:00:05 ; elapsed = 00:00:07 . Memory (MB): peak = 1233.691 ; gain = 496.324
---------------------------------------------------------------------------------
INFO: [Synth 8-6157] synthesizing module 'single_cycle_cpu_display' [D:/1012/lab6/lab6.srcs/sources_1/imports/lab6/single_cycle_cpu_display.v:8]
INFO: [Synth 8-6157] synthesizing module 'BUFGCE' [C:/Xilinx/2025.1/Vivado/scripts/rt/data/unisim_comp.v:2688]
INFO: [Synth 8-6155] done synthesizing module 'BUFGCE' (0#1) [C:/Xilinx/2025.1/Vivado/scripts/rt/data/unisim_comp.v:2688]
INFO: [Synth 8-6157] synthesizing module 'single_cycle_cpu' [D:/1012/lab6/lab6.srcs/sources_1/imports/lab6/single_cycle_cpu.v:3]
INFO: [Synth 8-6157] synthesizing module 'inst_rom' [D:/1012/lab6/lab6.srcs/sources_1/imports/lab6/inst_rom.v:2]
INFO: [Synth 8-6155] done synthesizing module 'inst_rom' (0#1) [D:/1012/lab6/lab6.srcs/sources_1/imports/lab6/inst_rom.v:2]
INFO: [Synth 8-6157] synthesizing module 'regfile' [D:/1012/lab6/lab6.srcs/sources_1/imports/lab6/regfile.v:8]
INFO: [Synth 8-6155] done synthesizing module 'regfile' (0#1) [D:/1012/lab6/lab6.srcs/sources_1/imports/lab6/regfile.v:8]
INFO: [Synth 8-6157] synthesizing module 'alu' [D:/1012/lab6/lab6.srcs/sources_1/imports/lab6/alu.v:8]
INFO: [Synth 8-6157] synthesizing module 'adder' [D:/1012/lab6/lab6.srcs/sources_1/imports/lab6/adder.v:8]
INFO: [Synth 8-6155] done synthesizing module 'adder' (0#1) [D:/1012/lab6/lab6.srcs/sources_1/imports/lab6/adder.v:8]
INFO: [Synth 8-6155] done synthesizing module 'alu' (0#1) [D:/1012/lab6/lab6.srcs/sources_1/imports/lab6/alu.v:8]
INFO: [Synth 8-6157] synthesizing module 'data_ram' [D:/1012/lab6/lab6.srcs/sources_1/imports/lab6/data_ram.v:9]
INFO: [Synth 8-6155] done synthesizing module 'data_ram' (0#1) [D:/1012/lab6/lab6.srcs/sources_1/imports/lab6/data_ram.v:9]
INFO: [Synth 8-6155] done synthesizing module 'single_cycle_cpu' (0#1) [D:/1012/lab6/lab6.srcs/sources_1/imports/lab6/single_cycle_cpu.v:3]
INFO: [Synth 8-6157] synthesizing module 'lcd_module' [D:/1012/lab6/lab6.runs/synth_1/.Xil/Vivado-8784-DESKTOP-JH0OJSQ/realtime/lcd_module_stub.v:6]
INFO: [Synth 8-6155] done synthesizing module 'lcd_module' (0#1) [D:/1012/lab6/lab6.runs/synth_1/.Xil/Vivado-8784-DESKTOP-JH0OJSQ/realtime/lcd_module_stub.v:6]
INFO: [Synth 8-6155] done synthesizing module 'single_cycle_cpu_display' (0#1) [D:/1012/lab6/lab6.srcs/sources_1/imports/lab6/single_cycle_cpu_display.v:8]
WARNING: [Synth 8-6014] Unused sequential element rf_reg[0] was removed.  [D:/1012/lab6/lab6.srcs/sources_1/imports/lab6/regfile.v:31]
WARNING: [Synth 8-7129] Port mem_addr[31] in module single_cycle_cpu is either unconnected or has no load
WARNING: [Synth 8-7129] Port mem_addr[30] in module single_cycle_cpu is either unconnected or has no load
WARNING: [Synth 8-7129] Port mem_addr[29] in module single_cycle_cpu is either unconnected or has no load
WARNING: [Synth 8-7129] Port mem_addr[28] in module single_cycle_cpu is either unconnected or has no load
WARNING: [Synth 8-7129] Port mem_addr[27] in module single_cycle_cpu is either unconnected or has no load
WARNING: [Synth 8-7129] Port mem_addr[26] in module single_cycle_cpu is either unconnected or has no load
WARNING: [Synth 8-7129] Port mem_addr[25] in module single_cycle_cpu is either unconnected or has no load
WARNING: [Synth 8-7129] Port mem_addr[24] in module single_cycle_cpu is either unconnected or has no load
WARNING: [Synth 8-7129] Port mem_addr[23] in module single_cycle_cpu is either unconnected or has no load
WARNING: [Synth 8-7129] Port mem_addr[22] in module single_cycle_cpu is either unconnected or has no load
WARNING: [Synth 8-7129] Port mem_addr[21] in module single_cycle_cpu is either unconnected or has no load
WARNING: [Synth 8-7129] Port mem_addr[20] in module single_cycle_cpu is either unconnected or has no load
WARNING: [Synth 8-7129] Port mem_addr[19] in module single_cycle_cpu is either unconnected or has no load
WARNING: [Synth 8-7129] Port mem_addr[18] in module single_cycle_cpu is either unconnected or has no load
WARNING: [Synth 8-7129] Port mem_addr[17] in module single_cycle_cpu is either unconnected or has no load
WARNING: [Synth 8-7129] Port mem_addr[16] in module single_cycle_cpu is either unconnected or has no load
WARNING: [Synth 8-7129] Port mem_addr[15] in module single_cycle_cpu is either unconnected or has no load
WARNING: [Synth 8-7129] Port mem_addr[14] in module single_cycle_cpu is either unconnected or has no load
WARNING: [Synth 8-7129] Port mem_addr[13] in module single_cycle_cpu is either unconnected or has no load
WARNING: [Synth 8-7129] Port mem_addr[12] in module single_cycle_cpu is either unconnected or has no load
WARNING: [Synth 8-7129] Port mem_addr[11] in module single_cycle_cpu is either unconnected or has no load
WARNING: [Synth 8-7129] Port mem_addr[10] in module single_cycle_cpu is either unconnected or has no load
WARNING: [Synth 8-7129] Port mem_addr[9] in module single_cycle_cpu is either unconnected or has no load
WARNING: [Synth 8-7129] Port mem_addr[8] in module single_cycle_cpu is either unconnected or has no load
WARNING: [Synth 8-7129] Port mem_addr[7] in module single_cycle_cpu is either unconnected or has no load
WARNING: [Synth 8-7129] Port mem_addr[1] in module single_cycle_cpu is either unconnected or has no load
WARNING: [Synth 8-7129] Port mem_addr[0] in module single_cycle_cpu is either unconnected or has no load
---------------------------------------------------------------------------------
Finished RTL Elaboration : Time (s): cpu = 00:00:07 ; elapsed = 00:00:09 . Memory (MB): peak = 1364.812 ; gain = 627.445
---------------------------------------------------------------------------------
---------------------------------------------------------------------------------
Start Handling Custom Attributes
---------------------------------------------------------------------------------
---------------------------------------------------------------------------------
Finished Handling Custom Attributes : Time (s): cpu = 00:00:07 ; elapsed = 00:00:09 . Memory (MB): peak = 1364.812 ; gain = 627.445
---------------------------------------------------------------------------------
---------------------------------------------------------------------------------
Finished RTL Optimization Phase 1 : Time (s): cpu = 00:00:07 ; elapsed = 00:00:09 . Memory (MB): peak = 1364.812 ; gain = 627.445
---------------------------------------------------------------------------------
Netlist sorting complete. Time (s): cpu = 00:00:00 ; elapsed = 00:00:00.030 . Memory (MB): peak = 1364.812 ; gain = 0.000
WARNING: [Netlist 29-345] The value of SIM_DEVICE on instance 'cpu_clk_cg' of type 'BUFGCE' is 'ULTRASCALE'; it is being changed to match the current FPGA architecture, '7SERIES'. For functional simulation to match hardware behavior, the value of SIM_DEVICE should be changed in the source netlist. 
INFO: [Netlist 29-17] Analyzing 1 Unisim elements for replacement
INFO: [Netlist 29-28] Unisim Transformation completed in 0 CPU seconds
INFO: [Project 1-570] Preparing netlist for logic optimization

Processing XDC Constraints
Initializing timing engine
Parsing XDC File [D:/1012/lab6/lab6.srcs/constrs_1/imports/lab6/single_cycle_cpu.xdc]
CRITICAL WARNING: [Common 17-1548] Command failed: invalid command name "SET_PROPERTY"
 [D:/1012/lab6/lab6.srcs/constrs_1/imports/lab6/single_cycle_cpu.xdc:12]
Finished Parsing XDC File [D:/1012/lab6/lab6.srcs/constrs_1/imports/lab6/single_cycle_cpu.xdc]
INFO: [Project 1-236] Implementation specific constraints were found while reading constraint file [D:/1012/lab6/lab6.srcs/constrs_1/imports/lab6/single_cycle_cpu.xdc]. These constraints will be ignored for synthesis but will be used in implementation. Impacted constraints are listed in the file [.Xil/single_cycle_cpu_display_propImpl.xdc].
Resolution: To avoid this warning, move constraints listed in [.Xil/single_cycle_cpu_display_propImpl.xdc] to another XDC file and exclude this new file from synthesis with the used_in_synthesis property (File Properties dialog in GUI) and re-run elaboration/synthesis.
Completed Processing XDC Constraints

Netlist sorting complete. Time (s): cpu = 00:00:00 ; elapsed = 00:00:00.001 . Memory (MB): peak = 1425.434 ; gain = 0.000
INFO: [Project 1-111] Unisim Transformation Summary:
  A total of 1 instances were transformed.
  BUFGCE => BUFGCTRL: 1 instance 

Constraint Validation Runtime : Time (s): cpu = 00:00:00 ; elapsed = 00:00:00.013 . Memory (MB): peak = 1425.434 ; gain = 0.000
INFO: [Designutils 20-5440] No compile time benefit to using incremental synthesis; A full resynthesis will be run
INFO: [Designutils 20-4379] Flow is switching to default flow due to incremental criteria not met. If you would like to alter this behaviour and have the flow terminate instead, please set the following parameter config_implementation {autoIncr.Synth.RejectBehavior Terminate}
---------------------------------------------------------------------------------
Finished Constraint Validation : Time (s): cpu = 00:00:17 ; elapsed = 00:00:19 . Memory (MB): peak = 1425.434 ; gain = 688.066
---------------------------------------------------------------------------------
---------------------------------------------------------------------------------
Start Loading Part and Timing Information
---------------------------------------------------------------------------------
Loading part: xc7a200tfbg676-2
---------------------------------------------------------------------------------
Finished Loading Part and Timing Information : Time (s): cpu = 00:00:17 ; elapsed = 00:00:19 . Memory (MB): peak = 1425.434 ; gain = 688.066
---------------------------------------------------------------------------------
---------------------------------------------------------------------------------
Start Applying 'set_property' XDC Constraints
---------------------------------------------------------------------------------
---------------------------------------------------------------------------------
Finished applying 'set_property' XDC Constraints : Time (s): cpu = 00:00:17 ; elapsed = 00:00:19 . Memory (MB): peak = 1425.434 ; gain = 688.066
---------------------------------------------------------------------------------
---------------------------------------------------------------------------------
Finished RTL Optimization Phase 2 : Time (s): cpu = 00:00:17 ; elapsed = 00:00:20 . Memory (MB): peak = 1425.434 ; gain = 688.066
---------------------------------------------------------------------------------
---------------------------------------------------------------------------------
Start RTL Component Statistics 
---------------------------------------------------------------------------------
Detailed RTL Component Info : 
+---Adders : 
	   3 Input   33 Bit       Adders := 1     
	   2 Input   30 Bit       Adders := 2     
	   2 Input    5 Bit       Adders := 1     
+---XORs : 
	   2 Input     32 Bit         XORs := 1     
	   2 Input      1 Bit         XORs := 1     
+---Registers : 
	               40 Bit    Registers := 1     
	               32 Bit    Registers := 34    
	                8 Bit    Registers := 128   
	                1 Bit    Registers := 3     
+---Muxes : 
	   2 Input   32 Bit        Muxes := 14    
	   3 Input   32 Bit        Muxes := 1     
	   2 Input    5 Bit        Muxes := 1     
	   2 Input    2 Bit        Muxes := 2     
	   2 Input    1 Bit        Muxes := 65    
	   5 Input    1 Bit        Muxes := 1     
---------------------------------------------------------------------------------
Finished RTL Component Statistics 
---------------------------------------------------------------------------------
---------------------------------------------------------------------------------
Start Part Resource Summary
---------------------------------------------------------------------------------
Part Resources:
DSPs: 740 (col length:100)
BRAMs: 730 (col length: RAMB18 100 RAMB36 50)
---------------------------------------------------------------------------------
Finished Part Resource Summary
---------------------------------------------------------------------------------
---------------------------------------------------------------------------------
Start Cross Boundary and Area Optimization
---------------------------------------------------------------------------------
WARNING: [Synth 8-7080] Parallel synthesis criteria is not met
---------------------------------------------------------------------------------
Finished Cross Boundary and Area Optimization : Time (s): cpu = 00:00:28 ; elapsed = 00:00:31 . Memory (MB): peak = 1474.133 ; gain = 736.766
---------------------------------------------------------------------------------
---------------------------------------------------------------------------------
Start Applying XDC Timing Constraints
---------------------------------------------------------------------------------
---------------------------------------------------------------------------------
Finished Applying XDC Timing Constraints : Time (s): cpu = 00:00:35 ; elapsed = 00:00:38 . Memory (MB): peak = 1567.281 ; gain = 829.914
---------------------------------------------------------------------------------
---------------------------------------------------------------------------------
Start Timing Optimization
---------------------------------------------------------------------------------
---------------------------------------------------------------------------------
Finished Timing Optimization : Time (s): cpu = 00:00:35 ; elapsed = 00:00:39 . Memory (MB): peak = 1572.184 ; gain = 834.816
---------------------------------------------------------------------------------
---------------------------------------------------------------------------------
Start Technology Mapping
---------------------------------------------------------------------------------
---------------------------------------------------------------------------------
Finished Technology Mapping : Time (s): cpu = 00:00:40 ; elapsed = 00:00:44 . Memory (MB): peak = 1647.520 ; gain = 910.152
---------------------------------------------------------------------------------
---------------------------------------------------------------------------------
Start IO Insertion
---------------------------------------------------------------------------------
---------------------------------------------------------------------------------
Start Flattening Before IO Insertion
---------------------------------------------------------------------------------
---------------------------------------------------------------------------------
Finished Flattening Before IO Insertion
---------------------------------------------------------------------------------
---------------------------------------------------------------------------------
Start Final Netlist Cleanup
---------------------------------------------------------------------------------
---------------------------------------------------------------------------------
Finished Final Netlist Cleanup
---------------------------------------------------------------------------------
WARNING: [Synth 8-5410] Found another clock driver cpu_clk_cg:O [D:/1012/lab6/lab6.srcs/sources_1/imports/lab6/single_cycle_cpu_display.v:50]
---------------------------------------------------------------------------------
Finished IO Insertion : Time (s): cpu = 00:00:46 ; elapsed = 00:00:50 . Memory (MB): peak = 1813.141 ; gain = 1075.773
---------------------------------------------------------------------------------
---------------------------------------------------------------------------------
Start Renaming Generated Instances
---------------------------------------------------------------------------------
---------------------------------------------------------------------------------
Finished Renaming Generated Instances : Time (s): cpu = 00:00:46 ; elapsed = 00:00:50 . Memory (MB): peak = 1813.141 ; gain = 1075.773
---------------------------------------------------------------------------------
---------------------------------------------------------------------------------
Start Rebuilding User Hierarchy
---------------------------------------------------------------------------------
---------------------------------------------------------------------------------
Finished Rebuilding User Hierarchy : Time (s): cpu = 00:00:46 ; elapsed = 00:00:50 . Memory (MB): peak = 1813.141 ; gain = 1075.773
---------------------------------------------------------------------------------
---------------------------------------------------------------------------------
Start Renaming Generated Ports
---------------------------------------------------------------------------------
---------------------------------------------------------------------------------
Finished Renaming Generated Ports : Time (s): cpu = 00:00:46 ; elapsed = 00:00:50 . Memory (MB): peak = 1813.141 ; gain = 1075.773
---------------------------------------------------------------------------------
---------------------------------------------------------------------------------
Start Handling Custom Attributes
---------------------------------------------------------------------------------
---------------------------------------------------------------------------------
Finished Handling Custom Attributes : Time (s): cpu = 00:00:46 ; elapsed = 00:00:50 . Memory (MB): peak = 1813.141 ; gain = 1075.773
---------------------------------------------------------------------------------
---------------------------------------------------------------------------------
Start Renaming Generated Nets
---------------------------------------------------------------------------------
---------------------------------------------------------------------------------
Finished Renaming Generated Nets : Time (s): cpu = 00:00:46 ; elapsed = 00:00:50 . Memory (MB): peak = 1813.141 ; gain = 1075.773
---------------------------------------------------------------------------------
---------------------------------------------------------------------------------
Start Writing Synthesis Report
---------------------------------------------------------------------------------

Report BlackBoxes: 
+------+--------------+----------+
|      |BlackBox name |Instances |
+------+--------------+----------+
|1     |lcd_module    |         1|
+------+--------------+----------+

Report Cell Usage: 
+------+-----------+------+
|      |Cell       |Count |
+------+-----------+------+
|1     |lcd_module |     1|
|2     |BUFG       |     1|
|3     |BUFGCE     |     1|
|4     |CARRY4     |    27|
|5     |LUT1       |     1|
|6     |LUT2       |   161|
|7     |LUT3       |    62|
|8     |LUT4       |    67|
|9     |LUT5       |   180|
|10    |LUT6       |  1359|
|11    |MUXF7      |   343|
|12    |MUXF8      |    60|
|13    |FDRE       |  1355|
|14    |FDSE       |     7|
|15    |IBUF       |     3|
|16    |OBUF       |     8|
+------+-----------+------+
---------------------------------------------------------------------------------
Finished Writing Synthesis Report : Time (s): cpu = 00:00:46 ; elapsed = 00:00:50 . Memory (MB): peak = 1813.141 ; gain = 1075.773
---------------------------------------------------------------------------------
Synthesis finished with 0 errors, 0 critical warnings and 2 warnings.
Synthesis Optimization Runtime : Time (s): cpu = 00:00:36 ; elapsed = 00:00:47 . Memory (MB): peak = 1813.141 ; gain = 1015.152
Synthesis Optimization Complete : Time (s): cpu = 00:00:46 ; elapsed = 00:00:50 . Memory (MB): peak = 1813.141 ; gain = 1075.773
INFO: [Project 1-571] Translating synthesized netlist
Netlist sorting complete. Time (s): cpu = 00:00:00 ; elapsed = 00:00:00.023 . Memory (MB): peak = 1813.141 ; gain = 0.000
WARNING: [Netlist 29-345] The value of SIM_DEVICE on instance 'cpu_clk_cg' of type 'BUFGCE' is 'ULTRASCALE'; it is being changed to match the current FPGA architecture, '7SERIES'. For functional simulation to match hardware behavior, the value of SIM_DEVICE should be changed in the source netlist. 
INFO: [Netlist 29-17] Analyzing 431 Unisim elements for replacement
INFO: [Netlist 29-28] Unisim Transformation completed in 0 CPU seconds
INFO: [Project 1-570] Preparing netlist for logic optimization
INFO: [Opt 31-138] Pushed 0 inverter(s) to 0 load pin(s).
Netlist sorting complete. Time (s): cpu = 00:00:00 ; elapsed = 00:00:00.001 . Memory (MB): peak = 1828.590 ; gain = 0.000
INFO: [Project 1-111] Unisim Transformation Summary:
  A total of 1 instances were transformed.
  BUFGCE => BUFGCTRL: 1 instance 

Synth Design complete | Checksum: 3e39511a
INFO: [Common 17-83] Releasing license: Synthesis
41 Infos, 32 Warnings, 1 Critical Warnings and 0 Errors encountered.
synth_design completed successfully
synth_design: Time (s): cpu = 00:00:52 ; elapsed = 00:01:09 . Memory (MB): peak = 1828.590 ; gain = 1325.438
INFO: [runtcl-6] Synthesis results are not added to the cache due to CRITICAL_WARNING
Write ShapeDB Complete: Time (s): cpu = 00:00:00 ; elapsed = 00:00:00.012 . Memory (MB): peak = 1828.590 ; gain = 0.000
INFO: [Common 17-1381] The checkpoint 'D:/1012/lab6/lab6.runs/synth_1/single_cycle_cpu_display.dcp' has been generated.
INFO: [Vivado 12-24828] Executing command : report_utilization -file single_cycle_cpu_display_utilization_synth.rpt -pb single_cycle_cpu_display_utilization_synth.pb
INFO: [Common 17-206] Exiting Vivado at Tue May 26 12:52:28 2026...
