\BOOKMARK [1][-]{section.1}{\376\377\133\236\232\214\166\356\150\007}{}% 1
\BOOKMARK [1][-]{section.2}{\376\377\133\236\232\214\123\237\164\006}{}% 2
\BOOKMARK [2][-]{subsection.2.1}{\376\377\147\201\131\047\143\320\123\107\000\040\000C\000P\000U\000\040\166\204\124\036\124\020\221\317\377\010\000T\000h\000r\000o\000u\000g\000h\000p\000u\000t\377\011}{section.2}% 3
\BOOKMARK [2][-]{subsection.2.2}{\376\377\142\311\232\330\116\073\230\221\377\010\000C\000l\000o\000c\000k\000\040\000F\000r\000e\000q\000u\000e\000n\000c\000y\377\011}{section.2}% 4
\BOOKMARK [2][-]{subsection.2.3}{\376\377\170\154\116\366\215\104\156\220\122\051\165\050\163\207\377\010\000H\000a\000r\000d\000w\000a\000r\000e\000\040\000U\000t\000i\000l\000i\000z\000a\000t\000i\000o\000n\377\011\147\000\131\047\123\026}{section.2}% 5
\BOOKMARK [2][-]{subsection.2.4}{\376\377\120\254\165\037\116\206\121\166\116\326\232\330\140\047\200\375\131\004\164\006\126\150\142\200\147\057}{section.2}% 6
\BOOKMARK [1][-]{section.3}{\376\377\133\236\232\214\217\307\172\013}{}% 7
\BOOKMARK [2][-]{subsection.3.1}{\376\377\000I\000P\150\070\122\033\136\372}{section.3}% 8
\BOOKMARK [2][-]{subsection.3.2}{\376\377\131\032\124\150\147\037\000C\000P\000U\122\006\145\057\143\007\116\344\116\016\150\007\121\306\000M\000I\000P\000S\166\204\135\356\137\002}{section.3}% 9
\BOOKMARK [2][-]{subsection.3.3}{\376\377\131\032\124\150\147\037\000C\000P\000U\124\021\150\007\121\306\000M\000I\000P\000S\122\006\145\057\213\355\116\111\166\204\117\356\153\143}{section.3}% 10
\BOOKMARK [2][-]{subsection.3.4}{\376\377\123\237\131\313\131\032\124\150\147\037\000C\000P\000U\166\204\137\002\136\070}{section.3}% 11
\BOOKMARK [3][-]{subsubsection.3.4.1}{\376\377\137\002\136\070\163\260\214\141}{subsection.3.4}% 12
\BOOKMARK [3][-]{subsubsection.3.4.2}{\376\377\123\237\126\340\156\257\156\220\377\032\124\014\153\145\123\326\143\007\116\016\123\237\131\313\123\326\143\007\220\073\217\221\116\015\123\071\221\115}{subsection.3.4}% 13
\BOOKMARK [3][-]{subsubsection.3.4.3}{\376\377\117\356\131\015\145\271\150\110}{subsection.3.4}% 14
\BOOKMARK [3][-]{subsubsection.3.4.4}{\376\377\117\356\131\015\176\323\147\234}{subsection.3.4}% 15
\BOOKMARK [2][-]{subsection.3.5}{\376\377\123\237\131\313\155\101\154\064\176\277\000C\000P\000U\166\204\137\002\136\070}{section.3}% 16
\BOOKMARK [3][-]{subsubsection.3.5.1}{\376\377\137\002\136\070\163\260\214\141}{subsection.3.5}% 17
\BOOKMARK [3][-]{subsubsection.3.5.2}{\376\377\122\035\153\145\213\357\122\044\377\032\140\000\165\221\000R\000A\000M\172\357\123\343\152\041\137\017\142\026\000I\000P\221\115\177\156\137\002\136\070}{subsection.3.5}% 18
\BOOKMARK [3][-]{subsubsection.3.5.3}{\376\377\133\371\161\147\155\113\213\325\172\013\136\217\124\016\166\204\221\315\145\260\133\232\117\115}{subsection.3.5}% 19
\BOOKMARK [3][-]{subsubsection.3.5.4}{\376\377\123\237\126\340\156\257\156\220}{subsection.3.5}% 20
\BOOKMARK [2][-]{subsection.3.6}{\376\377\116\224\176\247\155\101\154\064\176\277\000C\000P\000U\166\204\145\071\217\333\377\032\145\301\215\357}{section.3}% 21
\BOOKMARK [3][-]{subsubsection.3.6.1}{\376\377\173\054\116\000\226\066\153\265\377\032\000E\000X\000E\176\247\122\115\220\022\000\040\000+\000\040\000I\000D\176\247\143\247\122\066\166\370\121\163\145\301\215\357}{subsection.3.6}% 22
\BOOKMARK [3][-]{subsubsection.3.6.2}{\376\377\173\054\116\214\226\066\153\265\377\032\117\356\131\015\124\014\153\145\000R\000O\000M\116\013\166\204\123\326\143\007\133\371\237\120\225\356\230\230}{subsection.3.6}% 23
\BOOKMARK [3][-]{subsubsection.3.6.3}{\376\377\117\356\131\015\124\016\166\204\210\114\116\072\116\016\145\110\147\234}{subsection.3.6}% 24
\BOOKMARK [1][-]{section.4}{\376\377\121\163\225\056\116\343\170\001}{}% 25
\BOOKMARK [2][-]{subsection.4.1}{\376\377\123\326\143\007\000I\000F}{section.4}% 26
\BOOKMARK [2][-]{subsection.4.2}{\376\377\213\321\170\001\000I\000D}{section.4}% 27
\BOOKMARK [2][-]{subsection.4.3}{\376\377\142\147\210\114\000E\000X}{section.4}% 28
\BOOKMARK [2][-]{subsection.4.4}{\376\377\213\277\133\130\000M\000E\000M}{section.4}% 29
\BOOKMARK [2][-]{subsection.4.5}{\376\377\121\231\126\336\000W\000B}{section.4}% 30
\BOOKMARK [1][-]{section.5}{\376\377\213\241\173\227\116\373\122\241\377\032\145\220\154\342\220\243\131\121\145\160\122\027\162\171\133\232\230\171\166\204\213\241\173\227}{}% 31
\BOOKMARK [2][-]{subsection.5.1}{\376\377\232\214\213\301\176\323\147\234}{section.5}% 32
\BOOKMARK [3][-]{subsubsection.5.1.1}{\376\377\131\032\124\150\147\037\000C\000P\000U\116\012\166\204\145\220\154\342\220\243\131\121\213\241\173\227\172\013\136\217}{subsection.5.1}% 33
\BOOKMARK [3][-]{subsubsection.5.1.2}{\376\377\155\101\154\064\176\277\000C\000P\000U\116\012\147\177\232\214\213\301}{subsection.5.1}% 34
\BOOKMARK [1][-]{section.6}{\376\377\133\236\232\214\145\066\203\267}{}% 35
