\BOOKMARK [1][-]{section.1}{\376\377\133\236\232\214\166\356\150\007}{}% 1
\BOOKMARK [1][-]{section.2}{\376\377\133\236\232\214\163\257\130\203}{}% 2
\BOOKMARK [1][-]{section.3}{\376\377\133\236\232\214\123\237\164\006}{}% 3
\BOOKMARK [2][-]{subsection.3.1}{\376\377\123\167\171\357\217\320\173\227}{section.3}% 4
\BOOKMARK [2][-]{subsection.3.2}{\376\377\000R\000e\000L\000U\000\040\157\300\155\073}{section.3}% 5
\BOOKMARK [2][-]{subsection.3.3}{\376\377\136\163\127\107\154\140\123\026}{section.3}% 6
\BOOKMARK [2][-]{subsection.3.4}{\376\377\133\236\232\214\122\006\176\304}{section.3}% 7
\BOOKMARK [1][-]{section.4}{\376\377\221\314\172\013\170\221\0001\377\032\150\070\137\303\152\041\127\127\213\276\213\241\116\016\122\237\200\375\232\214\213\301}{}% 8
\BOOKMARK [2][-]{subsection.4.1}{\376\377\127\372\170\100\152\041\127\127\213\276\213\241}{section.4}% 9
\BOOKMARK [2][-]{subsection.4.2}{\376\377\152\041\127\127\176\247\116\377\167\037}{section.4}% 10
\BOOKMARK [2][-]{subsection.4.3}{\376\377\116\343\210\150\140\047\127\372\170\100\152\041\127\127\154\342\137\142}{section.4}% 11
\BOOKMARK [1][-]{section.5}{\376\377\221\314\172\013\170\221\0002\377\032\224\376\137\017\217\320\173\227\126\150\226\306\142\020\116\016\174\373\176\337\116\377\167\037}{}% 12
\BOOKMARK [2][-]{subsection.5.1}{\376\377\224\376\137\017\217\320\173\227\126\150\166\204\162\354\172\313\133\236\163\260}{section.5}% 13
\BOOKMARK [2][-]{subsection.5.2}{\376\377\150\007\121\306\150\067\117\213\116\016\142\113\173\227\176\323\147\234}{section.5}% 14
\BOOKMARK [2][-]{subsection.5.3}{\376\377\174\373\176\337\116\377\167\037\176\323\147\234}{section.5}% 15
\BOOKMARK [2][-]{subsection.5.4}{\376\377\174\373\176\337\176\247\116\016\155\101\154\064\176\277\154\342\137\142}{section.5}% 16
\BOOKMARK [1][-]{section.6}{\376\377\221\314\172\013\170\221\0003\377\032\117\030\123\026\116\016\000\040\000V\000i\000v\000a\000d\000o\000\040\140\047\200\375\232\214\213\301}{}% 17
\BOOKMARK [2][-]{subsection.6.1}{\376\377\176\374\124\010\213\276\177\156}{section.6}% 18
\BOOKMARK [2][-]{subsection.6.2}{\376\377\116\073\126\333\176\304\215\104\156\220\116\016\145\366\136\217\133\371\153\324}{section.6}% 19
\BOOKMARK [2][-]{subsection.6.3}{\376\377\173\054\0005\176\304\377\032\127\050\173\054\0004\176\304\127\372\170\100\116\012\143\142\165\050\000\040\000D\000S\000P}{section.6}% 20
\BOOKMARK [1][-]{section.7}{\376\377\133\236\232\214\145\066\203\267}{}% 21
\BOOKMARK [1][-]{section.8}{\376\377\226\104\377\032\156\220\170\001\166\356\137\125}{}% 22
