Copyright 1986-2022 Xilinx, Inc. All Rights Reserved. Copyright 2022-2025 Advanced Micro Devices, Inc. All Rights Reserved.
-------------------------------------------------------------------------------------------------------------------------------------------------------------------------------------------------------------------------------
| Tool Version     : Vivado v.2025.1 (win64) Build 6140274 Thu May 22 00:12:29 MDT 2025
| Date             : Sun Apr 26 21:27:25 2026
| Host             : DESKTOP-JH0OJSQ running 64-bit major release  (build 9200)
| Command          : report_power -file cnn_compare_booth_simd_pipe_dsp_top_power_routed.rpt -pb cnn_compare_booth_simd_pipe_dsp_top_power_summary_routed.pb -rpx cnn_compare_booth_simd_pipe_dsp_top_power_routed.rpx
| Design           : cnn_compare_booth_simd_pipe_dsp_top
| Device           : xc7a200tfbg676-2
| Design State     : routed
| Grade            : commercial
| Process          : typical
| Characterization : Production
-------------------------------------------------------------------------------------------------------------------------------------------------------------------------------------------------------------------------------

Power Report

Table of Contents
-----------------
1. Summary
1.1 On-Chip Components
1.2 Power Supply Summary
1.3 Confidence Level
2. Settings
2.1 Environment
2.2 Clock Constraints
3. Detailed Reports
3.1 By Hierarchy

1. Summary
----------

+--------------------------+--------------+
| Total On-Chip Power (W)  | 0.481        |
| Design Power Budget (W)  | Unspecified* |
| Power Budget Margin (W)  | NA           |
| Dynamic (W)              | 0.350        |
| Device Static (W)        | 0.132        |
| Effective TJA (C/W)      | 1.9          |
| Max Ambient (C)          | 84.1         |
| Junction Temperature (C) | 25.9         |
| Confidence Level         | Low          |
| Setting File             | ---          |
| Simulation Activity File | ---          |
| Design Nets Matched      | NA           |
+--------------------------+--------------+
* Specify Design Power Budget using, set_operating_conditions -design_power_budget <value in Watts>


1.1 On-Chip Components
----------------------

+----------------+-----------+----------+-----------+-----------------+
| On-Chip        | Power (W) | Used     | Available | Utilization (%) |
+----------------+-----------+----------+-----------+-----------------+
| Clocks         |     0.008 |        3 |       --- |             --- |
| Slice Logic    |     0.035 |     2182 |       --- |             --- |
|   LUT as Logic |     0.031 |     1372 |    133800 |            1.03 |
|   CARRY4       |     0.003 |      228 |     33450 |            0.68 |
|   Register     |    <0.001 |      287 |    267600 |            0.11 |
|   Others       |     0.000 |      169 |       --- |             --- |
| Signals        |     0.087 |     3233 |       --- |             --- |
| DSPs           |     0.151 |       81 |       740 |           10.95 |
| I/O            |     0.068 |      308 |       400 |           77.00 |
| Static Power   |     0.132 |          |           |                 |
| Total          |     0.481 |          |           |                 |
+----------------+-----------+----------+-----------+-----------------+


1.2 Power Supply Summary
------------------------

+-----------+-------------+-----------+-------------+------------+-------------+-------------+------------+
| Source    | Voltage (V) | Total (A) | Dynamic (A) | Static (A) | Powerup (A) | Budget (A)  | Margin (A) |
+-----------+-------------+-----------+-------------+------------+-------------+-------------+------------+
| Vccint    |       1.000 |     0.314 |       0.283 |      0.031 |       NA    | Unspecified | NA         |
| Vccaux    |       1.800 |     0.039 |       0.008 |      0.031 |       NA    | Unspecified | NA         |
| Vcco33    |       3.300 |     0.000 |       0.000 |      0.000 |       NA    | Unspecified | NA         |
| Vcco25    |       2.500 |     0.000 |       0.000 |      0.000 |       NA    | Unspecified | NA         |
| Vcco18    |       1.800 |     0.033 |       0.028 |      0.005 |       NA    | Unspecified | NA         |
| Vcco15    |       1.500 |     0.000 |       0.000 |      0.000 |       NA    | Unspecified | NA         |
| Vcco135   |       1.350 |     0.000 |       0.000 |      0.000 |       NA    | Unspecified | NA         |
| Vcco12    |       1.200 |     0.000 |       0.000 |      0.000 |       NA    | Unspecified | NA         |
| Vccaux_io |       1.800 |     0.000 |       0.000 |      0.000 |       NA    | Unspecified | NA         |
| Vccbram   |       1.000 |     0.001 |       0.000 |      0.001 |       NA    | Unspecified | NA         |
| MGTAVcc   |       1.000 |     0.000 |       0.000 |      0.000 |       NA    | Unspecified | NA         |
| MGTAVtt   |       1.200 |     0.000 |       0.000 |      0.000 |       NA    | Unspecified | NA         |
| Vccadc    |       1.800 |     0.020 |       0.000 |      0.020 |       NA    | Unspecified | NA         |
+-----------+-------------+-----------+-------------+------------+-------------+-------------+------------+


1.3 Confidence Level
--------------------

+-----------------------------+------------+--------------------------------------------------------+------------------------------------------------------------------------------------------------------------+
| User Input Data             | Confidence | Details                                                | Action                                                                                                     |
+-----------------------------+------------+--------------------------------------------------------+------------------------------------------------------------------------------------------------------------+
| Design implementation state | High       | Design is routed                                       |                                                                                                            |
| Clock nodes activity        | High       | User specified more than 95% of clocks                 |                                                                                                            |
| I/O nodes activity          | Low        | More than 75% of inputs are missing user specification | Provide missing input activity with simulation results or by editing the "By Resource Type -> I/Os" view   |
| Internal nodes activity     | Medium     | User specified less than 25% of internal nodes         | Provide missing internal nodes activity with simulation results or by editing the "By Resource Type" views |
| Device models               | High       | Device models are Production                           |                                                                                                            |
|                             |            |                                                        |                                                                                                            |
| Overall confidence level    | Low        |                                                        |                                                                                                            |
+-----------------------------+------------+--------------------------------------------------------+------------------------------------------------------------------------------------------------------------+


2. Settings
-----------

2.1 Environment
---------------

+-----------------------+--------------------------+
| Ambient Temp (C)      | 25.0                     |
| ThetaJA (C/W)         | 1.9                      |
| Airflow (LFM)         | 250                      |
| Heat Sink             | medium (Medium Profile)  |
| ThetaSA (C/W)         | 3.4                      |
| Board Selection       | medium (10"x10")         |
| # of Board Layers     | 12to15 (12 to 15 Layers) |
| Board Temperature (C) | 25.0                     |
+-----------------------+--------------------------+


2.2 Clock Constraints
---------------------

+-------+--------+-----------------+
| Clock | Domain | Constraint (ns) |
+-------+--------+-----------------+
| clk   | clk    |             5.0 |
+-------+--------+-----------------+


3. Detailed Reports
-------------------

3.1 By Hierarchy
----------------

+------------------------------------------+-----------+
| Name                                     | Power (W) |
+------------------------------------------+-----------+
| cnn_compare_booth_simd_pipe_dsp_top      |     0.350 |
|   u_booth_simd_pipe_dsp                  |     0.257 |
|     u_conv                               |     0.235 |
|       gen_blk0_mul[0].gen_blk0_dsp.u_mul |     0.009 |
|       gen_blk0_mul[1].gen_blk0_dsp.u_mul |     0.009 |
|       gen_blk0_mul[2].gen_blk0_dsp.u_mul |     0.009 |
|       gen_blk0_mul[3].gen_blk0_dsp.u_mul |     0.009 |
|       gen_blk0_mul[4].gen_blk0_dsp.u_mul |     0.009 |
|       gen_blk0_mul[5].gen_blk0_dsp.u_mul |     0.009 |
|       gen_blk0_mul[6].gen_blk0_dsp.u_mul |     0.009 |
|       gen_blk0_mul[7].gen_blk0_dsp.u_mul |     0.009 |
|       gen_blk0_mul[8].gen_blk0_dsp.u_mul |     0.009 |
|       gen_blk1_mul[0].gen_blk1_dsp.u_mul |     0.011 |
|       gen_blk1_mul[1].gen_blk1_dsp.u_mul |     0.010 |
|       gen_blk1_mul[2].gen_blk1_dsp.u_mul |     0.009 |
|       gen_blk1_mul[3].gen_blk1_dsp.u_mul |     0.009 |
|       gen_blk1_mul[4].gen_blk1_dsp.u_mul |     0.009 |
|       gen_blk1_mul[5].gen_blk1_dsp.u_mul |     0.009 |
|       gen_blk1_mul[6].gen_blk1_dsp.u_mul |     0.009 |
|       gen_blk1_mul[7].gen_blk1_dsp.u_mul |     0.010 |
|       gen_blk1_mul[8].gen_blk1_dsp.u_mul |     0.010 |
|       gen_blk2_mul[0].gen_blk2_dsp.u_mul |     0.003 |
|       gen_blk2_mul[1].gen_blk2_dsp.u_mul |     0.002 |
|       gen_blk2_mul[2].gen_blk2_dsp.u_mul |     0.002 |
|       gen_blk2_mul[3].gen_blk2_dsp.u_mul |     0.002 |
|       gen_blk2_mul[4].gen_blk2_dsp.u_mul |     0.002 |
|       gen_blk2_mul[5].gen_blk2_dsp.u_mul |     0.002 |
|       gen_blk2_mul[6].gen_blk2_dsp.u_mul |     0.002 |
|       gen_blk2_mul[7].gen_blk2_dsp.u_mul |     0.002 |
|       gen_blk2_mul[8].gen_blk2_dsp.u_mul |     0.003 |
|     u_relu_blk0                          |     0.001 |
|     u_relu_blk1                          |     0.001 |
+------------------------------------------+-----------+


